\BOOKMARK [1][-]{section.1}{\376\377\217\331\116\375\145\207\150\143\140\016\116\110\213\373}{}% 1
\BOOKMARK [1][-]{section.2}{\376\377\137\072\123\026\133\146\116\140\147\000\127\372\147\054\166\204\145\105\116\213}{}% 2
\BOOKMARK [2][-]{subsection.2.1}{\376\377\137\072\123\026\133\146\116\140\116\015\146\057\040\034\166\364\143\245\176\331\173\124\150\110\040\035}{section.2}% 3
\BOOKMARK [2][-]{subsection.2.2}{\376\377\116\000\116\052\145\366\225\364\153\145\123\321\165\037\116\206\116\300\116\110}{section.2}% 4
\BOOKMARK [1][-]{section.3}{\376\377\162\266\140\001\060\001\211\302\155\113\060\001\122\250\117\134\060\001\131\126\122\261}{}% 5
\BOOKMARK [2][-]{subsection.3.1}{\376\377\162\266\140\001\124\214\211\302\155\113}{section.3}% 6
\BOOKMARK [2][-]{subsection.3.2}{\376\377\122\250\117\134}{section.3}% 7
\BOOKMARK [2][-]{subsection.3.3}{\376\377\131\126\122\261}{section.3}% 8
\BOOKMARK [1][-]{section.4}{\376\377\116\072\116\300\116\110\116\015\200\375\123\352\167\013\137\123\122\115\131\126\122\261}{}% 9
\BOOKMARK [2][-]{subsection.4.1}{\376\377\137\123\122\115\167\001\224\261\116\015\116\000\133\232\225\177\147\037\131\175}{section.4}% 10
\BOOKMARK [2][-]{subsection.4.2}{\376\377\000r\000e\000t\000u\000r\000n\000\040\146\057\116\300\116\110}{section.4}% 11
\BOOKMARK [1][-]{section.5}{\376\377\000Q\000\040\120\074\377\032\000c\000r\000i\000t\000i\000c\000\040\127\050\117\060\213\241\116\300\116\110}{}% 12
\BOOKMARK [2][-]{subsection.5.1}{\376\377\000Q\000\040\120\074\166\204\220\032\117\327\211\343\221\312}{section.5}% 13
\BOOKMARK [2][-]{subsection.5.2}{\376\377\116\072\116\300\116\110\000\040\000c\000r\000i\000t\000i\000c\000\040\227\000\211\201\167\013\200\124\124\010\122\250\117\134}{section.5}% 14
\BOOKMARK [1][-]{section.6}{\376\377\000B\000e\000l\000l\000m\000a\000n\000\040\145\271\172\013\124\214\000\040\000B\000e\000l\000l\000m\000a\000n\000\040\000t\000a\000r\000g\000e\000t}{}% 15
\BOOKMARK [2][-]{subsection.6.1}{\376\377\000B\000e\000l\000l\000m\000a\000n\000\040\145\271\172\013\166\204\166\364\211\311}{section.6}% 16
\BOOKMARK [2][-]{subsection.6.2}{\376\377\000B\000e\000l\000l\000m\000a\000n\000\040\000t\000a\000r\000g\000e\000t\000\040\146\057\116\300\116\110}{section.6}% 17
\BOOKMARK [2][-]{subsection.6.3}{\376\377\147\054\230\171\166\356\116\072\116\300\116\110\165\050\000\040\000n\000-\000s\000t\000e\000p\000\040\000t\000a\000r\000g\000e\000t}{section.6}% 18
\BOOKMARK [2][-]{subsection.6.4}{\376\377\000b\000o\000o\000t\000s\000t\000r\000a\000p\000\040\146\057\116\300\116\110}{section.6}% 19
\BOOKMARK [1][-]{section.7}{\376\377\000A\000c\000t\000o\000r\000\040\124\214\000\040\000c\000r\000i\000t\000i\000c}{}% 20
\BOOKMARK [2][-]{subsection.7.1}{\376\377\000A\000c\000t\000o\000r\377\032\215\037\215\043\120\132\122\250\117\134}{section.7}% 21
\BOOKMARK [2][-]{subsection.7.2}{\376\377\000C\000r\000i\000t\000i\000c\377\032\215\037\215\043\213\304\116\367\122\250\117\134}{section.7}% 22
\BOOKMARK [2][-]{subsection.7.3}{\376\377\000A\000c\000t\000o\000r\000\040\140\016\116\110\133\146\116\140}{section.7}% 23
\BOOKMARK [1][-]{section.8}{\376\377\000R\000e\000p\000l\000a\000y\000\040\000b\000u\000f\000f\000e\000r\377\032\116\072\116\300\116\110\211\201\133\130\176\317\232\214}{}% 24
\BOOKMARK [2][-]{subsection.8.1}{\376\377\000t\000r\000a\000n\000s\000i\000t\000i\000o\000n\000\040\146\057\116\300\116\110}{section.8}% 25
\BOOKMARK [2][-]{subsection.8.2}{\376\377\116\072\116\300\116\110\116\015\200\375\217\271\215\160\217\271\123\352\133\146\147\000\145\260\116\000\153\145}{section.8}% 26
\BOOKMARK [1][-]{section.9}{\376\377\000T\000D\0003\000\040\124\214\000\040\000M\000A\000T\000D\0003\377\032\230\171\166\356\173\227\154\325\232\250\147\266}{}% 27
\BOOKMARK [2][-]{subsection.9.1}{\376\377\000T\000D\0003\000\040\146\057\116\300\116\110}{section.9}% 28
\BOOKMARK [2][-]{subsection.9.2}{\376\377\000T\000a\000r\000g\000e\000t\000\040\000n\000e\000t\000w\000o\000r\000k\377\032\141\142\116\000\160\271\166\204\200\001\136\010}{section.9}% 29
\BOOKMARK [2][-]{subsection.9.3}{\376\377\000T\000a\000r\000g\000e\000t\000\040\000p\000o\000l\000i\000c\000y\000\040\000s\000m\000o\000o\000t\000h\000i\000n\000g}{section.9}% 30
\BOOKMARK [2][-]{subsection.9.4}{\376\377\000D\000e\000l\000a\000y\000e\000d\000\040\000a\000c\000t\000o\000r\000\040\000u\000p\000d\000a\000t\000e}{section.9}% 31
\BOOKMARK [1][-]{section.10}{\376\377\226\306\116\055\213\255\176\303\060\001\122\006\145\143\142\147\210\114\000\040\000C\000T\000D\000E}{}% 32
\BOOKMARK [2][-]{subsection.10.1}{\376\377\116\072\116\300\116\110\227\000\211\201\000\040\000C\000T\000D\000E}{section.10}% 33
\BOOKMARK [2][-]{subsection.10.2}{\376\377\000C\000T\000D\000E\000\040\166\204\131\175\131\004}{section.10}% 34
\BOOKMARK [1][-]{section.11}{\376\377\230\171\166\356\116\055\166\204\211\302\155\113\217\223\121\145}{}% 35
\BOOKMARK [2][-]{subsection.11.1}{\376\377\000A\000c\000t\000o\000r\000\040\217\223\121\145}{section.11}% 36
\BOOKMARK [2][-]{subsection.11.2}{\376\377\000C\000r\000i\000t\000i\000c\000\040\217\223\121\145}{section.11}% 37
\BOOKMARK [1][-]{section.12}{\376\377\230\171\166\356\116\055\166\204\122\250\117\134\124\016\131\004\164\006}{}% 38
\BOOKMARK [2][-]{subsection.12.1}{\376\377\116\072\116\300\116\110\000\040\000r\000a\000w\000\040\000a\000c\000t\000i\000o\000n\000\040\116\015\200\375\166\364\143\245\142\147\210\114}{section.12}% 39
\BOOKMARK [2][-]{subsection.12.2}{\376\377\165\065\154\140\122\250\117\134\146\040\134\004}{section.12}% 40
\BOOKMARK [1][-]{section.13}{\376\377\000P\000V\000\040\127\050\230\171\166\356\116\055\131\202\117\125\131\004\164\006}{}% 41
\BOOKMARK [2][-]{subsection.13.1}{\376\377\000P\000V\000\040\146\057\230\204\155\113\217\223\121\145\377\014\116\015\146\057\000\040\000a\000c\000t\000o\000r\000\040\122\033\220\040\121\372\147\145\166\204}{section.13}% 42
\BOOKMARK [2][-]{subsection.13.2}{\376\377\000P\000V\000\040\000a\000c\000t\000i\000o\000n\000\040\122\060\122\051\165\050\163\207}{section.13}% 43
\BOOKMARK [2][-]{subsection.13.3}{\376\377\000P\000V\000\040\131\202\117\125\137\161\124\315\121\300\215\037\203\167}{section.13}% 44
\BOOKMARK [2][-]{subsection.13.4}{\376\377\000P\000V\000\040\147\011\154\241\147\011\166\364\143\245\000\040\000r\000e\000w\000a\000r\000d\000\040\140\351\177\132}{section.13}% 45
\BOOKMARK [1][-]{section.14}{\376\377\230\171\166\356\000\040\000r\000e\000w\000a\000r\000d\000\040\000f\000u\000n\000c\000t\000i\000o\000n\000\040\220\020\230\171\211\343\221\312}{}% 46
\BOOKMARK [2][-]{subsection.14.1}{\376\377\140\073\121\154\137\017}{section.14}% 47
\BOOKMARK [2][-]{subsection.14.2}{\376\377\165\065\154\140\145\066\166\312}{section.14}% 48
\BOOKMARK [2][-]{subsection.14.3}{\376\377\000E\000V\000\040\121\105\165\065\142\020\147\054}{section.14}% 49
\BOOKMARK [2][-]{subsection.14.4}{\376\377\122\250\117\134\217\271\165\114\140\351\177\132}{section.14}% 50
\BOOKMARK [2][-]{subsection.14.5}{\376\377\000S\000o\000C\000\040\153\143\122\031\140\351\177\132}{section.14}% 51
\BOOKMARK [2][-]{subsection.14.6}{\376\377\000E\000V\000\040\000S\000o\000C\060\001\171\273\133\266\060\001\217\333\136\246\124\214\116\367\150\074\140\351\177\132}{section.14}% 52
\BOOKMARK [2][-]{subsection.14.7}{\376\377\000t\000h\000r\000o\000u\000g\000h\000p\000u\000t\000\040\000b\000o\000n\000u\000s}{section.14}% 53
\BOOKMARK [2][-]{subsection.14.8}{\376\377\165\065\177\121\133\211\121\150\140\351\177\132}{section.14}% 54
\BOOKMARK [1][-]{section.15}{\376\377\230\171\166\356\213\255\176\303\155\101\172\013}{}% 55
\BOOKMARK [2][-]{subsection.15.1}{\376\377\145\164\117\123\117\052\116\343\170\001}{section.15}% 56
\BOOKMARK [2][-]{subsection.15.2}{\376\377\143\242\175\042\126\152\130\360}{section.15}% 57
\BOOKMARK [2][-]{subsection.15.3}{\376\377\000C\000r\000i\000t\000i\000c\000\040\146\364\145\260\155\101\172\013}{section.15}% 58
\BOOKMARK [2][-]{subsection.15.4}{\376\377\000A\000c\000t\000o\000r\000\040\146\364\145\260\155\101\172\013}{section.15}% 59
\BOOKMARK [1][-]{section.16}{\376\377\000S\000a\000f\000e\000t\000y\000\040\000p\000e\000n\000a\000l\000t\000y\000\040\124\214\000\040\000s\000a\000f\000e\000t\000y\000\040\000p\000r\000o\000j\000e\000c\000t\000i\000o\000n}{}% 60
\BOOKMARK [2][-]{subsection.16.1}{\376\377\000S\000a\000f\000e\000t\000y\000\040\000p\000e\000n\000a\000l\000t\000y\377\032\116\213\124\016\142\143\122\006}{section.16}% 61
\BOOKMARK [2][-]{subsection.16.2}{\376\377\000S\000a\000f\000e\000t\000y\000\040\000p\000r\000o\000j\000e\000c\000t\000i\000o\000n\377\032\142\147\210\114\122\115\117\356\153\143}{section.16}% 62
\BOOKMARK [1][-]{section.17}{\376\377\000S\000a\000f\000e\000t\000y\000\040\000p\000r\000o\000j\000e\000c\000t\000i\000o\000n\000\040\131\202\117\125\133\236\163\260}{}% 63
\BOOKMARK [2][-]{subsection.17.1}{\376\377\142\225\137\161\123\330\221\317}{section.17}% 64
\BOOKMARK [2][-]{subsection.17.2}{\376\377\116\072\116\300\116\110\165\065\154\140\124\214\000\040\000P\000V\000\040\137\003\121\111\123\357\116\345\116\000\215\167\142\225\137\161}{section.17}% 65
\BOOKMARK [2][-]{subsection.17.3}{\376\377\160\165\145\117\136\246\167\351\226\065}{section.17}% 66
\BOOKMARK [2][-]{subsection.17.4}{\376\377\127\372\170\100\121\300\215\037\203\167}{section.17}% 67
\BOOKMARK [2][-]{subsection.17.5}{\376\377\176\246\147\137\121\231\142\020\000\040\000h\000a\000l\000f\000-\000s\000p\000a\000c\000e}{section.17}% 68
\BOOKMARK [2][-]{subsection.17.6}{\376\377\220\020\210\114\142\225\137\161\121\154\137\017}{section.17}% 69
\BOOKMARK [2][-]{subsection.17.7}{\376\377\142\225\137\161\124\016\166\204\122\250\117\134\217\154\126\336\000\040\000a\000c\000t\000o\000r\000\040\150\074\137\017}{section.17}% 70
\BOOKMARK [2][-]{subsection.17.8}{\376\377\000p\000r\000o\000j\000e\000c\000t\000i\000o\000n\000\040\166\204\116\343\116\367}{section.17}% 71
\BOOKMARK [1][-]{section.18}{\376\377\142\147\210\114\226\066\153\265\377\032\213\255\176\303\131\175\116\345\124\016\165\050\116\300\116\110}{}% 72
\BOOKMARK [1][-]{section.19}{\376\377\116\316\116\343\170\001\211\322\136\246\167\013\133\214\145\164\225\355\163\257}{}% 73
\BOOKMARK [1][-]{section.20}{\376\377\136\070\211\301\124\015\213\315\134\017\213\315\121\170}{}% 74
\BOOKMARK [1][-]{section.21}{\376\377\140\073\176\323}{}% 75
