\BOOKMARK [1][-]{section.1}{\376\377\121\110\116\015\167\013\121\154\137\017\377\032\000M\000P\000C\000\040\122\060\136\225\127\050\120\132\116\300\116\110}{}% 1
\BOOKMARK [1][-]{section.2}{\376\377\117\030\123\026\225\356\230\230\146\057\116\300\116\110\377\032\176\331\133\214\121\150\154\241\133\146\217\307\173\227\154\325\166\204\213\373\200\005}{}% 2
\BOOKMARK [2][-]{subsection.2.1}{\376\377\121\263\173\126\123\330\221\317\377\032\143\247\122\066\126\150\142\113\221\314\166\204\145\313\224\256}{section.2}% 3
\BOOKMARK [2][-]{subsection.2.2}{\376\377\176\246\147\137\147\141\116\366\377\032\162\151\164\006\116\026\165\114\166\204\217\271\165\114}{section.2}% 4
\BOOKMARK [2][-]{subsection.2.3}{\376\377\166\356\150\007\121\375\145\160\377\032\116\300\116\110\123\353\040\034\147\000\131\175\040\035}{section.2}% 5
\BOOKMARK [2][-]{subsection.2.4}{\376\377\213\373\000\040\000M\000P\000C\000\040\121\154\137\017\166\204\134\017\142\200\135\347}{section.2}% 6
\BOOKMARK [1][-]{section.3}{\376\377\000M\000P\000C\000\040\124\214\000\040\000R\000u\000l\000e\000-\000b\000a\000s\000e\000d\000\040\166\204\123\072\122\053}{}% 7
\BOOKMARK [1][-]{section.4}{\376\377\147\054\230\171\166\356\116\055\166\204\116\044\171\315\000\040\000M\000P\000C}{}% 8
\BOOKMARK [1][-]{section.5}{\376\377\173\046\123\367\213\364\146\016}{}% 9
\BOOKMARK [1][-]{section.6}{\376\377\000L\000o\000c\000a\000l\000\040\000M\000P\000C\377\032\153\317\116\052\165\050\142\067\201\352\135\361\211\304\122\022}{}% 10
\BOOKMARK [2][-]{subsection.6.1}{\376\377\000L\000o\000c\000a\000l\000\040\000M\000P\000C\000\040\116\000\153\145\116\000\153\145\120\132\116\300\116\110}{section.6}% 11
\BOOKMARK [2][-]{subsection.6.2}{\376\377\116\072\116\300\116\110\165\065\154\140\211\201\142\306\142\020\121\105\165\065\124\214\145\076\165\065}{section.6}% 12
\BOOKMARK [2][-]{subsection.6.3}{\376\377\227\131\140\001\165\065\154\140\176\246\147\137}{section.6}% 13
\BOOKMARK [2][-]{subsection.6.4}{\376\377\000P\000V\000\040\127\050\000\040\000M\000P\000C\000\040\116\055\131\202\117\125\131\004\164\006}{section.6}% 14
\BOOKMARK [2][-]{subsection.6.5}{\376\377\000E\000V\000\040\176\246\147\137}{section.6}% 15
\BOOKMARK [2][-]{subsection.6.6}{\376\377\134\100\220\350\122\237\163\207\136\163\210\141}{section.6}% 16
\BOOKMARK [2][-]{subsection.6.7}{\376\377\000L\000o\000c\000a\000l\000\040\000M\000P\000C\000\040\166\204\166\356\150\007\121\375\145\160}{section.6}% 17
\BOOKMARK [2][-]{subsection.6.8}{\376\377\000L\000o\000c\000a\000l\000\040\000M\000P\000C\000\040\166\204\117\030\160\271\124\214\134\100\226\120}{section.6}% 18
\BOOKMARK [1][-]{section.7}{\376\377\000A\000D\000M\000M\000\040\000M\000P\000C\377\032\213\251\131\032\116\052\165\050\142\067\217\271\201\352\171\301\217\271\123\117\214\003}{}% 19
\BOOKMARK [2][-]{subsection.7.1}{\376\377\116\072\116\300\116\110\227\000\211\201\000\040\000A\000D\000M\000M}{section.7}% 20
\BOOKMARK [2][-]{subsection.7.2}{\376\377\121\110\165\050\145\105\116\213\164\006\211\343\000\040\000A\000D\000M\000M}{section.7}% 21
\BOOKMARK [2][-]{subsection.7.3}{\376\377\000A\000D\000M\000M\000\040\116\055\116\011\116\052\145\260\151\202\137\365}{section.7}% 22
\BOOKMARK [2][-]{subsection.7.4}{\376\377\210\253\123\117\214\003\166\204\221\317\377\032\121\300\215\037\203\167\215\041\163\056}{section.7}% 23
\BOOKMARK [2][-]{subsection.7.5}{\376\377\134\100\220\350\133\120\225\356\230\230\377\032\153\317\116\052\000\040\000a\000g\000e\000n\000t\000\040\140\016\150\067\210\253\123\117\214\003}{section.7}% 24
\BOOKMARK [2][-]{subsection.7.6}{\376\377\200\132\124\010\142\225\137\161\377\032\142\212\140\073\122\237\163\207\142\311\126\336\133\211\121\150\203\003\126\364}{section.7}% 25
\BOOKMARK [2][-]{subsection.7.7}{\376\377\133\371\120\166\123\330\221\317\146\364\145\260\377\032\213\260\117\117\120\117\135\356}{section.7}% 26
\BOOKMARK [2][-]{subsection.7.8}{\376\377\116\300\116\110\145\366\120\031\120\134\153\142\217\355\116\343}{section.7}% 27
\BOOKMARK [2][-]{subsection.7.9}{\376\377\173\054\116\000\153\145\122\250\117\134\142\225\137\161\377\032\116\072\116\300\116\110\217\330\211\201\121\215\117\356\116\000\153\041}{section.7}% 28
\BOOKMARK [2][-]{subsection.7.10}{\376\377\000A\000D\000M\000M\000\040\000M\000P\000C\000\040\166\204\117\030\160\271\124\214\134\100\226\120}{section.7}% 29
\BOOKMARK [1][-]{section.8}{\376\377\000s\000o\000f\000t\000\040\124\214\000\040\000h\000a\000r\000d\000\040\152\041\137\017\377\032\122\060\136\225\217\157\127\050\124\352\221\314\377\014\170\154\127\050\124\352\221\314}{}% 30
\BOOKMARK [2][-]{subsection.8.1}{\376\377\121\110\176\331\150\070\137\303\166\364\211\311}{section.8}% 31
\BOOKMARK [2][-]{subsection.8.2}{\376\377\000s\000o\000f\000t\000\040\152\041\137\017\166\204\145\160\133\146\210\150\217\276}{section.8}% 32
\BOOKMARK [2][-]{subsection.8.3}{\376\377\000h\000a\000r\000d\000\040\152\041\137\017\127\050\147\054\230\171\166\356\000\040\000M\000P\000C\000\040\116\055\166\204\133\236\163\260}{section.8}% 33
\BOOKMARK [2][-]{subsection.8.4}{\376\377\000h\000a\000r\000d\000\040\000p\000r\000o\000j\000e\000c\000t\000i\000o\000n\000\040\140\016\116\110\173\227}{section.8}% 34
\BOOKMARK [2][-]{subsection.8.5}{\376\377\000s\000o\000f\000t\000\040\124\214\000\040\000h\000a\000r\000d\000\040\210\114\116\072\135\356\137\002}{section.8}% 35
\BOOKMARK [1][-]{section.9}{\376\377\000L\000o\000c\000a\000l\000\040\000M\000P\000C\000\040\124\214\000\040\000A\000D\000M\000M\000\040\000M\000P\000C\000\040\127\050\000\040\000s\000o\000f\000t\000/\000h\000a\000r\000d\000\040\116\013\166\204\133\371\153\324}{}% 36
\BOOKMARK [1][-]{section.10}{\376\377\000G\000l\000o\000b\000a\000l\000\040\000M\000I\000S\000O\000C\000P\000\040\124\214\116\044\171\315\000\040\000M\000P\000C\000\040\166\204\121\163\174\373}{}% 37
\BOOKMARK [1][-]{section.11}{\376\377\116\316\226\366\127\372\170\100\211\322\136\246\140\073\176\323}{}% 38
