\BOOKMARK [1][-]{section.1}{\376\377\121\110\136\372\172\313\166\364\211\311\377\032\217\331\116\052\230\171\166\356\122\060\136\225\127\050\143\247\122\066\116\300\116\110}{}% 1
\BOOKMARK [1][-]{section.2}{\376\377\127\372\147\054\173\046\123\367\124\214\123\125\117\115}{}% 2
\BOOKMARK [1][-]{section.3}{\376\377\000E\000V\000\040\146\057\124\046\127\050\133\266\166\204\145\366\225\364\211\304\122\031}{}% 3
\BOOKMARK [1][-]{section.4}{\376\377\000R\000u\000l\000e\000-\000b\000a\000s\000e\000d\000\040\145\340\165\065\154\140\162\110\147\054}{}% 4
\BOOKMARK [2][-]{subsection.4.1}{\376\377\150\070\137\303\140\035\140\363}{section.4}% 5
\BOOKMARK [2][-]{subsection.4.2}{\376\377\116\072\116\300\116\110\217\331\116\052\211\304\122\031\173\200\123\125\117\106\116\015\200\152\146\016}{section.4}% 6
\BOOKMARK [1][-]{section.5}{\376\377\000R\000u\000l\000e\000-\000b\000a\000s\000e\000d\000\040\147\011\165\065\154\140\162\110\147\054}{}% 7
\BOOKMARK [2][-]{subsection.5.1}{\376\377\150\070\137\303\140\035\140\363}{section.5}% 8
\BOOKMARK [2][-]{subsection.5.2}{\376\377\217\333\123\343\165\065\116\367}{section.5}% 9
\BOOKMARK [2][-]{subsection.5.3}{\376\377\116\367\150\074\122\006\117\115\145\160\226\010\120\074}{section.5}% 10
\BOOKMARK [2][-]{subsection.5.4}{\376\377\165\065\154\140\122\237\163\207\211\304\122\031}{section.5}% 11
\BOOKMARK [2][-]{subsection.5.5}{\376\377\131\007\165\050\211\304\122\031\377\032\116\055\117\115\145\160\116\044\153\265\137\017}{section.5}% 12
\BOOKMARK [1][-]{section.6}{\376\377\116\316\122\237\163\207\213\367\154\102\122\060\163\257\130\203\122\250\117\134}{}% 13
\BOOKMARK [2][-]{subsection.6.1}{\376\377\165\065\154\140\122\250\117\134}{section.6}% 14
\BOOKMARK [2][-]{subsection.6.2}{\376\377\000P\000V\000\040\122\250\117\134}{section.6}% 15
\BOOKMARK [2][-]{subsection.6.3}{\376\377\000E\000V\000\040\122\250\117\134}{section.6}% 16
\BOOKMARK [1][-]{section.7}{\376\377\165\065\154\140\124\214\000\040\000E\000V\000\040\166\204\162\151\164\006\162\266\140\001\146\364\145\260}{}% 17
\BOOKMARK [2][-]{subsection.7.1}{\376\377\227\131\140\001\165\065\154\140\000\040\000S\000o\000C\000\040\146\364\145\260}{section.7}% 18
\BOOKMARK [2][-]{subsection.7.2}{\376\377\000E\000V\000\040\000S\000o\000C\000\040\146\364\145\260}{section.7}% 19
\BOOKMARK [1][-]{section.8}{\376\377\121\300\215\037\203\167\060\001\157\156\155\101\124\214\165\065\177\121\133\211\121\150}{}% 20
\BOOKMARK [2][-]{subsection.8.1}{\376\377\123\125\116\052\165\050\142\067\166\204\121\300\215\037\203\167}{section.8}% 21
\BOOKMARK [2][-]{subsection.8.2}{\376\377\121\231\121\145\000\040\000p\000a\000n\000d\000a\000p\000o\000w\000e\000r\000\040\177\121\176\334}{section.8}% 22
\BOOKMARK [2][-]{subsection.8.3}{\376\377\165\065\123\213\176\246\147\137}{section.8}% 23
\BOOKMARK [2][-]{subsection.8.4}{\376\377\176\277\215\357\124\214\123\330\123\213\126\150\176\246\147\137}{section.8}% 24
\BOOKMARK [1][-]{section.9}{\376\377\176\317\155\116\230\171\377\032\165\065\154\140\145\066\166\312\060\001\000E\000V\000\040\142\020\147\054\124\214\140\073\142\020\147\054}{}% 25
\BOOKMARK [2][-]{subsection.9.1}{\376\377\165\065\154\140\120\250\200\375\145\066\166\312}{section.9}% 26
\BOOKMARK [2][-]{subsection.9.2}{\376\377\000E\000V\000\040\121\105\165\065\142\020\147\054}{section.9}% 27
\BOOKMARK [2][-]{subsection.9.3}{\376\377\140\073\142\020\147\054}{section.9}% 28
\BOOKMARK [1][-]{section.10}{\376\377\133\214\145\164\173\227\154\325\155\101\172\013}{}% 29
\BOOKMARK [2][-]{subsection.10.1}{\376\377\145\340\165\065\154\140\000\040\000R\000u\000l\000e\000-\000b\000a\000s\000e\000d}{section.10}% 30
\BOOKMARK [2][-]{subsection.10.2}{\376\377\147\011\165\065\154\140\000\040\000R\000u\000l\000e\000-\000b\000a\000s\000e\000d}{section.10}% 31
\BOOKMARK [1][-]{section.11}{\376\377\133\203\124\214\000\040\000D\000R\000L\000/\000M\000A\000D\000R\000L\000\040\166\204\123\072\122\053}{}% 32
\BOOKMARK [1][-]{section.12}{\376\377\116\000\116\052\145\160\133\127\117\213\133\120}{}% 33
\BOOKMARK [1][-]{section.13}{\376\377\226\005\213\373\116\343\170\001\145\366\136\224\213\345\142\223\117\117\166\204\116\073\176\277}{}% 34
\BOOKMARK [1][-]{section.14}{\376\377\140\073\176\323}{}% 35
