
Training:   0%|          | 0/672000 [00:00<?, ?step/s]
Training:   0%|          | 2688/672000 [00:29<2:02:37, 90.97step/s, avg_reward=-106.32, steps/s=91.0, act_ms=23.93, env_ms=19.84, upd_ms=0.00, eta=7357.6s]
Training:   0%|          | 2688/672000 [00:40<2:02:37, 90.97step/s, avg_reward=-106.32, steps/s=91.0, act_ms=23.93, env_ms=19.84, upd_ms=0.00, eta=7357.6s]
Training:   1%|          | 5376/672000 [00:58<2:01:18, 91.59step/s, avg_reward=-138.43, steps/s=91.5, act_ms=23.86, env_ms=19.66, upd_ms=0.00, eta=7285.8s]
Training:   1%|          | 5376/672000 [01:10<2:01:18, 91.59step/s, avg_reward=-138.43, steps/s=91.5, act_ms=23.86, env_ms=19.66, upd_ms=0.00, eta=7285.8s]
Training:   1%|          | 8064/672000 [02:06<3:12:56, 57.35step/s, avg_reward=-104.33, steps/s=63.8, act_ms=23.55, env_ms=19.53, upd_ms=58.36, eta=10413.1s]
Training:   1%|          | 8064/672000 [02:20<3:12:56, 57.35step/s, avg_reward=-104.33, steps/s=63.8, act_ms=23.55, env_ms=19.53, upd_ms=58.36, eta=10413.1s]
Training:   2%|▏         | 10752/672000 [03:55<4:52:01, 37.74step/s, avg_reward=-108.10, steps/s=45.7, act_ms=23.40, env_ms=19.48, upd_ms=88.75, eta=14455.3s]
Training:   2%|▏         | 10752/672000 [04:10<4:52:01, 37.74step/s, avg_reward=-108.10, steps/s=45.7, act_ms=23.40, env_ms=19.48, upd_ms=88.75, eta=14455.3s]
Training:   2%|▏         | 13440/672000 [05:44<5:46:40, 31.66step/s, avg_reward=-110.50, steps/s=39.0, act_ms=23.48, env_ms=19.09, upd_ms=99.46, eta=16865.1s]
Training:   2%|▏         | 13440/672000 [06:00<5:46:40, 31.66step/s, avg_reward=-110.50, steps/s=39.0, act_ms=23.48, env_ms=19.09, upd_ms=99.46, eta=16865.1s]
Training:   2%|▏         | 16128/672000 [07:32<6:18:11, 28.90step/s, avg_reward=-97.21, steps/s=35.6, act_ms=23.47, env_ms=18.96, upd_ms=104.56, eta=18417.9s]
Training:   2%|▏         | 16128/672000 [07:50<6:18:11, 28.90step/s, avg_reward=-97.21, steps/s=35.6, act_ms=23.47, env_ms=18.96, upd_ms=104.56, eta=18417.9s]
Training:   3%|▎         | 18816/672000 [09:19<6:35:06, 27.55step/s, avg_reward=-97.50, steps/s=33.6, act_ms=23.39, env_ms=18.87, upd_ms=107.19, eta=19434.7s]
Training:   3%|▎         | 18816/672000 [09:30<6:35:06, 27.55step/s, avg_reward=-97.50, steps/s=33.6, act_ms=23.39, env_ms=18.87, upd_ms=107.19, eta=19434.7s]
Training:   3%|▎         | 21504/672000 [11:06<6:44:46, 26.78step/s, avg_reward=-96.42, steps/s=32.3, act_ms=23.29, env_ms=18.81, upd_ms=108.84, eta=20152.6s]
Training:   3%|▎         | 21504/672000 [11:20<6:44:46, 26.78step/s, avg_reward=-96.42, steps/s=32.3, act_ms=23.29, env_ms=18.81, upd_ms=108.84, eta=20152.6s]
Training:   4%|▎         | 24192/672000 [12:52<6:50:28, 26.30step/s, avg_reward=-105.22, steps/s=31.3, act_ms=23.23, env_ms=18.77, upd_ms=109.97, eta=20683.9s]
Training:   4%|▎         | 24192/672000 [13:10<6:50:28, 26.30step/s, avg_reward=-105.22, steps/s=31.3, act_ms=23.23, env_ms=18.77, upd_ms=109.97, eta=20683.9s]
Training:   4%|▍         | 26880/672000 [14:38<6:53:05, 26.03step/s, avg_reward=-112.69, steps/s=30.6, act_ms=23.14, env_ms=18.69, upd_ms=110.82, eta=21074.9s]
Training:   4%|▍         | 26880/672000 [14:50<6:53:05, 26.03step/s, avg_reward=-112.69, steps/s=30.6, act_ms=23.14, env_ms=18.69, upd_ms=110.82, eta=21074.9s]
Training:   4%|▍         | 29568/672000 [16:24<6:55:00, 25.80step/s, avg_reward=-106.53, steps/s=30.0, act_ms=23.08, env_ms=18.68, upd_ms=111.49, eta=21387.8s]
Training:   4%|▍         | 29568/672000 [16:40<6:55:00, 25.80step/s, avg_reward=-106.53, steps/s=30.0, act_ms=23.08, env_ms=18.68, upd_ms=111.49, eta=21387.8s]
Training:   5%|▍         | 32256/672000 [18:09<6:53:59, 25.76step/s, avg_reward=-97.22, steps/s=29.6, act_ms=23.00, env_ms=18.65, upd_ms=111.88, eta=21601.7s] 
Training:   5%|▍         | 32256/672000 [18:20<6:53:59, 25.76step/s, avg_reward=-97.22, steps/s=29.6, act_ms=23.00, env_ms=18.65, upd_ms=111.88, eta=21601.7s]
Training:   5%|▌         | 34944/672000 [19:53<6:52:16, 25.75step/s, avg_reward=-89.55, steps/s=29.3, act_ms=22.93, env_ms=18.62, upd_ms=112.15, eta=21759.4s]
Training:   5%|▌         | 34944/672000 [20:11<6:52:16, 25.75step/s, avg_reward=-89.55, steps/s=29.3, act_ms=22.93, env_ms=18.62, upd_ms=112.15, eta=21759.4s]
Training:   6%|▌         | 37632/672000 [21:38<6:51:20, 25.70step/s, avg_reward=-83.65, steps/s=29.0, act_ms=22.88, env_ms=18.59, upd_ms=112.44, eta=21890.6s]
Training:   6%|▌         | 37632/672000 [21:51<6:51:20, 25.70step/s, avg_reward=-83.65, steps/s=29.0, act_ms=22.88, env_ms=18.59, upd_ms=112.44, eta=21890.6s]
Training:   6%|▌         | 40320/672000 [23:23<6:49:36, 25.70step/s, avg_reward=-81.06, steps/s=28.7, act_ms=22.85, env_ms=18.60, upd_ms=112.57, eta=21983.3s]
Training:   6%|▌         | 40320/672000 [23:41<6:49:36, 25.70step/s, avg_reward=-81.06, steps/s=28.7, act_ms=22.85, env_ms=18.60, upd_ms=112.57, eta=21983.3s]
Training:   6%|▋         | 43008/672000 [25:08<6:48:13, 25.68step/s, avg_reward=-80.63, steps/s=28.5, act_ms=22.81, env_ms=18.60, upd_ms=112.76, eta=22055.5s]
Training:   6%|▋         | 43008/672000 [25:21<6:48:13, 25.68step/s, avg_reward=-80.63, steps/s=28.5, act_ms=22.81, env_ms=18.60, upd_ms=112.76, eta=22055.5s]
Training:   7%|▋         | 45696/672000 [26:53<6:46:50, 25.66step/s, avg_reward=-67.68, steps/s=28.3, act_ms=22.77, env_ms=18.55, upd_ms=112.99, eta=22108.4s]
Training:   7%|▋         | 45696/672000 [27:11<6:46:50, 25.66step/s, avg_reward=-67.68, steps/s=28.3, act_ms=22.77, env_ms=18.55, upd_ms=112.99, eta=22108.4s]
Training:   7%|▋         | 48384/672000 [28:38<6:45:24, 25.64step/s, avg_reward=-75.66, steps/s=28.2, act_ms=22.72, env_ms=18.56, upd_ms=113.14, eta=22144.3s]
Training:   7%|▋         | 48384/672000 [28:51<6:45:24, 25.64step/s, avg_reward=-75.66, steps/s=28.2, act_ms=22.72, env_ms=18.56, upd_ms=113.14, eta=22144.3s]
Training:   8%|▊         | 51072/672000 [30:23<6:43:53, 25.62step/s, avg_reward=-83.96, steps/s=28.0, act_ms=22.69, env_ms=18.56, upd_ms=113.28, eta=22165.6s]
Training:   8%|▊         | 51072/672000 [30:41<6:43:53, 25.62step/s, avg_reward=-83.96, steps/s=28.0, act_ms=22.69, env_ms=18.56, upd_ms=113.28, eta=22165.6s]
Training:   8%|▊         | 53760/672000 [32:07<6:41:40, 25.65step/s, avg_reward=-78.27, steps/s=27.9, act_ms=22.64, env_ms=18.54, upd_ms=113.41, eta=22167.8s]
Training:   8%|▊         | 53760/672000 [32:21<6:41:40, 25.65step/s, avg_reward=-78.27, steps/s=27.9, act_ms=22.64, env_ms=18.54, upd_ms=113.41, eta=22167.8s]
Training:   8%|▊         | 56448/672000 [33:52<6:40:17, 25.63step/s, avg_reward=-75.70, steps/s=27.8, act_ms=22.61, env_ms=18.54, upd_ms=113.51, eta=22166.5s]
Training:   8%|▊         | 56448/672000 [34:11<6:40:17, 25.63step/s, avg_reward=-75.70, steps/s=27.8, act_ms=22.61, env_ms=18.54, upd_ms=113.51, eta=22166.5s]
Training:   9%|▉         | 59136/672000 [35:37<6:38:19, 25.64step/s, avg_reward=-64.68, steps/s=27.7, act_ms=22.59, env_ms=18.52, upd_ms=113.62, eta=22151.5s]
Training:   9%|▉         | 59136/672000 [35:51<6:38:19, 25.64step/s, avg_reward=-64.68, steps/s=27.7, act_ms=22.59, env_ms=18.52, upd_ms=113.62, eta=22151.5s]
Training:   9%|▉         | 61824/672000 [37:22<6:37:11, 25.60step/s, avg_reward=-57.71, steps/s=27.6, act_ms=22.57, env_ms=18.51, upd_ms=113.73, eta=22135.3s]
Training:   9%|▉         | 61824/672000 [37:41<6:37:11, 25.60step/s, avg_reward=-57.71, steps/s=27.6, act_ms=22.57, env_ms=18.51, upd_ms=113.73, eta=22135.3s]
Training:  10%|▉         | 64512/672000 [39:07<6:35:31, 25.60step/s, avg_reward=-56.62, steps/s=27.5, act_ms=22.53, env_ms=18.53, upd_ms=113.82, eta=22108.9s]
Training:  10%|▉         | 64512/672000 [39:21<6:35:31, 25.60step/s, avg_reward=-56.62, steps/s=27.5, act_ms=22.53, env_ms=18.53, upd_ms=113.82, eta=22108.9s]
Training:  10%|█         | 67200/672000 [40:52<6:33:31, 25.61step/s, avg_reward=-60.26, steps/s=27.4, act_ms=22.51, env_ms=18.52, upd_ms=113.89, eta=22073.7s]
Training:  10%|█         | 67200/672000 [41:11<6:33:31, 25.61step/s, avg_reward=-60.26, steps/s=27.4, act_ms=22.51, env_ms=18.52, upd_ms=113.89, eta=22073.7s]
Training:  10%|█         | 69888/672000 [42:27<6:20:37, 26.36step/s, avg_reward=-59.92, steps/s=27.4, act_ms=22.39, env_ms=18.50, upd_ms=113.46, eta=21948.7s]
Training:  10%|█         | 69888/672000 [42:42<6:20:37, 26.36step/s, avg_reward=-59.92, steps/s=27.4, act_ms=22.39, env_ms=18.50, upd_ms=113.46, eta=21948.7s]
Training:  11%|█         | 72576/672000 [43:55<6:03:25, 27.49step/s, avg_reward=-69.92, steps/s=27.5, act_ms=22.23, env_ms=18.45, upd_ms=112.75, eta=21768.6s]
Training:  11%|█         | 72576/672000 [44:12<6:03:25, 27.49step/s, avg_reward=-69.92, steps/s=27.5, act_ms=22.23, env_ms=18.45, upd_ms=112.75, eta=21768.6s]
Training:  11%|█         | 75264/672000 [45:22<5:50:06, 28.41step/s, avg_reward=-72.16, steps/s=27.6, act_ms=22.05, env_ms=18.41, upd_ms=112.08, eta=21588.8s]
Training:  11%|█         | 75264/672000 [45:42<5:50:06, 28.41step/s, avg_reward=-72.16, steps/s=27.6, act_ms=22.05, env_ms=18.41, upd_ms=112.08, eta=21588.8s]
Training:  12%|█▏        | 77952/672000 [46:49<5:40:02, 29.12step/s, avg_reward=-79.03, steps/s=27.7, act_ms=21.89, env_ms=18.36, upd_ms=111.44, eta=21413.1s]
Training:  12%|█▏        | 77952/672000 [47:02<5:40:02, 29.12step/s, avg_reward=-79.03, steps/s=27.7, act_ms=21.89, env_ms=18.36, upd_ms=111.44, eta=21413.1s]
Training:  12%|█▏        | 80640/672000 [48:16<5:32:42, 29.62step/s, avg_reward=-72.92, steps/s=27.8, act_ms=21.74, env_ms=18.31, upd_ms=110.86, eta=21244.0s]
Training:  12%|█▏        | 80640/672000 [48:32<5:32:42, 29.62step/s, avg_reward=-72.92, steps/s=27.8, act_ms=21.74, env_ms=18.31, upd_ms=110.86, eta=21244.0s]
Training:  12%|█▏        | 83328/672000 [49:44<5:27:25, 29.96step/s, avg_reward=-65.16, steps/s=27.9, act_ms=21.59, env_ms=18.27, upd_ms=110.34, eta=21082.0s]
Training:  12%|█▏        | 83328/672000 [50:02<5:27:25, 29.96step/s, avg_reward=-65.16, steps/s=27.9, act_ms=21.59, env_ms=18.27, upd_ms=110.34, eta=21082.0s]
Training:  13%|█▎        | 86016/672000 [51:11<5:23:17, 30.21step/s, avg_reward=-66.01, steps/s=28.0, act_ms=21.44, env_ms=18.22, upd_ms=109.86, eta=20924.6s]
Training:  13%|█▎        | 86016/672000 [51:22<5:23:17, 30.21step/s, avg_reward=-66.01, steps/s=28.0, act_ms=21.44, env_ms=18.22, upd_ms=109.86, eta=20924.6s]
Training:  13%|█▎        | 88704/672000 [52:38<5:19:36, 30.42step/s, avg_reward=-65.37, steps/s=28.1, act_ms=21.31, env_ms=18.19, upd_ms=109.37, eta=20769.1s]
Training:  13%|█▎        | 88704/672000 [52:52<5:19:36, 30.42step/s, avg_reward=-65.37, steps/s=28.1, act_ms=21.31, env_ms=18.19, upd_ms=109.37, eta=20769.1s]
Training:  14%|█▎        | 91392/672000 [54:05<5:17:04, 30.52step/s, avg_reward=-70.25, steps/s=28.2, act_ms=21.19, env_ms=18.17, upd_ms=108.94, eta=20620.6s]
Training:  14%|█▎        | 91392/672000 [54:22<5:17:04, 30.52step/s, avg_reward=-70.25, steps/s=28.2, act_ms=21.19, env_ms=18.17, upd_ms=108.94, eta=20620.6s]
Training:  14%|█▍        | 94080/672000 [55:34<5:16:36, 30.42step/s, avg_reward=-77.09, steps/s=28.2, act_ms=21.10, env_ms=18.15, upd_ms=108.56, eta=20485.4s]
Training:  14%|█▍        | 94080/672000 [55:52<5:16:36, 30.42step/s, avg_reward=-77.09, steps/s=28.2, act_ms=21.10, env_ms=18.15, upd_ms=108.56, eta=20485.4s]
Training:  14%|█▍        | 96768/672000 [57:02<5:14:42, 30.46step/s, avg_reward=-85.74, steps/s=28.3, act_ms=21.00, env_ms=18.13, upd_ms=108.19, eta=20346.6s]
Training:  14%|█▍        | 96768/672000 [57:22<5:14:42, 30.46step/s, avg_reward=-85.74, steps/s=28.3, act_ms=21.00, env_ms=18.13, upd_ms=108.19, eta=20346.6s]
Training:  15%|█▍        | 99456/672000 [58:31<5:14:09, 30.37step/s, avg_reward=-91.04, steps/s=28.3, act_ms=20.93, env_ms=18.13, upd_ms=107.84, eta=20217.1s]
Training:  15%|█▍        | 99456/672000 [58:42<5:14:09, 30.37step/s, avg_reward=-91.04, steps/s=28.3, act_ms=20.93, env_ms=18.13, upd_ms=107.84, eta=20217.1s]
Training:  15%|█▌        | 102144/672000 [1:00:04<5:17:26, 29.92step/s, avg_reward=-91.99, steps/s=28.3, act_ms=20.85, env_ms=18.11, upd_ms=107.70, eta=20111.5s]
Training:  15%|█▌        | 102144/672000 [1:00:22<5:17:26, 29.92step/s, avg_reward=-91.99, steps/s=28.3, act_ms=20.85, env_ms=18.11, upd_ms=107.70, eta=20111.5s]
Training:  16%|█▌        | 104832/672000 [1:01:32<5:14:06, 30.09step/s, avg_reward=-90.58, steps/s=28.4, act_ms=20.73, env_ms=18.05, upd_ms=107.46, eta=19980.0s]
Training:  16%|█▌        | 104832/672000 [1:01:52<5:14:06, 30.09step/s, avg_reward=-90.58, steps/s=28.4, act_ms=20.73, env_ms=18.05, upd_ms=107.46, eta=19980.0s]
Training:  16%|█▌        | 107520/672000 [1:02:58<5:08:53, 30.46step/s, avg_reward=-84.95, steps/s=28.5, act_ms=20.60, env_ms=18.00, upd_ms=107.16, eta=19838.4s]
Training:  16%|█▌        | 107520/672000 [1:03:13<5:08:53, 30.46step/s, avg_reward=-84.95, steps/s=28.5, act_ms=20.60, env_ms=18.00, upd_ms=107.16, eta=19838.4s]
Training:  16%|█▋        | 110208/672000 [1:04:23<5:04:16, 30.77step/s, avg_reward=-79.07, steps/s=28.5, act_ms=20.47, env_ms=17.96, upd_ms=106.85, eta=19696.9s]
Training:  16%|█▋        | 110208/672000 [1:04:43<5:04:16, 30.77step/s, avg_reward=-79.07, steps/s=28.5, act_ms=20.47, env_ms=17.96, upd_ms=106.85, eta=19696.9s]
Training:  17%|█▋        | 112896/672000 [1:05:48<5:00:12, 31.04step/s, avg_reward=-80.66, steps/s=28.6, act_ms=20.34, env_ms=17.92, upd_ms=106.54, eta=19556.1s]
Training:  17%|█▋        | 112896/672000 [1:06:03<5:00:12, 31.04step/s, avg_reward=-80.66, steps/s=28.6, act_ms=20.34, env_ms=17.92, upd_ms=106.54, eta=19556.1s]
Training:  17%|█▋        | 115584/672000 [1:07:14<4:57:48, 31.14step/s, avg_reward=-79.31, steps/s=28.6, act_ms=20.23, env_ms=17.89, upd_ms=106.27, eta=19421.9s]
Training:  17%|█▋        | 115584/672000 [1:07:33<4:57:48, 31.14step/s, avg_reward=-79.31, steps/s=28.6, act_ms=20.23, env_ms=17.89, upd_ms=106.27, eta=19421.9s]
Training:  18%|█▊        | 118272/672000 [1:08:39<4:54:45, 31.31step/s, avg_reward=-73.35, steps/s=28.7, act_ms=20.11, env_ms=17.86, upd_ms=106.00, eta=19285.7s]
Training:  18%|█▊        | 118272/672000 [1:08:53<4:54:45, 31.31step/s, avg_reward=-73.35, steps/s=28.7, act_ms=20.11, env_ms=17.86, upd_ms=106.00, eta=19285.7s]
Training:  18%|█▊        | 120960/672000 [1:10:04<4:52:22, 31.41step/s, avg_reward=-68.97, steps/s=28.8, act_ms=20.00, env_ms=17.82, upd_ms=105.73, eta=19152.4s]
Training:  18%|█▊        | 120960/672000 [1:10:23<4:52:22, 31.41step/s, avg_reward=-68.97, steps/s=28.8, act_ms=20.00, env_ms=17.82, upd_ms=105.73, eta=19152.4s]
Training:  18%|█▊        | 123648/672000 [1:11:30<4:51:19, 31.37step/s, avg_reward=-69.46, steps/s=28.8, act_ms=19.90, env_ms=17.79, upd_ms=105.51, eta=19025.8s]
Training:  18%|█▊        | 123648/672000 [1:11:43<4:51:19, 31.37step/s, avg_reward=-69.46, steps/s=28.8, act_ms=19.90, env_ms=17.79, upd_ms=105.51, eta=19025.8s]
Training:  19%|█▉        | 126336/672000 [1:12:56<4:50:12, 31.34step/s, avg_reward=-66.44, steps/s=28.9, act_ms=19.81, env_ms=17.76, upd_ms=105.28, eta=18901.1s]
Training:  19%|█▉        | 126336/672000 [1:13:13<4:50:12, 31.34step/s, avg_reward=-66.44, steps/s=28.9, act_ms=19.81, env_ms=17.76, upd_ms=105.28, eta=18901.1s]
Training:  19%|█▉        | 129024/672000 [1:14:21<4:48:47, 31.34step/s, avg_reward=-52.73, steps/s=28.9, act_ms=19.72, env_ms=17.75, upd_ms=105.06, eta=18777.2s]
Training:  19%|█▉        | 129024/672000 [1:14:33<4:48:47, 31.34step/s, avg_reward=-52.73, steps/s=28.9, act_ms=19.72, env_ms=17.75, upd_ms=105.06, eta=18777.2s]
Training:  20%|█▉        | 131712/672000 [1:15:46<4:46:14, 31.46step/s, avg_reward=-45.80, steps/s=29.0, act_ms=19.63, env_ms=17.72, upd_ms=104.83, eta=18650.2s]
Training:  20%|█▉        | 131712/672000 [1:16:03<4:46:14, 31.46step/s, avg_reward=-45.80, steps/s=29.0, act_ms=19.63, env_ms=17.72, upd_ms=104.83, eta=18650.2s]
Training:  20%|██        | 134400/672000 [1:17:13<4:45:55, 31.34step/s, avg_reward=-37.90, steps/s=29.0, act_ms=19.55, env_ms=17.69, upd_ms=104.66, eta=18532.5s]
Training:  20%|██        | 134400/672000 [1:17:23<4:45:55, 31.34step/s, avg_reward=-37.90, steps/s=29.0, act_ms=19.55, env_ms=17.69, upd_ms=104.66, eta=18532.5s]
Training:  20%|██        | 137088/672000 [1:18:39<4:45:15, 31.25step/s, avg_reward=-40.37, steps/s=29.0, act_ms=19.47, env_ms=17.67, upd_ms=104.50, eta=18416.0s]
Training:  20%|██        | 137088/672000 [1:18:53<4:45:15, 31.25step/s, avg_reward=-40.37, steps/s=29.0, act_ms=19.47, env_ms=17.67, upd_ms=104.50, eta=18416.0s]
Training:  21%|██        | 139776/672000 [1:20:04<4:42:47, 31.37step/s, avg_reward=-43.56, steps/s=29.1, act_ms=19.38, env_ms=17.65, upd_ms=104.30, eta=18294.5s]
Training:  21%|██        | 139776/672000 [1:20:23<4:42:47, 31.37step/s, avg_reward=-43.56, steps/s=29.1, act_ms=19.38, env_ms=17.65, upd_ms=104.30, eta=18294.5s]
Training:  21%|██        | 142464/672000 [1:21:28<4:40:00, 31.52step/s, avg_reward=-34.72, steps/s=29.1, act_ms=19.29, env_ms=17.63, upd_ms=104.10, eta=18172.2s]
Training:  21%|██        | 142464/672000 [1:21:43<4:40:00, 31.52step/s, avg_reward=-34.72, steps/s=29.1, act_ms=19.29, env_ms=17.63, upd_ms=104.10, eta=18172.2s]
Training:  22%|██▏       | 145152/672000 [1:22:54<4:39:04, 31.46step/s, avg_reward=-36.47, steps/s=29.2, act_ms=19.22, env_ms=17.61, upd_ms=103.94, eta=18056.4s]
Training:  22%|██▏       | 145152/672000 [1:23:13<4:39:04, 31.46step/s, avg_reward=-36.47, steps/s=29.2, act_ms=19.22, env_ms=17.61, upd_ms=103.94, eta=18056.4s]
Training:  22%|██▏       | 147840/672000 [1:24:21<4:38:43, 31.34step/s, avg_reward=-40.27, steps/s=29.2, act_ms=19.16, env_ms=17.59, upd_ms=103.78, eta=17944.5s]
Training:  22%|██▏       | 147840/672000 [1:24:34<4:38:43, 31.34step/s, avg_reward=-40.27, steps/s=29.2, act_ms=19.16, env_ms=17.59, upd_ms=103.78, eta=17944.5s]
Training:  22%|██▏       | 150528/672000 [1:25:45<4:36:13, 31.46step/s, avg_reward=-37.16, steps/s=29.3, act_ms=19.09, env_ms=17.58, upd_ms=103.61, eta=17826.9s]
Training:  22%|██▏       | 150528/672000 [1:26:04<4:36:13, 31.46step/s, avg_reward=-37.16, steps/s=29.3, act_ms=19.09, env_ms=17.58, upd_ms=103.61, eta=17826.9s]
Training:  23%|██▎       | 153216/672000 [1:27:12<4:36:02, 31.32step/s, avg_reward=-38.18, steps/s=29.3, act_ms=19.03, env_ms=17.56, upd_ms=103.48, eta=17717.5s]
Training:  23%|██▎       | 153216/672000 [1:27:24<4:36:02, 31.32step/s, avg_reward=-38.18, steps/s=29.3, act_ms=19.03, env_ms=17.56, upd_ms=103.48, eta=17717.5s]
Training:  23%|██▎       | 155904/672000 [1:28:39<4:35:13, 31.25step/s, avg_reward=-32.67, steps/s=29.3, act_ms=18.97, env_ms=17.54, upd_ms=103.35, eta=17608.0s]
Training:  23%|██▎       | 155904/672000 [1:28:54<4:35:13, 31.25step/s, avg_reward=-32.67, steps/s=29.3, act_ms=18.97, env_ms=17.54, upd_ms=103.35, eta=17608.0s]
Training:  24%|██▎       | 158592/672000 [1:30:06<4:35:10, 31.10step/s, avg_reward=-36.18, steps/s=29.3, act_ms=18.92, env_ms=17.53, upd_ms=103.25, eta=17502.5s]
Training:  24%|██▎       | 158592/672000 [1:30:24<4:35:10, 31.10step/s, avg_reward=-36.18, steps/s=29.3, act_ms=18.92, env_ms=17.53, upd_ms=103.25, eta=17502.5s]
Training:  24%|██▍       | 161280/672000 [1:31:32<4:33:43, 31.10step/s, avg_reward=-35.30, steps/s=29.4, act_ms=18.86, env_ms=17.51, upd_ms=103.13, eta=17394.4s]
Training:  24%|██▍       | 161280/672000 [1:31:44<4:33:43, 31.10step/s, avg_reward=-35.30, steps/s=29.4, act_ms=18.86, env_ms=17.51, upd_ms=103.13, eta=17394.4s]
Training:  24%|██▍       | 163968/672000 [1:32:58<4:31:17, 31.21step/s, avg_reward=-34.78, steps/s=29.4, act_ms=18.80, env_ms=17.50, upd_ms=102.99, eta=17283.8s]
Training:  24%|██▍       | 163968/672000 [1:33:14<4:31:17, 31.21step/s, avg_reward=-34.78, steps/s=29.4, act_ms=18.80, env_ms=17.50, upd_ms=102.99, eta=17283.8s]
Training:  25%|██▍       | 166656/672000 [1:34:23<4:28:27, 31.37step/s, avg_reward=-58.14, steps/s=29.4, act_ms=18.74, env_ms=17.49, upd_ms=102.84, eta=17171.7s]
Training:  25%|██▍       | 166656/672000 [1:34:34<4:28:27, 31.37step/s, avg_reward=-58.14, steps/s=29.4, act_ms=18.74, env_ms=17.49, upd_ms=102.84, eta=17171.7s]
Training:  25%|██▌       | 169344/672000 [1:35:47<4:26:08, 31.48step/s, avg_reward=-67.41, steps/s=29.5, act_ms=18.68, env_ms=17.47, upd_ms=102.70, eta=17060.7s]
Training:  25%|██▌       | 169344/672000 [1:36:04<4:26:08, 31.48step/s, avg_reward=-67.41, steps/s=29.5, act_ms=18.68, env_ms=17.47, upd_ms=102.70, eta=17060.7s]
Training:  26%|██▌       | 172032/672000 [1:37:12<4:24:29, 31.51step/s, avg_reward=-69.42, steps/s=29.5, act_ms=18.63, env_ms=17.44, upd_ms=102.59, eta=16951.8s]
Training:  26%|██▌       | 172032/672000 [1:37:24<4:24:29, 31.51step/s, avg_reward=-69.42, steps/s=29.5, act_ms=18.63, env_ms=17.44, upd_ms=102.59, eta=16951.8s]
Training:  26%|██▌       | 174720/672000 [1:38:39<4:24:00, 31.39step/s, avg_reward=-82.43, steps/s=29.5, act_ms=18.58, env_ms=17.42, upd_ms=102.49, eta=16847.0s]
Training:  26%|██▌       | 174720/672000 [1:38:54<4:24:00, 31.39step/s, avg_reward=-82.43, steps/s=29.5, act_ms=18.58, env_ms=17.42, upd_ms=102.49, eta=16847.0s]
Training:  26%|██▋       | 177408/672000 [1:40:05<4:23:28, 31.29step/s, avg_reward=-92.54, steps/s=29.5, act_ms=18.54, env_ms=17.41, upd_ms=102.40, eta=16743.5s]
Training:  26%|██▋       | 177408/672000 [1:40:24<4:23:28, 31.29step/s, avg_reward=-92.54, steps/s=29.5, act_ms=18.54, env_ms=17.41, upd_ms=102.40, eta=16743.5s]
Training:  27%|██▋       | 180096/672000 [1:41:31<4:21:25, 31.36step/s, avg_reward=-87.16, steps/s=29.6, act_ms=18.49, env_ms=17.40, upd_ms=102.28, eta=16636.7s]
Training:  27%|██▋       | 180096/672000 [1:41:44<4:21:25, 31.36step/s, avg_reward=-87.16, steps/s=29.6, act_ms=18.49, env_ms=17.40, upd_ms=102.28, eta=16636.7s]
Training:  27%|██▋       | 182784/672000 [1:42:56<4:20:11, 31.34step/s, avg_reward=-99.36, steps/s=29.6, act_ms=18.45, env_ms=17.38, upd_ms=102.19, eta=16532.5s]
Training:  27%|██▋       | 182784/672000 [1:43:14<4:20:11, 31.34step/s, avg_reward=-99.36, steps/s=29.6, act_ms=18.45, env_ms=17.38, upd_ms=102.19, eta=16532.5s]
Training:  28%|██▊       | 185472/672000 [1:44:22<4:18:47, 31.33step/s, avg_reward=-103.15, steps/s=29.6, act_ms=18.40, env_ms=17.37, upd_ms=102.10, eta=16428.5s]
Training:  28%|██▊       | 185472/672000 [1:44:34<4:18:47, 31.33step/s, avg_reward=-103.15, steps/s=29.6, act_ms=18.40, env_ms=17.37, upd_ms=102.10, eta=16428.5s]
Training:  28%|██▊       | 188160/672000 [1:45:48<4:17:09, 31.36step/s, avg_reward=-108.96, steps/s=29.6, act_ms=18.35, env_ms=17.36, upd_ms=102.00, eta=16324.3s]
Training:  28%|██▊       | 188160/672000 [1:46:05<4:17:09, 31.36step/s, avg_reward=-108.96, steps/s=29.6, act_ms=18.35, env_ms=17.36, upd_ms=102.00, eta=16324.3s]
Training:  28%|██▊       | 190848/672000 [1:47:14<4:15:52, 31.34step/s, avg_reward=-110.70, steps/s=29.7, act_ms=18.31, env_ms=17.35, upd_ms=101.90, eta=16221.5s]
Training:  28%|██▊       | 190848/672000 [1:47:25<4:15:52, 31.34step/s, avg_reward=-110.70, steps/s=29.7, act_ms=18.31, env_ms=17.35, upd_ms=101.90, eta=16221.5s]
Training:  29%|██▉       | 193536/672000 [1:48:40<4:15:07, 31.26step/s, avg_reward=-112.59, steps/s=29.7, act_ms=18.27, env_ms=17.34, upd_ms=101.82, eta=16120.8s]
Training:  29%|██▉       | 193536/672000 [1:48:55<4:15:07, 31.26step/s, avg_reward=-112.59, steps/s=29.7, act_ms=18.27, env_ms=17.34, upd_ms=101.82, eta=16120.8s]
Training:  29%|██▉       | 196224/672000 [1:50:07<4:14:04, 31.21step/s, avg_reward=-116.66, steps/s=29.7, act_ms=18.24, env_ms=17.33, upd_ms=101.74, eta=16020.1s]
Training:  29%|██▉       | 196224/672000 [1:50:25<4:14:04, 31.21step/s, avg_reward=-116.66, steps/s=29.7, act_ms=18.24, env_ms=17.33, upd_ms=101.74, eta=16020.1s]
Training:  30%|██▉       | 198912/672000 [1:51:31<4:11:27, 31.36step/s, avg_reward=-100.13, steps/s=29.7, act_ms=18.20, env_ms=17.31, upd_ms=101.64, eta=15916.0s]
Training:  30%|██▉       | 198912/672000 [1:51:45<4:11:27, 31.36step/s, avg_reward=-100.13, steps/s=29.7, act_ms=18.20, env_ms=17.31, upd_ms=101.64, eta=15916.0s]
Training:  30%|███       | 201600/672000 [1:52:58<4:10:30, 31.30step/s, avg_reward=-93.18, steps/s=29.7, act_ms=18.16, env_ms=17.30, upd_ms=101.57, eta=15815.9s] 
Training:  30%|███       | 201600/672000 [1:53:15<4:10:30, 31.30step/s, avg_reward=-93.18, steps/s=29.7, act_ms=18.16, env_ms=17.30, upd_ms=101.57, eta=15815.9s]
Training:  30%|███       | 204288/672000 [1:54:24<4:09:40, 31.22step/s, avg_reward=-102.58, steps/s=29.8, act_ms=18.13, env_ms=17.29, upd_ms=101.50, eta=15716.8s]
Training:  30%|███       | 204288/672000 [1:54:35<4:09:40, 31.22step/s, avg_reward=-102.58, steps/s=29.8, act_ms=18.13, env_ms=17.29, upd_ms=101.50, eta=15716.8s]
Training:  31%|███       | 206976/672000 [1:55:49<4:06:59, 31.38step/s, avg_reward=-89.44, steps/s=29.8, act_ms=18.09, env_ms=17.28, upd_ms=101.40, eta=15613.8s] 
Training:  31%|███       | 206976/672000 [1:56:05<4:06:59, 31.38step/s, avg_reward=-89.44, steps/s=29.8, act_ms=18.09, env_ms=17.28, upd_ms=101.40, eta=15613.8s]
Training:  31%|███       | 209664/672000 [1:57:13<4:04:31, 31.51step/s, avg_reward=-89.14, steps/s=29.8, act_ms=18.05, env_ms=17.27, upd_ms=101.31, eta=15510.7s]
Training:  31%|███       | 209664/672000 [1:57:25<4:04:31, 31.51step/s, avg_reward=-89.14, steps/s=29.8, act_ms=18.05, env_ms=17.27, upd_ms=101.31, eta=15510.7s]
Training:  32%|███▏      | 212352/672000 [1:58:39<4:03:30, 31.46step/s, avg_reward=-99.97, steps/s=29.8, act_ms=18.02, env_ms=17.25, upd_ms=101.24, eta=15411.0s]
Training:  32%|███▏      | 212352/672000 [1:58:55<4:03:30, 31.46step/s, avg_reward=-99.97, steps/s=29.8, act_ms=18.02, env_ms=17.25, upd_ms=101.24, eta=15411.0s]
Training:  32%|███▏      | 215040/672000 [2:00:04<4:01:45, 31.50step/s, avg_reward=-106.38, steps/s=29.8, act_ms=17.99, env_ms=17.24, upd_ms=101.15, eta=15310.1s]
Training:  32%|███▏      | 215040/672000 [2:00:15<4:01:45, 31.50step/s, avg_reward=-106.38, steps/s=29.8, act_ms=17.99, env_ms=17.24, upd_ms=101.15, eta=15310.1s]
Training:  32%|███▏      | 217728/672000 [2:01:30<4:00:36, 31.47step/s, avg_reward=-94.22, steps/s=29.9, act_ms=17.95, env_ms=17.23, upd_ms=101.08, eta=15210.8s] 
Training:  32%|███▏      | 217728/672000 [2:01:45<4:00:36, 31.47step/s, avg_reward=-94.22, steps/s=29.9, act_ms=17.95, env_ms=17.23, upd_ms=101.08, eta=15210.8s]
Training:  33%|███▎      | 220416/672000 [2:02:55<3:58:31, 31.55step/s, avg_reward=-93.91, steps/s=29.9, act_ms=17.92, env_ms=17.22, upd_ms=101.00, eta=15109.9s]
Training:  33%|███▎      | 220416/672000 [2:03:05<3:58:31, 31.55step/s, avg_reward=-93.91, steps/s=29.9, act_ms=17.92, env_ms=17.22, upd_ms=101.00, eta=15109.9s]
Training:  33%|███▎      | 223104/672000 [2:04:22<3:58:56, 31.31step/s, avg_reward=-94.88, steps/s=29.9, act_ms=17.89, env_ms=17.21, upd_ms=100.95, eta=15014.7s]
Training:  33%|███▎      | 223104/672000 [2:04:35<3:58:56, 31.31step/s, avg_reward=-94.88, steps/s=29.9, act_ms=17.89, env_ms=17.21, upd_ms=100.95, eta=15014.7s]
Training:  34%|███▎      | 225792/672000 [2:05:47<3:56:45, 31.41step/s, avg_reward=-95.96, steps/s=29.9, act_ms=17.85, env_ms=17.20, upd_ms=100.89, eta=14915.0s]
Training:  34%|███▎      | 225792/672000 [2:06:05<3:56:45, 31.41step/s, avg_reward=-95.96, steps/s=29.9, act_ms=17.85, env_ms=17.20, upd_ms=100.89, eta=14915.0s]
Training:  34%|███▍      | 228480/672000 [2:07:12<3:55:12, 31.43step/s, avg_reward=-86.33, steps/s=29.9, act_ms=17.83, env_ms=17.20, upd_ms=100.81, eta=14816.6s]
Training:  34%|███▍      | 228480/672000 [2:07:25<3:55:12, 31.43step/s, avg_reward=-86.33, steps/s=29.9, act_ms=17.83, env_ms=17.20, upd_ms=100.81, eta=14816.6s]
Training:  34%|███▍      | 231168/672000 [2:08:38<3:54:01, 31.39step/s, avg_reward=-85.24, steps/s=29.9, act_ms=17.80, env_ms=17.19, upd_ms=100.74, eta=14719.2s]
Training:  34%|███▍      | 231168/672000 [2:08:56<3:54:01, 31.39step/s, avg_reward=-85.24, steps/s=29.9, act_ms=17.80, env_ms=17.19, upd_ms=100.74, eta=14719.2s]
Training:  35%|███▍      | 233856/672000 [2:10:04<3:52:40, 31.38step/s, avg_reward=-81.61, steps/s=30.0, act_ms=17.77, env_ms=17.18, upd_ms=100.68, eta=14621.9s]
Training:  35%|███▍      | 233856/672000 [2:10:16<3:52:40, 31.38step/s, avg_reward=-81.61, steps/s=30.0, act_ms=17.77, env_ms=17.18, upd_ms=100.68, eta=14621.9s]
Training:  35%|███▌      | 236544/672000 [2:11:29<3:51:05, 31.40step/s, avg_reward=-80.54, steps/s=30.0, act_ms=17.74, env_ms=17.18, upd_ms=100.62, eta=14524.4s]
Training:  35%|███▌      | 236544/672000 [2:11:46<3:51:05, 31.40step/s, avg_reward=-80.54, steps/s=30.0, act_ms=17.74, env_ms=17.18, upd_ms=100.62, eta=14524.4s]
Training:  36%|███▌      | 239232/672000 [2:12:55<3:49:31, 31.43step/s, avg_reward=-75.18, steps/s=30.0, act_ms=17.71, env_ms=17.17, upd_ms=100.55, eta=14427.1s]
Training:  36%|███▌      | 239232/672000 [2:13:06<3:49:31, 31.43step/s, avg_reward=-75.18, steps/s=30.0, act_ms=17.71, env_ms=17.17, upd_ms=100.55, eta=14427.1s]
Training:  36%|███▌      | 241920/672000 [2:14:20<3:48:10, 31.41step/s, avg_reward=-71.21, steps/s=30.0, act_ms=17.69, env_ms=17.17, upd_ms=100.49, eta=14330.4s]
Training:  36%|███▌      | 241920/672000 [2:14:36<3:48:10, 31.41step/s, avg_reward=-71.21, steps/s=30.0, act_ms=17.69, env_ms=17.17, upd_ms=100.49, eta=14330.4s]
Training:  36%|███▋      | 244608/672000 [2:15:46<3:46:46, 31.41step/s, avg_reward=-48.43, steps/s=30.0, act_ms=17.67, env_ms=17.16, upd_ms=100.43, eta=14233.9s]
Training:  36%|███▋      | 244608/672000 [2:16:06<3:46:46, 31.41step/s, avg_reward=-48.43, steps/s=30.0, act_ms=17.67, env_ms=17.16, upd_ms=100.43, eta=14233.9s]
Training:  37%|███▋      | 247296/672000 [2:17:11<3:44:46, 31.49step/s, avg_reward=-48.53, steps/s=30.0, act_ms=17.64, env_ms=17.16, upd_ms=100.36, eta=14136.3s]
Training:  37%|███▋      | 247296/672000 [2:17:26<3:44:46, 31.49step/s, avg_reward=-48.53, steps/s=30.0, act_ms=17.64, env_ms=17.16, upd_ms=100.36, eta=14136.3s]
Training:  37%|███▋      | 249984/672000 [2:18:37<3:43:55, 31.41step/s, avg_reward=-53.27, steps/s=30.1, act_ms=17.61, env_ms=17.15, upd_ms=100.32, eta=14041.1s]
Training:  37%|███▋      | 249984/672000 [2:18:56<3:43:55, 31.41step/s, avg_reward=-53.27, steps/s=30.1, act_ms=17.61, env_ms=17.15, upd_ms=100.32, eta=14041.1s]
Training:  38%|███▊      | 252672/672000 [2:20:02<3:42:15, 31.44step/s, avg_reward=-46.92, steps/s=30.1, act_ms=17.59, env_ms=17.14, upd_ms=100.26, eta=13944.8s]
Training:  38%|███▊      | 252672/672000 [2:20:16<3:42:15, 31.44step/s, avg_reward=-46.92, steps/s=30.1, act_ms=17.59, env_ms=17.14, upd_ms=100.26, eta=13944.8s]
Training:  38%|███▊      | 255360/672000 [2:21:27<3:40:38, 31.47step/s, avg_reward=-45.88, steps/s=30.1, act_ms=17.56, env_ms=17.13, upd_ms=100.21, eta=13848.6s]
Training:  38%|███▊      | 255360/672000 [2:21:46<3:40:38, 31.47step/s, avg_reward=-45.88, steps/s=30.1, act_ms=17.56, env_ms=17.13, upd_ms=100.21, eta=13848.6s]
Training:  38%|███▊      | 258048/672000 [2:22:53<3:39:21, 31.45step/s, avg_reward=-52.75, steps/s=30.1, act_ms=17.54, env_ms=17.13, upd_ms=100.15, eta=13753.3s]
Training:  38%|███▊      | 258048/672000 [2:23:06<3:39:21, 31.45step/s, avg_reward=-52.75, steps/s=30.1, act_ms=17.54, env_ms=17.13, upd_ms=100.15, eta=13753.3s]
Training:  39%|███▉      | 260736/672000 [2:24:18<3:37:51, 31.46step/s, avg_reward=-52.30, steps/s=30.1, act_ms=17.51, env_ms=17.12, upd_ms=100.11, eta=13657.8s]
Training:  39%|███▉      | 260736/672000 [2:24:36<3:37:51, 31.46step/s, avg_reward=-52.30, steps/s=30.1, act_ms=17.51, env_ms=17.12, upd_ms=100.11, eta=13657.8s]
Training:  39%|███▉      | 263424/672000 [2:25:43<3:36:13, 31.49step/s, avg_reward=-52.20, steps/s=30.1, act_ms=17.48, env_ms=17.12, upd_ms=100.05, eta=13562.1s]
Training:  39%|███▉      | 263424/672000 [2:25:56<3:36:13, 31.49step/s, avg_reward=-52.20, steps/s=30.1, act_ms=17.48, env_ms=17.12, upd_ms=100.05, eta=13562.1s]
Training:  40%|███▉      | 266112/672000 [2:27:09<3:35:05, 31.45step/s, avg_reward=-49.04, steps/s=30.1, act_ms=17.46, env_ms=17.12, upd_ms=100.00, eta=13467.6s]
Training:  40%|███▉      | 266112/672000 [2:27:26<3:35:05, 31.45step/s, avg_reward=-49.04, steps/s=30.1, act_ms=17.46, env_ms=17.12, upd_ms=100.00, eta=13467.6s]
Training:  40%|████      | 268800/672000 [2:28:33<3:32:44, 31.59step/s, avg_reward=-48.28, steps/s=30.2, act_ms=17.43, env_ms=17.11, upd_ms=99.94, eta=13370.9s] 
Training:  40%|████      | 268800/672000 [2:28:47<3:32:44, 31.59step/s, avg_reward=-48.28, steps/s=30.2, act_ms=17.43, env_ms=17.11, upd_ms=99.94, eta=13370.9s]
Training:  40%|████      | 271488/672000 [2:29:58<3:31:00, 31.63step/s, avg_reward=-37.84, steps/s=30.2, act_ms=17.41, env_ms=17.10, upd_ms=99.88, eta=13275.2s]
Training:  40%|████      | 271488/672000 [2:30:17<3:31:00, 31.63step/s, avg_reward=-37.84, steps/s=30.2, act_ms=17.41, env_ms=17.10, upd_ms=99.88, eta=13275.2s]
Training:  41%|████      | 274176/672000 [2:31:24<3:29:56, 31.58step/s, avg_reward=-44.36, steps/s=30.2, act_ms=17.39, env_ms=17.10, upd_ms=99.83, eta=13180.8s]
Training:  41%|████      | 274176/672000 [2:31:37<3:29:56, 31.58step/s, avg_reward=-44.36, steps/s=30.2, act_ms=17.39, env_ms=17.10, upd_ms=99.83, eta=13180.8s]
Training:  41%|████      | 276864/672000 [2:32:49<3:28:42, 31.56step/s, avg_reward=-43.78, steps/s=30.2, act_ms=17.37, env_ms=17.10, upd_ms=99.78, eta=13086.5s]
Training:  41%|████      | 276864/672000 [2:33:07<3:28:42, 31.56step/s, avg_reward=-43.78, steps/s=30.2, act_ms=17.37, env_ms=17.10, upd_ms=99.78, eta=13086.5s]
Training:  42%|████▏     | 279552/672000 [2:34:14<3:27:24, 31.54step/s, avg_reward=-45.09, steps/s=30.2, act_ms=17.35, env_ms=17.10, upd_ms=99.73, eta=12992.3s]
Training:  42%|████▏     | 279552/672000 [2:34:27<3:27:24, 31.54step/s, avg_reward=-45.09, steps/s=30.2, act_ms=17.35, env_ms=17.10, upd_ms=99.73, eta=12992.3s]
Training:  42%|████▏     | 282240/672000 [2:35:40<3:26:34, 31.45step/s, avg_reward=-34.93, steps/s=30.2, act_ms=17.33, env_ms=17.09, upd_ms=99.69, eta=12899.3s]
Training:  42%|████▏     | 282240/672000 [2:35:57<3:26:34, 31.45step/s, avg_reward=-34.93, steps/s=30.2, act_ms=17.33, env_ms=17.09, upd_ms=99.69, eta=12899.3s]
Training:  42%|████▏     | 284928/672000 [2:37:06<3:25:19, 31.42step/s, avg_reward=-23.29, steps/s=30.2, act_ms=17.32, env_ms=17.09, upd_ms=99.64, eta=12805.9s]
Training:  42%|████▏     | 284928/672000 [2:37:17<3:25:19, 31.42step/s, avg_reward=-23.29, steps/s=30.2, act_ms=17.32, env_ms=17.09, upd_ms=99.64, eta=12805.9s]
Training:  43%|████▎     | 287616/672000 [2:38:31<3:23:26, 31.49step/s, avg_reward=-23.58, steps/s=30.2, act_ms=17.30, env_ms=17.08, upd_ms=99.60, eta=12711.6s]
Training:  43%|████▎     | 287616/672000 [2:38:47<3:23:26, 31.49step/s, avg_reward=-23.58, steps/s=30.2, act_ms=17.30, env_ms=17.08, upd_ms=99.60, eta=12711.6s]
Training:  43%|████▎     | 290304/672000 [2:39:56<3:21:51, 31.51step/s, avg_reward=-22.81, steps/s=30.3, act_ms=17.28, env_ms=17.08, upd_ms=99.55, eta=12617.8s]
Training:  43%|████▎     | 290304/672000 [2:40:07<3:21:51, 31.51step/s, avg_reward=-22.81, steps/s=30.3, act_ms=17.28, env_ms=17.08, upd_ms=99.55, eta=12617.8s]
Training:  44%|████▎     | 292992/672000 [2:41:22<3:20:38, 31.48step/s, avg_reward=-13.34, steps/s=30.3, act_ms=17.26, env_ms=17.07, upd_ms=99.51, eta=12524.7s]
Training:  44%|████▎     | 292992/672000 [2:41:37<3:20:38, 31.48step/s, avg_reward=-13.34, steps/s=30.3, act_ms=17.26, env_ms=17.07, upd_ms=99.51, eta=12524.7s]
Training:  44%|████▍     | 295680/672000 [2:42:46<3:18:40, 31.57step/s, avg_reward=-10.53, steps/s=30.3, act_ms=17.24, env_ms=17.06, upd_ms=99.47, eta=12430.5s]
Training:  44%|████▍     | 295680/672000 [2:42:57<3:18:40, 31.57step/s, avg_reward=-10.53, steps/s=30.3, act_ms=17.24, env_ms=17.06, upd_ms=99.47, eta=12430.5s]
Training:  44%|████▍     | 298368/672000 [2:44:12<3:17:41, 31.50step/s, avg_reward=-7.42, steps/s=30.3, act_ms=17.22, env_ms=17.06, upd_ms=99.43, eta=12337.9s] 
Training:  44%|████▍     | 298368/672000 [2:44:27<3:17:41, 31.50step/s, avg_reward=-7.42, steps/s=30.3, act_ms=17.22, env_ms=17.06, upd_ms=99.43, eta=12337.9s]
Training:  45%|████▍     | 301056/672000 [2:45:36<3:15:14, 31.67step/s, avg_reward=-7.97, steps/s=30.3, act_ms=17.20, env_ms=17.06, upd_ms=99.37, eta=12243.1s]
Training:  45%|████▍     | 301056/672000 [2:45:47<3:15:14, 31.67step/s, avg_reward=-7.97, steps/s=30.3, act_ms=17.20, env_ms=17.06, upd_ms=99.37, eta=12243.1s]
Training:  45%|████▌     | 303744/672000 [2:47:02<3:14:25, 31.57step/s, avg_reward=-8.03, steps/s=30.3, act_ms=17.18, env_ms=17.05, upd_ms=99.34, eta=12150.8s]
Training:  45%|████▌     | 303744/672000 [2:47:17<3:14:25, 31.57step/s, avg_reward=-8.03, steps/s=30.3, act_ms=17.18, env_ms=17.05, upd_ms=99.34, eta=12150.8s]
Training:  46%|████▌     | 306432/672000 [2:48:28<3:13:47, 31.44step/s, avg_reward=-11.72, steps/s=30.3, act_ms=17.17, env_ms=17.05, upd_ms=99.31, eta=12059.2s]
Training:  46%|████▌     | 306432/672000 [2:48:48<3:13:47, 31.44step/s, avg_reward=-11.72, steps/s=30.3, act_ms=17.17, env_ms=17.05, upd_ms=99.31, eta=12059.2s]
Training:  46%|████▌     | 309120/672000 [2:49:53<3:11:51, 31.52step/s, avg_reward=-18.90, steps/s=30.3, act_ms=17.15, env_ms=17.04, upd_ms=99.27, eta=11966.0s]
Training:  46%|████▌     | 309120/672000 [2:50:08<3:11:51, 31.52step/s, avg_reward=-18.90, steps/s=30.3, act_ms=17.15, env_ms=17.04, upd_ms=99.27, eta=11966.0s]
Training:  46%|████▋     | 311808/672000 [2:51:21<3:12:09, 31.24step/s, avg_reward=-21.26, steps/s=30.3, act_ms=17.14, env_ms=17.04, upd_ms=99.26, eta=11876.4s]
Training:  46%|████▋     | 311808/672000 [2:51:38<3:12:09, 31.24step/s, avg_reward=-21.26, steps/s=30.3, act_ms=17.14, env_ms=17.04, upd_ms=99.26, eta=11876.4s]
Training:  47%|████▋     | 314496/672000 [2:52:46<3:10:14, 31.32step/s, avg_reward=-19.48, steps/s=30.3, act_ms=17.12, env_ms=17.04, upd_ms=99.22, eta=11784.0s]
Training:  47%|████▋     | 314496/672000 [2:52:58<3:10:14, 31.32step/s, avg_reward=-19.48, steps/s=30.3, act_ms=17.12, env_ms=17.04, upd_ms=99.22, eta=11784.0s]
Training:  47%|████▋     | 317184/672000 [2:54:11<3:08:13, 31.42step/s, avg_reward=-18.92, steps/s=30.3, act_ms=17.11, env_ms=17.03, upd_ms=99.18, eta=11691.3s]
Training:  47%|████▋     | 317184/672000 [2:54:28<3:08:13, 31.42step/s, avg_reward=-18.92, steps/s=30.3, act_ms=17.11, env_ms=17.03, upd_ms=99.18, eta=11691.3s]
Training:  48%|████▊     | 319872/672000 [2:55:36<3:06:44, 31.43step/s, avg_reward=-15.22, steps/s=30.4, act_ms=17.09, env_ms=17.03, upd_ms=99.15, eta=11599.3s]
Training:  48%|████▊     | 319872/672000 [2:55:48<3:06:44, 31.43step/s, avg_reward=-15.22, steps/s=30.4, act_ms=17.09, env_ms=17.03, upd_ms=99.15, eta=11599.3s]
Training:  48%|████▊     | 322560/672000 [2:57:03<3:06:03, 31.30step/s, avg_reward=-9.77, steps/s=30.4, act_ms=17.08, env_ms=17.02, upd_ms=99.13, eta=11508.7s] 
Training:  48%|████▊     | 322560/672000 [2:57:18<3:06:03, 31.30step/s, avg_reward=-9.77, steps/s=30.4, act_ms=17.08, env_ms=17.02, upd_ms=99.13, eta=11508.7s]
Training:  48%|████▊     | 325248/672000 [2:58:29<3:04:50, 31.27step/s, avg_reward=-12.82, steps/s=30.4, act_ms=17.07, env_ms=17.02, upd_ms=99.10, eta=11417.7s]
Training:  48%|████▊     | 325248/672000 [2:58:48<3:04:50, 31.27step/s, avg_reward=-12.82, steps/s=30.4, act_ms=17.07, env_ms=17.02, upd_ms=99.10, eta=11417.7s]
Training:  49%|████▉     | 327936/672000 [2:59:55<3:03:19, 31.28step/s, avg_reward=-11.40, steps/s=30.4, act_ms=17.05, env_ms=17.01, upd_ms=99.07, eta=11326.4s]
Training:  49%|████▉     | 327936/672000 [3:00:08<3:03:19, 31.28step/s, avg_reward=-11.40, steps/s=30.4, act_ms=17.05, env_ms=17.01, upd_ms=99.07, eta=11326.4s]
Training:  49%|████▉     | 330624/672000 [3:01:20<3:01:09, 31.41step/s, avg_reward=-12.61, steps/s=30.4, act_ms=17.03, env_ms=17.01, upd_ms=99.04, eta=11234.1s]
Training:  49%|████▉     | 330624/672000 [3:01:38<3:01:09, 31.41step/s, avg_reward=-12.61, steps/s=30.4, act_ms=17.03, env_ms=17.01, upd_ms=99.04, eta=11234.1s]
Training:  50%|████▉     | 333312/672000 [3:02:46<2:59:57, 31.37step/s, avg_reward=-13.17, steps/s=30.4, act_ms=17.02, env_ms=17.00, upd_ms=99.01, eta=11143.1s]
Training:  50%|████▉     | 333312/672000 [3:02:58<2:59:57, 31.37step/s, avg_reward=-13.17, steps/s=30.4, act_ms=17.02, env_ms=17.00, upd_ms=99.01, eta=11143.1s]
Training:  50%|█████     | 336000/672000 [3:04:12<2:58:45, 31.33step/s, avg_reward=-11.12, steps/s=30.4, act_ms=17.01, env_ms=17.00, upd_ms=98.99, eta=11052.3s]
Training:  50%|█████     | 336000/672000 [3:04:28<2:58:45, 31.33step/s, avg_reward=-11.12, steps/s=30.4, act_ms=17.01, env_ms=17.00, upd_ms=98.99, eta=11052.3s]
Training:  50%|█████     | 338688/672000 [3:05:38<2:57:52, 31.23step/s, avg_reward=-9.89, steps/s=30.4, act_ms=17.00, env_ms=16.99, upd_ms=98.97, eta=10962.2s] 
Training:  50%|█████     | 338688/672000 [3:05:58<2:57:52, 31.23step/s, avg_reward=-9.89, steps/s=30.4, act_ms=17.00, env_ms=16.99, upd_ms=98.97, eta=10962.2s]
Training:  51%|█████     | 341376/672000 [3:07:04<2:56:16, 31.26step/s, avg_reward=-21.08, steps/s=30.4, act_ms=16.98, env_ms=16.99, upd_ms=98.94, eta=10871.2s]
Training:  51%|█████     | 341376/672000 [3:07:18<2:56:16, 31.26step/s, avg_reward=-21.08, steps/s=30.4, act_ms=16.98, env_ms=16.99, upd_ms=98.94, eta=10871.2s]
Training:  51%|█████     | 344064/672000 [3:08:29<2:53:46, 31.45step/s, avg_reward=-7.01, steps/s=30.4, act_ms=16.96, env_ms=16.98, upd_ms=98.91, eta=10778.9s] 
Training:  51%|█████     | 344064/672000 [3:08:48<2:53:46, 31.45step/s, avg_reward=-7.01, steps/s=30.4, act_ms=16.96, env_ms=16.98, upd_ms=98.91, eta=10778.9s]
Training:  52%|█████▏    | 346752/672000 [3:09:53<2:51:55, 31.53step/s, avg_reward=-4.65, steps/s=30.4, act_ms=16.95, env_ms=16.98, upd_ms=98.88, eta=10687.2s]
Training:  52%|█████▏    | 346752/672000 [3:10:09<2:51:55, 31.53step/s, avg_reward=-4.65, steps/s=30.4, act_ms=16.95, env_ms=16.98, upd_ms=98.88, eta=10687.2s]
Training:  52%|█████▏    | 349440/672000 [3:11:19<2:51:02, 31.43step/s, avg_reward=-8.03, steps/s=30.4, act_ms=16.94, env_ms=16.97, upd_ms=98.86, eta=10596.9s]
Training:  52%|█████▏    | 349440/672000 [3:11:39<2:51:02, 31.43step/s, avg_reward=-8.03, steps/s=30.4, act_ms=16.94, env_ms=16.97, upd_ms=98.86, eta=10596.9s]
Training:  52%|█████▏    | 352128/672000 [3:12:44<2:49:12, 31.51step/s, avg_reward=-13.27, steps/s=30.4, act_ms=16.92, env_ms=16.97, upd_ms=98.82, eta=10505.4s]
Training:  52%|█████▏    | 352128/672000 [3:12:59<2:49:12, 31.51step/s, avg_reward=-13.27, steps/s=30.4, act_ms=16.92, env_ms=16.97, upd_ms=98.82, eta=10505.4s]
Training:  53%|█████▎    | 354816/672000 [3:14:10<2:48:09, 31.44step/s, avg_reward=-12.92, steps/s=30.5, act_ms=16.91, env_ms=16.97, upd_ms=98.79, eta=10415.0s]
Training:  53%|█████▎    | 354816/672000 [3:14:29<2:48:09, 31.44step/s, avg_reward=-12.92, steps/s=30.5, act_ms=16.91, env_ms=16.97, upd_ms=98.79, eta=10415.0s]
Training:  53%|█████▎    | 357504/672000 [3:15:37<2:47:30, 31.29step/s, avg_reward=-15.53, steps/s=30.5, act_ms=16.90, env_ms=16.97, upd_ms=98.78, eta=10325.5s]
Training:  53%|█████▎    | 357504/672000 [3:15:49<2:47:30, 31.29step/s, avg_reward=-15.53, steps/s=30.5, act_ms=16.90, env_ms=16.97, upd_ms=98.78, eta=10325.5s]
Training:  54%|█████▎    | 360192/672000 [3:17:03<2:46:08, 31.28step/s, avg_reward=-12.89, steps/s=30.5, act_ms=16.89, env_ms=16.97, upd_ms=98.75, eta=10235.3s]
Training:  54%|█████▎    | 360192/672000 [3:17:19<2:46:08, 31.28step/s, avg_reward=-12.89, steps/s=30.5, act_ms=16.89, env_ms=16.97, upd_ms=98.75, eta=10235.3s]
Training:  54%|█████▍    | 362880/672000 [3:18:29<2:44:28, 31.32step/s, avg_reward=-15.10, steps/s=30.5, act_ms=16.87, env_ms=16.97, upd_ms=98.73, eta=10144.8s]
Training:  54%|█████▍    | 362880/672000 [3:18:39<2:44:28, 31.32step/s, avg_reward=-15.10, steps/s=30.5, act_ms=16.87, env_ms=16.97, upd_ms=98.73, eta=10144.8s]
Training:  54%|█████▍    | 365568/672000 [3:19:55<2:43:30, 31.24step/s, avg_reward=-22.55, steps/s=30.5, act_ms=16.87, env_ms=16.97, upd_ms=98.71, eta=10055.2s]
Training:  54%|█████▍    | 365568/672000 [3:20:09<2:43:30, 31.24step/s, avg_reward=-22.55, steps/s=30.5, act_ms=16.87, env_ms=16.97, upd_ms=98.71, eta=10055.2s]
Training:  55%|█████▍    | 368256/672000 [3:21:21<2:41:51, 31.28step/s, avg_reward=-27.40, steps/s=30.5, act_ms=16.86, env_ms=16.97, upd_ms=98.68, eta=9964.9s] 
Training:  55%|█████▍    | 368256/672000 [3:21:39<2:41:51, 31.28step/s, avg_reward=-27.40, steps/s=30.5, act_ms=16.86, env_ms=16.97, upd_ms=98.68, eta=9964.9s]
Training:  55%|█████▌    | 370944/672000 [3:22:46<2:40:10, 31.33step/s, avg_reward=-24.23, steps/s=30.5, act_ms=16.85, env_ms=16.97, upd_ms=98.65, eta=9874.6s]
Training:  55%|█████▌    | 370944/672000 [3:22:59<2:40:10, 31.33step/s, avg_reward=-24.23, steps/s=30.5, act_ms=16.85, env_ms=16.97, upd_ms=98.65, eta=9874.6s]
Training:  56%|█████▌    | 373632/672000 [3:24:12<2:38:32, 31.36step/s, avg_reward=-27.49, steps/s=30.5, act_ms=16.83, env_ms=16.96, upd_ms=98.63, eta=9784.2s]
Training:  56%|█████▌    | 373632/672000 [3:24:29<2:38:32, 31.36step/s, avg_reward=-27.49, steps/s=30.5, act_ms=16.83, env_ms=16.96, upd_ms=98.63, eta=9784.2s]
Training:  56%|█████▌    | 376320/672000 [3:25:37<2:36:57, 31.40step/s, avg_reward=-25.88, steps/s=30.5, act_ms=16.82, env_ms=16.96, upd_ms=98.60, eta=9693.9s]
Training:  56%|█████▌    | 376320/672000 [3:25:49<2:36:57, 31.40step/s, avg_reward=-25.88, steps/s=30.5, act_ms=16.82, env_ms=16.96, upd_ms=98.60, eta=9693.9s]
Training:  56%|█████▋    | 379008/672000 [3:27:04<2:36:20, 31.23step/s, avg_reward=-31.87, steps/s=30.5, act_ms=16.82, env_ms=16.96, upd_ms=98.58, eta=9605.0s]
Training:  56%|█████▋    | 379008/672000 [3:27:19<2:36:20, 31.23step/s, avg_reward=-31.87, steps/s=30.5, act_ms=16.82, env_ms=16.96, upd_ms=98.58, eta=9605.0s]
Training:  57%|█████▋    | 381696/672000 [3:28:31<2:35:06, 31.19step/s, avg_reward=-39.01, steps/s=30.5, act_ms=16.81, env_ms=16.96, upd_ms=98.57, eta=9515.6s]
Training:  57%|█████▋    | 381696/672000 [3:28:49<2:35:06, 31.19step/s, avg_reward=-39.01, steps/s=30.5, act_ms=16.81, env_ms=16.96, upd_ms=98.57, eta=9515.6s]
Training:  57%|█████▋    | 384384/672000 [3:29:55<2:32:52, 31.36step/s, avg_reward=-35.57, steps/s=30.5, act_ms=16.79, env_ms=16.96, upd_ms=98.54, eta=9424.9s]
Training:  57%|█████▋    | 384384/672000 [3:30:10<2:32:52, 31.36step/s, avg_reward=-35.57, steps/s=30.5, act_ms=16.79, env_ms=16.96, upd_ms=98.54, eta=9424.9s]
Training:  58%|█████▊    | 387072/672000 [3:31:21<2:31:10, 31.41step/s, avg_reward=-37.81, steps/s=30.5, act_ms=16.78, env_ms=16.96, upd_ms=98.51, eta=9334.7s]
Training:  58%|█████▊    | 387072/672000 [3:31:40<2:31:10, 31.41step/s, avg_reward=-37.81, steps/s=30.5, act_ms=16.78, env_ms=16.96, upd_ms=98.51, eta=9334.7s]
Training:  58%|█████▊    | 389760/672000 [3:32:47<2:30:17, 31.30step/s, avg_reward=-40.78, steps/s=30.5, act_ms=16.77, env_ms=16.95, upd_ms=98.50, eta=9245.6s]
Training:  58%|█████▊    | 389760/672000 [3:33:00<2:30:17, 31.30step/s, avg_reward=-40.78, steps/s=30.5, act_ms=16.77, env_ms=16.95, upd_ms=98.50, eta=9245.6s]
Training:  58%|█████▊    | 392448/672000 [3:34:13<2:28:36, 31.35step/s, avg_reward=-44.88, steps/s=30.5, act_ms=16.76, env_ms=16.95, upd_ms=98.48, eta=9155.7s]
Training:  58%|█████▊    | 392448/672000 [3:34:30<2:28:36, 31.35step/s, avg_reward=-44.88, steps/s=30.5, act_ms=16.76, env_ms=16.95, upd_ms=98.48, eta=9155.7s]
Training:  59%|█████▉    | 395136/672000 [3:35:39<2:27:32, 31.28step/s, avg_reward=-43.24, steps/s=30.5, act_ms=16.75, env_ms=16.95, upd_ms=98.46, eta=9066.5s]
Training:  59%|█████▉    | 395136/672000 [3:35:50<2:27:32, 31.28step/s, avg_reward=-43.24, steps/s=30.5, act_ms=16.75, env_ms=16.95, upd_ms=98.46, eta=9066.5s]
Training:  59%|█████▉    | 397824/672000 [3:37:05<2:26:14, 31.25step/s, avg_reward=-37.60, steps/s=30.5, act_ms=16.74, env_ms=16.95, upd_ms=98.45, eta=8977.2s]
Training:  59%|█████▉    | 397824/672000 [3:37:20<2:26:14, 31.25step/s, avg_reward=-37.60, steps/s=30.5, act_ms=16.74, env_ms=16.95, upd_ms=98.45, eta=8977.2s]
Training:  60%|█████▉    | 400512/672000 [3:38:31<2:24:53, 31.23step/s, avg_reward=-47.23, steps/s=30.5, act_ms=16.73, env_ms=16.95, upd_ms=98.43, eta=8888.0s]
Training:  60%|█████▉    | 400512/672000 [3:38:50<2:24:53, 31.23step/s, avg_reward=-47.23, steps/s=30.5, act_ms=16.73, env_ms=16.95, upd_ms=98.43, eta=8888.0s]
Training:  60%|██████    | 403200/672000 [3:39:58<2:23:36, 31.20step/s, avg_reward=-47.48, steps/s=30.5, act_ms=16.73, env_ms=16.95, upd_ms=98.41, eta=8798.9s]
Training:  60%|██████    | 403200/672000 [3:40:10<2:23:36, 31.20step/s, avg_reward=-47.48, steps/s=30.5, act_ms=16.73, env_ms=16.95, upd_ms=98.41, eta=8798.9s]
Training:  60%|██████    | 405888/672000 [3:41:24<2:22:06, 31.21step/s, avg_reward=-33.00, steps/s=30.6, act_ms=16.72, env_ms=16.95, upd_ms=98.39, eta=8709.6s]
Training:  60%|██████    | 405888/672000 [3:41:40<2:22:06, 31.21step/s, avg_reward=-33.00, steps/s=30.6, act_ms=16.72, env_ms=16.95, upd_ms=98.39, eta=8709.6s]
Training:  61%|██████    | 408576/672000 [3:42:48<2:19:53, 31.38step/s, avg_reward=-24.75, steps/s=30.6, act_ms=16.70, env_ms=16.95, upd_ms=98.36, eta=8619.4s]
Training:  61%|██████    | 408576/672000 [3:43:00<2:19:53, 31.38step/s, avg_reward=-24.75, steps/s=30.6, act_ms=16.70, env_ms=16.95, upd_ms=98.36, eta=8619.4s]
Training:  61%|██████    | 411264/672000 [3:44:13<2:17:43, 31.55step/s, avg_reward=-24.32, steps/s=30.6, act_ms=16.69, env_ms=16.94, upd_ms=98.33, eta=8529.1s]
Training:  61%|██████    | 411264/672000 [3:44:30<2:17:43, 31.55step/s, avg_reward=-24.32, steps/s=30.6, act_ms=16.69, env_ms=16.94, upd_ms=98.33, eta=8529.1s]
Training:  62%|██████▏   | 413952/672000 [3:45:38<2:16:33, 31.49step/s, avg_reward=-11.43, steps/s=30.6, act_ms=16.69, env_ms=16.92, upd_ms=98.32, eta=8439.8s]
Training:  62%|██████▏   | 413952/672000 [3:45:50<2:16:33, 31.49step/s, avg_reward=-11.43, steps/s=30.6, act_ms=16.69, env_ms=16.92, upd_ms=98.32, eta=8439.8s]
Training:  62%|██████▏   | 416640/672000 [3:47:04<2:15:16, 31.46step/s, avg_reward=-8.41, steps/s=30.6, act_ms=16.69, env_ms=16.91, upd_ms=98.31, eta=8350.4s] 
Training:  62%|██████▏   | 416640/672000 [3:47:20<2:15:16, 31.46step/s, avg_reward=-8.41, steps/s=30.6, act_ms=16.69, env_ms=16.91, upd_ms=98.31, eta=8350.4s]
Training:  62%|██████▏   | 419328/672000 [3:48:30<2:14:01, 31.42step/s, avg_reward=-12.83, steps/s=30.6, act_ms=16.69, env_ms=16.89, upd_ms=98.30, eta=8261.3s]
Training:  62%|██████▏   | 419328/672000 [3:48:40<2:14:01, 31.42step/s, avg_reward=-12.83, steps/s=30.6, act_ms=16.69, env_ms=16.89, upd_ms=98.30, eta=8261.3s]
Training:  63%|██████▎   | 422016/672000 [3:49:56<2:12:46, 31.38step/s, avg_reward=-14.42, steps/s=30.6, act_ms=16.69, env_ms=16.87, upd_ms=98.29, eta=8172.2s]
Training:  63%|██████▎   | 422016/672000 [3:50:10<2:12:46, 31.38step/s, avg_reward=-14.42, steps/s=30.6, act_ms=16.69, env_ms=16.87, upd_ms=98.29, eta=8172.2s]
Training:  63%|██████▎   | 424704/672000 [3:51:21<2:11:13, 31.41step/s, avg_reward=-5.73, steps/s=30.6, act_ms=16.69, env_ms=16.85, upd_ms=98.27, eta=8082.9s] 
Training:  63%|██████▎   | 424704/672000 [3:51:41<2:11:13, 31.41step/s, avg_reward=-5.73, steps/s=30.6, act_ms=16.69, env_ms=16.85, upd_ms=98.27, eta=8082.9s]
Training:  64%|██████▎   | 427392/672000 [3:52:48<2:10:18, 31.29step/s, avg_reward=-16.31, steps/s=30.6, act_ms=16.70, env_ms=16.84, upd_ms=98.27, eta=7994.4s]
Training:  64%|██████▎   | 427392/672000 [3:53:01<2:10:18, 31.29step/s, avg_reward=-16.31, steps/s=30.6, act_ms=16.70, env_ms=16.84, upd_ms=98.27, eta=7994.4s]
Training:  64%|██████▍   | 430080/672000 [3:54:14<2:08:57, 31.27step/s, avg_reward=-15.89, steps/s=30.6, act_ms=16.70, env_ms=16.82, upd_ms=98.26, eta=7905.6s]
Training:  64%|██████▍   | 430080/672000 [3:54:31<2:08:57, 31.27step/s, avg_reward=-15.89, steps/s=30.6, act_ms=16.70, env_ms=16.82, upd_ms=98.26, eta=7905.6s]
Training:  64%|██████▍   | 432768/672000 [3:55:38<2:06:53, 31.42step/s, avg_reward=-3.02, steps/s=30.6, act_ms=16.70, env_ms=16.80, upd_ms=98.24, eta=7815.9s] 
Training:  64%|██████▍   | 432768/672000 [3:55:51<2:06:53, 31.42step/s, avg_reward=-3.02, steps/s=30.6, act_ms=16.70, env_ms=16.80, upd_ms=98.24, eta=7815.9s]
Training:  65%|██████▍   | 435456/672000 [3:57:04<2:05:21, 31.45step/s, avg_reward=-2.58, steps/s=30.6, act_ms=16.70, env_ms=16.79, upd_ms=98.23, eta=7726.7s]
Training:  65%|██████▍   | 435456/672000 [3:57:21<2:05:21, 31.45step/s, avg_reward=-2.58, steps/s=30.6, act_ms=16.70, env_ms=16.79, upd_ms=98.23, eta=7726.7s]
Training:  65%|██████▌   | 438144/672000 [3:58:32<2:05:01, 31.17step/s, avg_reward=-3.70, steps/s=30.6, act_ms=16.70, env_ms=16.77, upd_ms=98.23, eta=7639.0s]
Training:  65%|██████▌   | 438144/672000 [3:58:51<2:05:01, 31.17step/s, avg_reward=-3.70, steps/s=30.6, act_ms=16.70, env_ms=16.77, upd_ms=98.23, eta=7639.0s]
Training:  66%|██████▌   | 440832/672000 [3:59:58<2:03:50, 31.11step/s, avg_reward=-9.98, steps/s=30.6, act_ms=16.71, env_ms=16.75, upd_ms=98.23, eta=7550.7s]
Training:  66%|██████▌   | 440832/672000 [4:00:11<2:03:50, 31.11step/s, avg_reward=-9.98, steps/s=30.6, act_ms=16.71, env_ms=16.75, upd_ms=98.23, eta=7550.7s]
Training:  66%|██████▌   | 443520/672000 [4:01:24<2:01:58, 31.22step/s, avg_reward=-15.53, steps/s=30.6, act_ms=16.70, env_ms=16.74, upd_ms=98.22, eta=7461.6s]
Training:  66%|██████▌   | 443520/672000 [4:01:41<2:01:58, 31.22step/s, avg_reward=-15.53, steps/s=30.6, act_ms=16.70, env_ms=16.74, upd_ms=98.22, eta=7461.6s]
Training:  66%|██████▋   | 446208/672000 [4:02:50<2:00:34, 31.21step/s, avg_reward=-17.19, steps/s=30.6, act_ms=16.71, env_ms=16.72, upd_ms=98.21, eta=7373.1s]
Training:  66%|██████▋   | 446208/672000 [4:03:01<2:00:34, 31.21step/s, avg_reward=-17.19, steps/s=30.6, act_ms=16.71, env_ms=16.72, upd_ms=98.21, eta=7373.1s]
Training:  67%|██████▋   | 448896/672000 [4:04:17<1:59:29, 31.12step/s, avg_reward=-25.31, steps/s=30.6, act_ms=16.71, env_ms=16.71, upd_ms=98.21, eta=7284.9s]
Training:  67%|██████▋   | 448896/672000 [4:04:31<1:59:29, 31.12step/s, avg_reward=-25.31, steps/s=30.6, act_ms=16.71, env_ms=16.71, upd_ms=98.21, eta=7284.9s]
Training:  67%|██████▋   | 451584/672000 [4:05:43<1:57:55, 31.15step/s, avg_reward=-21.37, steps/s=30.6, act_ms=16.71, env_ms=16.69, upd_ms=98.20, eta=7196.3s]
Training:  67%|██████▋   | 451584/672000 [4:06:01<1:57:55, 31.15step/s, avg_reward=-21.37, steps/s=30.6, act_ms=16.71, env_ms=16.69, upd_ms=98.20, eta=7196.3s]
Training:  68%|██████▊   | 454272/672000 [4:07:08<1:55:47, 31.34step/s, avg_reward=-18.85, steps/s=30.6, act_ms=16.71, env_ms=16.68, upd_ms=98.18, eta=7107.0s]
Training:  68%|██████▊   | 454272/672000 [4:07:21<1:55:47, 31.34step/s, avg_reward=-18.85, steps/s=30.6, act_ms=16.71, env_ms=16.68, upd_ms=98.18, eta=7107.0s]
Training:  68%|██████▊   | 456960/672000 [4:08:34<1:54:27, 31.31step/s, avg_reward=-21.94, steps/s=30.6, act_ms=16.71, env_ms=16.66, upd_ms=98.17, eta=7018.4s]
Training:  68%|██████▊   | 456960/672000 [4:08:51<1:54:27, 31.31step/s, avg_reward=-21.94, steps/s=30.6, act_ms=16.71, env_ms=16.66, upd_ms=98.17, eta=7018.4s]
Training:  68%|██████▊   | 459648/672000 [4:09:59<1:52:43, 31.40step/s, avg_reward=-17.89, steps/s=30.6, act_ms=16.71, env_ms=16.65, upd_ms=98.16, eta=6929.5s]
Training:  68%|██████▊   | 459648/672000 [4:10:11<1:52:43, 31.40step/s, avg_reward=-17.89, steps/s=30.6, act_ms=16.71, env_ms=16.65, upd_ms=98.16, eta=6929.5s]
Training:  69%|██████▉   | 462336/672000 [4:11:25<1:51:31, 31.33step/s, avg_reward=-22.77, steps/s=30.6, act_ms=16.71, env_ms=16.63, upd_ms=98.15, eta=6841.1s]
Training:  69%|██████▉   | 462336/672000 [4:11:42<1:51:31, 31.33step/s, avg_reward=-22.77, steps/s=30.6, act_ms=16.71, env_ms=16.63, upd_ms=98.15, eta=6841.1s]
Training:  69%|██████▉   | 465024/672000 [4:12:51<1:50:11, 31.31step/s, avg_reward=-21.77, steps/s=30.7, act_ms=16.71, env_ms=16.62, upd_ms=98.14, eta=6752.6s]
Training:  69%|██████▉   | 465024/672000 [4:13:02<1:50:11, 31.31step/s, avg_reward=-21.77, steps/s=30.7, act_ms=16.71, env_ms=16.62, upd_ms=98.14, eta=6752.6s]
Training:  70%|██████▉   | 467712/672000 [4:14:16<1:48:22, 31.42step/s, avg_reward=-34.33, steps/s=30.7, act_ms=16.71, env_ms=16.60, upd_ms=98.13, eta=6663.7s]
Training:  70%|██████▉   | 467712/672000 [4:14:32<1:48:22, 31.42step/s, avg_reward=-34.33, steps/s=30.7, act_ms=16.71, env_ms=16.60, upd_ms=98.13, eta=6663.7s]
Training:  70%|███████   | 470400/672000 [4:15:41<1:46:52, 31.44step/s, avg_reward=-34.80, steps/s=30.7, act_ms=16.71, env_ms=16.59, upd_ms=98.12, eta=6575.0s]
Training:  70%|███████   | 470400/672000 [4:15:52<1:46:52, 31.44step/s, avg_reward=-34.80, steps/s=30.7, act_ms=16.71, env_ms=16.59, upd_ms=98.12, eta=6575.0s]
Training:  70%|███████   | 473088/672000 [4:17:08<1:45:54, 31.30step/s, avg_reward=-31.40, steps/s=30.7, act_ms=16.71, env_ms=16.58, upd_ms=98.11, eta=6487.0s]
Training:  70%|███████   | 473088/672000 [4:17:22<1:45:54, 31.30step/s, avg_reward=-31.40, steps/s=30.7, act_ms=16.71, env_ms=16.58, upd_ms=98.11, eta=6487.0s]
Training:  71%|███████   | 475776/672000 [4:18:35<1:44:46, 31.21step/s, avg_reward=-41.63, steps/s=30.7, act_ms=16.71, env_ms=16.56, upd_ms=98.11, eta=6398.9s]
Training:  71%|███████   | 475776/672000 [4:18:52<1:44:46, 31.21step/s, avg_reward=-41.63, steps/s=30.7, act_ms=16.71, env_ms=16.56, upd_ms=98.11, eta=6398.9s]
Training:  71%|███████   | 478464/672000 [4:20:00<1:42:55, 31.34step/s, avg_reward=-37.72, steps/s=30.7, act_ms=16.71, env_ms=16.55, upd_ms=98.10, eta=6310.1s]
Training:  71%|███████   | 478464/672000 [4:20:12<1:42:55, 31.34step/s, avg_reward=-37.72, steps/s=30.7, act_ms=16.71, env_ms=16.55, upd_ms=98.10, eta=6310.1s]
Training:  72%|███████▏  | 481152/672000 [4:21:26<1:41:42, 31.27step/s, avg_reward=-39.08, steps/s=30.7, act_ms=16.72, env_ms=16.53, upd_ms=98.09, eta=6222.0s]
Training:  72%|███████▏  | 481152/672000 [4:21:42<1:41:42, 31.27step/s, avg_reward=-39.08, steps/s=30.7, act_ms=16.72, env_ms=16.53, upd_ms=98.09, eta=6222.0s]
Training:  72%|███████▏  | 483840/672000 [4:22:54<1:41:06, 31.02step/s, avg_reward=-35.18, steps/s=30.7, act_ms=16.72, env_ms=16.52, upd_ms=98.10, eta=6134.6s]
Training:  72%|███████▏  | 483840/672000 [4:23:12<1:41:06, 31.02step/s, avg_reward=-35.18, steps/s=30.7, act_ms=16.72, env_ms=16.52, upd_ms=98.10, eta=6134.6s]
Training:  72%|███████▏  | 486528/672000 [4:24:21<1:39:43, 31.00step/s, avg_reward=-36.06, steps/s=30.7, act_ms=16.73, env_ms=16.51, upd_ms=98.09, eta=6046.7s]
Training:  72%|███████▏  | 486528/672000 [4:24:32<1:39:43, 31.00step/s, avg_reward=-36.06, steps/s=30.7, act_ms=16.73, env_ms=16.51, upd_ms=98.09, eta=6046.7s]
Training:  73%|███████▎  | 489216/672000 [4:25:46<1:37:30, 31.24step/s, avg_reward=-34.78, steps/s=30.7, act_ms=16.72, env_ms=16.49, upd_ms=98.08, eta=5957.9s]
Training:  73%|███████▎  | 489216/672000 [4:26:02<1:37:30, 31.24step/s, avg_reward=-34.78, steps/s=30.7, act_ms=16.72, env_ms=16.49, upd_ms=98.08, eta=5957.9s]
Training:  73%|███████▎  | 491904/672000 [4:27:11<1:36:00, 31.26step/s, avg_reward=-36.89, steps/s=30.7, act_ms=16.73, env_ms=16.48, upd_ms=98.07, eta=5869.6s]
Training:  73%|███████▎  | 491904/672000 [4:27:22<1:36:00, 31.26step/s, avg_reward=-36.89, steps/s=30.7, act_ms=16.73, env_ms=16.48, upd_ms=98.07, eta=5869.6s]
Training:  74%|███████▎  | 494592/672000 [4:28:39<1:34:59, 31.13step/s, avg_reward=-36.52, steps/s=30.7, act_ms=16.73, env_ms=16.47, upd_ms=98.07, eta=5781.9s]
Training:  74%|███████▎  | 494592/672000 [4:28:52<1:34:59, 31.13step/s, avg_reward=-36.52, steps/s=30.7, act_ms=16.73, env_ms=16.47, upd_ms=98.07, eta=5781.9s]
Training:  74%|███████▍  | 497280/672000 [4:30:05<1:33:39, 31.09step/s, avg_reward=-35.61, steps/s=30.7, act_ms=16.73, env_ms=16.46, upd_ms=98.07, eta=5693.9s]
Training:  74%|███████▍  | 497280/672000 [4:30:22<1:33:39, 31.09step/s, avg_reward=-35.61, steps/s=30.7, act_ms=16.73, env_ms=16.46, upd_ms=98.07, eta=5693.9s]
Training:  74%|███████▍  | 499968/672000 [4:31:30<1:31:43, 31.26step/s, avg_reward=-31.57, steps/s=30.7, act_ms=16.73, env_ms=16.44, upd_ms=98.05, eta=5605.4s]
Training:  74%|███████▍  | 499968/672000 [4:31:43<1:31:43, 31.26step/s, avg_reward=-31.57, steps/s=30.7, act_ms=16.73, env_ms=16.44, upd_ms=98.05, eta=5605.4s]
Training:  75%|███████▍  | 502656/672000 [4:32:56<1:30:14, 31.28step/s, avg_reward=-22.55, steps/s=30.7, act_ms=16.73, env_ms=16.43, upd_ms=98.05, eta=5517.2s]
Training:  75%|███████▍  | 502656/672000 [4:33:13<1:30:14, 31.28step/s, avg_reward=-22.55, steps/s=30.7, act_ms=16.73, env_ms=16.43, upd_ms=98.05, eta=5517.2s]
Training:  75%|███████▌  | 505344/672000 [4:34:22<1:28:46, 31.29step/s, avg_reward=-24.85, steps/s=30.7, act_ms=16.73, env_ms=16.42, upd_ms=98.04, eta=5429.1s]
Training:  75%|███████▌  | 505344/672000 [4:34:33<1:28:46, 31.29step/s, avg_reward=-24.85, steps/s=30.7, act_ms=16.73, env_ms=16.42, upd_ms=98.04, eta=5429.1s]
Training:  76%|███████▌  | 508032/672000 [4:35:48<1:27:20, 31.29step/s, avg_reward=-15.35, steps/s=30.7, act_ms=16.73, env_ms=16.41, upd_ms=98.03, eta=5341.0s]
Training:  76%|███████▌  | 508032/672000 [4:36:03<1:27:20, 31.29step/s, avg_reward=-15.35, steps/s=30.7, act_ms=16.73, env_ms=16.41, upd_ms=98.03, eta=5341.0s]
Training:  76%|███████▌  | 510720/672000 [4:37:16<1:26:35, 31.04step/s, avg_reward=-18.54, steps/s=30.7, act_ms=16.74, env_ms=16.39, upd_ms=98.04, eta=5253.6s]
Training:  76%|███████▌  | 510720/672000 [4:37:33<1:26:35, 31.04step/s, avg_reward=-18.54, steps/s=30.7, act_ms=16.74, env_ms=16.39, upd_ms=98.04, eta=5253.6s]
Training:  76%|███████▋  | 513408/672000 [4:38:45<1:25:48, 30.81step/s, avg_reward=-25.91, steps/s=30.7, act_ms=16.74, env_ms=16.38, upd_ms=98.05, eta=5166.5s]
Training:  76%|███████▋  | 513408/672000 [4:39:03<1:25:48, 30.81step/s, avg_reward=-25.91, steps/s=30.7, act_ms=16.74, env_ms=16.38, upd_ms=98.05, eta=5166.5s]
Training:  77%|███████▋  | 516096/672000 [4:40:11<1:23:59, 30.94step/s, avg_reward=-24.10, steps/s=30.7, act_ms=16.74, env_ms=16.36, upd_ms=98.05, eta=5078.4s]
Training:  77%|███████▋  | 516096/672000 [4:40:23<1:23:59, 30.94step/s, avg_reward=-24.10, steps/s=30.7, act_ms=16.74, env_ms=16.36, upd_ms=98.05, eta=5078.4s]
Training:  77%|███████▋  | 518784/672000 [4:41:36<1:22:08, 31.09step/s, avg_reward=-19.68, steps/s=30.7, act_ms=16.74, env_ms=16.35, upd_ms=98.05, eta=4990.2s]
Training:  77%|███████▋  | 518784/672000 [4:41:53<1:22:08, 31.09step/s, avg_reward=-19.68, steps/s=30.7, act_ms=16.74, env_ms=16.35, upd_ms=98.05, eta=4990.2s]
Training:  78%|███████▊  | 521472/672000 [4:43:00<1:20:00, 31.36step/s, avg_reward=-20.64, steps/s=30.7, act_ms=16.73, env_ms=16.33, upd_ms=98.04, eta=4901.7s]
Training:  78%|███████▊  | 521472/672000 [4:43:13<1:20:00, 31.36step/s, avg_reward=-20.64, steps/s=30.7, act_ms=16.73, env_ms=16.33, upd_ms=98.04, eta=4901.7s]
Training:  78%|███████▊  | 524160/672000 [4:44:25<1:18:22, 31.44step/s, avg_reward=-19.15, steps/s=30.7, act_ms=16.73, env_ms=16.32, upd_ms=98.02, eta=4813.4s]
Training:  78%|███████▊  | 524160/672000 [4:44:43<1:18:22, 31.44step/s, avg_reward=-19.15, steps/s=30.7, act_ms=16.73, env_ms=16.32, upd_ms=98.02, eta=4813.4s]
Training:  78%|███████▊  | 526848/672000 [4:45:49<1:16:28, 31.63step/s, avg_reward=-21.63, steps/s=30.7, act_ms=16.73, env_ms=16.30, upd_ms=98.01, eta=4724.9s]
Training:  78%|███████▊  | 526848/672000 [4:46:03<1:16:28, 31.63step/s, avg_reward=-21.63, steps/s=30.7, act_ms=16.73, env_ms=16.30, upd_ms=98.01, eta=4724.9s]
Training:  79%|███████▉  | 529536/672000 [4:47:16<1:15:32, 31.43step/s, avg_reward=-20.35, steps/s=30.7, act_ms=16.73, env_ms=16.29, upd_ms=98.01, eta=4637.2s]
Training:  79%|███████▉  | 529536/672000 [4:47:33<1:15:32, 31.43step/s, avg_reward=-20.35, steps/s=30.7, act_ms=16.73, env_ms=16.29, upd_ms=98.01, eta=4637.2s]
Training:  79%|███████▉  | 532224/672000 [4:48:42<1:14:20, 31.34step/s, avg_reward=-20.73, steps/s=30.7, act_ms=16.73, env_ms=16.28, upd_ms=98.01, eta=4549.4s]
Training:  79%|███████▉  | 532224/672000 [4:48:53<1:14:20, 31.34step/s, avg_reward=-20.73, steps/s=30.7, act_ms=16.73, env_ms=16.28, upd_ms=98.01, eta=4549.4s]
Training:  80%|███████▉  | 534912/672000 [4:50:10<1:13:27, 31.10step/s, avg_reward=-23.64, steps/s=30.7, act_ms=16.74, env_ms=16.26, upd_ms=98.02, eta=4462.0s]
Training:  80%|███████▉  | 534912/672000 [4:50:23<1:13:27, 31.10step/s, avg_reward=-23.64, steps/s=30.7, act_ms=16.74, env_ms=16.26, upd_ms=98.02, eta=4462.0s]
Training:  80%|████████  | 537600/672000 [4:51:34<1:11:29, 31.33step/s, avg_reward=-18.26, steps/s=30.7, act_ms=16.74, env_ms=16.25, upd_ms=98.00, eta=4373.7s]
Training:  80%|████████  | 537600/672000 [4:51:54<1:11:29, 31.33step/s, avg_reward=-18.26, steps/s=30.7, act_ms=16.74, env_ms=16.25, upd_ms=98.00, eta=4373.7s]
Training:  80%|████████  | 540288/672000 [4:53:01<1:10:10, 31.28step/s, avg_reward=-23.62, steps/s=30.7, act_ms=16.74, env_ms=16.24, upd_ms=98.00, eta=4286.0s]
Training:  80%|████████  | 540288/672000 [4:53:14<1:10:10, 31.28step/s, avg_reward=-23.62, steps/s=30.7, act_ms=16.74, env_ms=16.24, upd_ms=98.00, eta=4286.0s]
Training:  81%|████████  | 542976/672000 [4:54:23<1:07:55, 31.66step/s, avg_reward=-24.72, steps/s=30.7, act_ms=16.74, env_ms=16.22, upd_ms=97.98, eta=4197.3s]
Training:  81%|████████  | 542976/672000 [4:54:34<1:07:55, 31.66step/s, avg_reward=-24.72, steps/s=30.7, act_ms=16.74, env_ms=16.22, upd_ms=97.98, eta=4197.3s]
Training:  81%|████████  | 545664/672000 [4:55:43<1:05:16, 32.26step/s, avg_reward=-16.24, steps/s=30.8, act_ms=16.73, env_ms=16.21, upd_ms=97.94, eta=4108.1s]
Training:  81%|████████  | 545664/672000 [4:55:54<1:05:16, 32.26step/s, avg_reward=-16.24, steps/s=30.8, act_ms=16.73, env_ms=16.21, upd_ms=97.94, eta=4108.1s]
Training:  82%|████████▏ | 548352/672000 [4:57:09<1:04:31, 31.94step/s, avg_reward=-20.42, steps/s=30.8, act_ms=16.73, env_ms=16.19, upd_ms=97.94, eta=4020.4s]
Training:  82%|████████▏ | 548352/672000 [4:57:24<1:04:31, 31.94step/s, avg_reward=-20.42, steps/s=30.8, act_ms=16.73, env_ms=16.19, upd_ms=97.94, eta=4020.4s]
Training:  82%|████████▏ | 551040/672000 [4:58:37<1:03:55, 31.53step/s, avg_reward=-20.92, steps/s=30.8, act_ms=16.73, env_ms=16.18, upd_ms=97.95, eta=3933.0s]
Training:  82%|████████▏ | 551040/672000 [4:58:54<1:03:55, 31.53step/s, avg_reward=-20.92, steps/s=30.8, act_ms=16.73, env_ms=16.18, upd_ms=97.95, eta=3933.0s]
Training:  82%|████████▏ | 553728/672000 [5:00:00<1:02:02, 31.77step/s, avg_reward=-25.94, steps/s=30.8, act_ms=16.73, env_ms=16.16, upd_ms=97.93, eta=3844.7s]
Training:  82%|████████▏ | 553728/672000 [5:00:14<1:02:02, 31.77step/s, avg_reward=-25.94, steps/s=30.8, act_ms=16.73, env_ms=16.16, upd_ms=97.93, eta=3844.7s]
Training:  83%|████████▎ | 556416/672000 [5:01:28<1:01:23, 31.38step/s, avg_reward=-30.11, steps/s=30.8, act_ms=16.73, env_ms=16.15, upd_ms=97.94, eta=3757.5s]
Training:  83%|████████▎ | 556416/672000 [5:01:44<1:01:23, 31.38step/s, avg_reward=-30.11, steps/s=30.8, act_ms=16.73, env_ms=16.15, upd_ms=97.94, eta=3757.5s]
Training:  83%|████████▎ | 559104/672000 [5:02:54<1:00:03, 31.33step/s, avg_reward=-40.93, steps/s=30.8, act_ms=16.73, env_ms=16.14, upd_ms=97.94, eta=3669.9s]
Training:  83%|████████▎ | 559104/672000 [5:03:14<1:00:03, 31.33step/s, avg_reward=-40.93, steps/s=30.8, act_ms=16.73, env_ms=16.14, upd_ms=97.94, eta=3669.9s]
Training:  84%|████████▎ | 561792/672000 [5:04:18<58:10, 31.57step/s, avg_reward=-49.24, steps/s=30.8, act_ms=16.73, env_ms=16.13, upd_ms=97.92, eta=3581.8s]  
Training:  84%|████████▎ | 561792/672000 [5:04:34<58:10, 31.57step/s, avg_reward=-49.24, steps/s=30.8, act_ms=16.73, env_ms=16.13, upd_ms=97.92, eta=3581.8s]
Training:  84%|████████▍ | 564480/672000 [5:05:42<56:39, 31.62step/s, avg_reward=-52.17, steps/s=30.8, act_ms=16.73, env_ms=16.11, upd_ms=97.91, eta=3493.9s]
Training:  84%|████████▍ | 564480/672000 [5:05:54<56:39, 31.62step/s, avg_reward=-52.17, steps/s=30.8, act_ms=16.73, env_ms=16.11, upd_ms=97.91, eta=3493.9s]
Training:  84%|████████▍ | 567168/672000 [5:07:07<55:12, 31.65step/s, avg_reward=-51.85, steps/s=30.8, act_ms=16.72, env_ms=16.10, upd_ms=97.91, eta=3406.1s]
Training:  84%|████████▍ | 567168/672000 [5:07:24<55:12, 31.65step/s, avg_reward=-51.85, steps/s=30.8, act_ms=16.72, env_ms=16.10, upd_ms=97.91, eta=3406.1s]
Training:  85%|████████▍ | 569856/672000 [5:08:31<53:35, 31.76step/s, avg_reward=-50.15, steps/s=30.8, act_ms=16.72, env_ms=16.08, upd_ms=97.90, eta=3318.1s]
Training:  85%|████████▍ | 569856/672000 [5:08:44<53:35, 31.76step/s, avg_reward=-50.15, steps/s=30.8, act_ms=16.72, env_ms=16.08, upd_ms=97.90, eta=3318.1s]
Training:  85%|████████▌ | 572544/672000 [5:09:48<50:51, 32.59step/s, avg_reward=-43.68, steps/s=30.8, act_ms=16.71, env_ms=16.07, upd_ms=97.85, eta=3229.1s]
Training:  85%|████████▌ | 572544/672000 [5:10:04<50:51, 32.59step/s, avg_reward=-43.68, steps/s=30.8, act_ms=16.71, env_ms=16.07, upd_ms=97.85, eta=3229.1s]
Training:  86%|████████▌ | 575232/672000 [5:11:07<48:49, 33.04step/s, avg_reward=-48.43, steps/s=30.8, act_ms=16.70, env_ms=16.05, upd_ms=97.81, eta=3140.4s]
Training:  86%|████████▌ | 575232/672000 [5:11:24<48:49, 33.04step/s, avg_reward=-48.43, steps/s=30.8, act_ms=16.70, env_ms=16.05, upd_ms=97.81, eta=3140.4s]
Training:  86%|████████▌ | 577920/672000 [5:12:28<47:26, 33.05step/s, avg_reward=-45.42, steps/s=30.8, act_ms=16.69, env_ms=16.04, upd_ms=97.79, eta=3052.2s]
Training:  86%|████████▌ | 577920/672000 [5:12:44<47:26, 33.05step/s, avg_reward=-45.42, steps/s=30.8, act_ms=16.69, env_ms=16.04, upd_ms=97.79, eta=3052.2s]
Training:  86%|████████▋ | 580608/672000 [5:13:54<46:44, 32.59step/s, avg_reward=-38.06, steps/s=30.8, act_ms=16.69, env_ms=16.02, upd_ms=97.78, eta=2964.6s]
Training:  86%|████████▋ | 580608/672000 [5:14:05<46:44, 32.59step/s, avg_reward=-38.06, steps/s=30.8, act_ms=16.69, env_ms=16.02, upd_ms=97.78, eta=2964.6s]
Training:  87%|████████▋ | 583296/672000 [5:15:20<46:02, 32.11step/s, avg_reward=-39.36, steps/s=30.8, act_ms=16.69, env_ms=16.01, upd_ms=97.79, eta=2877.4s]
Training:  87%|████████▋ | 583296/672000 [5:15:35<46:02, 32.11step/s, avg_reward=-39.36, steps/s=30.8, act_ms=16.69, env_ms=16.01, upd_ms=97.79, eta=2877.4s]
Training:  87%|████████▋ | 585984/672000 [5:16:46<44:55, 31.91step/s, avg_reward=-37.14, steps/s=30.8, act_ms=16.69, env_ms=16.00, upd_ms=97.78, eta=2789.9s]
Training:  87%|████████▋ | 585984/672000 [5:17:05<44:55, 31.91step/s, avg_reward=-37.14, steps/s=30.8, act_ms=16.69, env_ms=16.00, upd_ms=97.78, eta=2789.9s]
Training:  88%|████████▊ | 588672/672000 [5:18:11<43:44, 31.75step/s, avg_reward=-38.06, steps/s=30.8, act_ms=16.69, env_ms=15.99, upd_ms=97.78, eta=2702.5s]
Training:  88%|████████▊ | 588672/672000 [5:18:25<43:44, 31.75step/s, avg_reward=-38.06, steps/s=30.8, act_ms=16.69, env_ms=15.99, upd_ms=97.78, eta=2702.5s]
Training:  88%|████████▊ | 591360/672000 [5:19:36<42:22, 31.72step/s, avg_reward=-30.20, steps/s=30.8, act_ms=16.69, env_ms=15.98, upd_ms=97.77, eta=2615.0s]
Training:  88%|████████▊ | 591360/672000 [5:19:55<42:22, 31.72step/s, avg_reward=-30.20, steps/s=30.8, act_ms=16.69, env_ms=15.98, upd_ms=97.77, eta=2615.0s]
Training:  88%|████████▊ | 594048/672000 [5:21:04<41:21, 31.41step/s, avg_reward=-29.24, steps/s=30.8, act_ms=16.70, env_ms=15.97, upd_ms=97.77, eta=2527.9s]
Training:  88%|████████▊ | 594048/672000 [5:21:15<41:21, 31.41step/s, avg_reward=-29.24, steps/s=30.8, act_ms=16.70, env_ms=15.97, upd_ms=97.77, eta=2527.9s]
Training:  89%|████████▉ | 596736/672000 [5:22:32<40:19, 31.11step/s, avg_reward=-21.58, steps/s=30.8, act_ms=16.70, env_ms=15.96, upd_ms=97.78, eta=2440.9s]
Training:  89%|████████▉ | 596736/672000 [5:22:45<40:19, 31.11step/s, avg_reward=-21.58, steps/s=30.8, act_ms=16.70, env_ms=15.96, upd_ms=97.78, eta=2440.9s]
Training:  89%|████████▉ | 599424/672000 [5:23:57<38:40, 31.28step/s, avg_reward=-21.00, steps/s=30.8, act_ms=16.70, env_ms=15.95, upd_ms=97.78, eta=2353.4s]
Training:  89%|████████▉ | 599424/672000 [5:24:15<38:40, 31.28step/s, avg_reward=-21.00, steps/s=30.8, act_ms=16.70, env_ms=15.95, upd_ms=97.78, eta=2353.4s]
Training:  90%|████████▉ | 602112/672000 [5:25:24<37:25, 31.12step/s, avg_reward=-20.58, steps/s=30.8, act_ms=16.70, env_ms=15.94, upd_ms=97.78, eta=2266.3s]
Training:  90%|████████▉ | 602112/672000 [5:25:35<37:25, 31.12step/s, avg_reward=-20.58, steps/s=30.8, act_ms=16.70, env_ms=15.94, upd_ms=97.78, eta=2266.3s]
Training:  90%|█████████ | 604800/672000 [5:26:46<35:22, 31.66step/s, avg_reward=-23.06, steps/s=30.8, act_ms=16.69, env_ms=15.93, upd_ms=97.76, eta=2178.5s]
Training:  90%|█████████ | 604800/672000 [5:27:05<35:22, 31.66step/s, avg_reward=-23.06, steps/s=30.8, act_ms=16.69, env_ms=15.93, upd_ms=97.76, eta=2178.5s]
Training:  90%|█████████ | 607488/672000 [5:28:20<35:07, 30.62step/s, avg_reward=-23.97, steps/s=30.8, act_ms=16.69, env_ms=15.94, upd_ms=97.80, eta=2092.1s]
Training:  90%|█████████ | 607488/672000 [5:28:35<35:07, 30.62step/s, avg_reward=-23.97, steps/s=30.8, act_ms=16.69, env_ms=15.94, upd_ms=97.80, eta=2092.1s]
Training:  91%|█████████ | 610176/672000 [5:29:54<34:17, 30.04step/s, avg_reward=-24.20, steps/s=30.8, act_ms=16.69, env_ms=15.95, upd_ms=97.83, eta=2005.6s]
Training:  91%|█████████ | 610176/672000 [5:30:05<34:17, 30.04step/s, avg_reward=-24.20, steps/s=30.8, act_ms=16.69, env_ms=15.95, upd_ms=97.83, eta=2005.6s]
Training:  91%|█████████ | 612864/672000 [5:31:26<33:05, 29.78step/s, avg_reward=-32.36, steps/s=30.8, act_ms=16.69, env_ms=15.95, upd_ms=97.85, eta=1918.9s]
Training:  91%|█████████ | 612864/672000 [5:31:46<33:05, 29.78step/s, avg_reward=-32.36, steps/s=30.8, act_ms=16.69, env_ms=15.95, upd_ms=97.85, eta=1918.9s]
Training:  92%|█████████▏| 615552/672000 [5:32:56<31:35, 29.79step/s, avg_reward=-44.26, steps/s=30.8, act_ms=16.68, env_ms=15.96, upd_ms=97.87, eta=1831.9s]
Training:  92%|█████████▏| 615552/672000 [5:33:16<31:35, 29.79step/s, avg_reward=-44.26, steps/s=30.8, act_ms=16.68, env_ms=15.96, upd_ms=97.87, eta=1831.9s]
Training:  92%|█████████▏| 618240/672000 [5:34:26<30:00, 29.86step/s, avg_reward=-49.74, steps/s=30.8, act_ms=16.67, env_ms=15.96, upd_ms=97.88, eta=1744.9s]
Training:  92%|█████████▏| 618240/672000 [5:34:36<30:00, 29.86step/s, avg_reward=-49.74, steps/s=30.8, act_ms=16.67, env_ms=15.96, upd_ms=97.88, eta=1744.9s]
Training:  92%|█████████▏| 620928/672000 [5:35:55<28:26, 29.92step/s, avg_reward=-49.89, steps/s=30.8, act_ms=16.67, env_ms=15.97, upd_ms=97.89, eta=1657.8s]
Training:  92%|█████████▏| 620928/672000 [5:36:06<28:26, 29.92step/s, avg_reward=-49.89, steps/s=30.8, act_ms=16.67, env_ms=15.97, upd_ms=97.89, eta=1657.8s]
Training:  93%|█████████▎| 623616/672000 [5:37:24<26:53, 29.99step/s, avg_reward=-45.38, steps/s=30.8, act_ms=16.67, env_ms=15.96, upd_ms=97.91, eta=1570.7s]
Training:  93%|█████████▎| 623616/672000 [5:37:36<26:53, 29.99step/s, avg_reward=-45.38, steps/s=30.8, act_ms=16.67, env_ms=15.96, upd_ms=97.91, eta=1570.7s]
Training:  93%|█████████▎| 626304/672000 [5:38:55<25:28, 29.89step/s, avg_reward=-44.61, steps/s=30.8, act_ms=16.68, env_ms=15.95, upd_ms=97.93, eta=1483.7s]
Training:  93%|█████████▎| 626304/672000 [5:39:06<25:28, 29.89step/s, avg_reward=-44.61, steps/s=30.8, act_ms=16.68, env_ms=15.95, upd_ms=97.93, eta=1483.7s]
Training:  94%|█████████▎| 628992/672000 [5:40:27<24:11, 29.63step/s, avg_reward=-42.90, steps/s=30.8, act_ms=16.69, env_ms=15.93, upd_ms=97.96, eta=1396.8s]
Training:  94%|█████████▎| 628992/672000 [5:40:46<24:11, 29.63step/s, avg_reward=-42.90, steps/s=30.8, act_ms=16.69, env_ms=15.93, upd_ms=97.96, eta=1396.8s]
Training:  94%|█████████▍| 631680/672000 [5:42:00<22:51, 29.39step/s, avg_reward=-43.41, steps/s=30.8, act_ms=16.70, env_ms=15.93, upd_ms=98.00, eta=1309.8s]
Training:  94%|█████████▍| 631680/672000 [5:42:16<22:51, 29.39step/s, avg_reward=-43.41, steps/s=30.8, act_ms=16.70, env_ms=15.93, upd_ms=98.00, eta=1309.8s]
Training:  94%|█████████▍| 634368/672000 [5:43:33<21:24, 29.29step/s, avg_reward=-46.74, steps/s=30.8, act_ms=16.71, env_ms=15.91, upd_ms=98.03, eta=1222.8s]
Training:  94%|█████████▍| 634368/672000 [5:43:46<21:24, 29.29step/s, avg_reward=-46.74, steps/s=30.8, act_ms=16.71, env_ms=15.91, upd_ms=98.03, eta=1222.8s]
Training:  95%|█████████▍| 637056/672000 [5:45:05<19:52, 29.31step/s, avg_reward=-47.66, steps/s=30.8, act_ms=16.71, env_ms=15.90, upd_ms=98.05, eta=1135.7s]
Training:  95%|█████████▍| 637056/672000 [5:45:16<19:52, 29.31step/s, avg_reward=-47.66, steps/s=30.8, act_ms=16.71, env_ms=15.90, upd_ms=98.05, eta=1135.7s]
Training:  95%|█████████▌| 639744/672000 [5:46:31<18:00, 29.85step/s, avg_reward=-45.09, steps/s=30.8, act_ms=16.71, env_ms=15.89, upd_ms=98.05, eta=1048.3s]
Training:  95%|█████████▌| 639744/672000 [5:46:46<18:00, 29.85step/s, avg_reward=-45.09, steps/s=30.8, act_ms=16.71, env_ms=15.89, upd_ms=98.05, eta=1048.3s]
Training:  96%|█████████▌| 642432/672000 [5:47:53<16:04, 30.65step/s, avg_reward=-54.31, steps/s=30.8, act_ms=16.71, env_ms=15.88, upd_ms=98.04, eta=960.7s] 
Training:  96%|█████████▌| 642432/672000 [5:48:06<16:04, 30.65step/s, avg_reward=-54.31, steps/s=30.8, act_ms=16.71, env_ms=15.88, upd_ms=98.04, eta=960.7s]
Training:  96%|█████████▌| 645120/672000 [5:49:24<14:48, 30.26step/s, avg_reward=-51.44, steps/s=30.8, act_ms=16.71, env_ms=15.89, upd_ms=98.06, eta=873.5s]
Training:  96%|█████████▌| 645120/672000 [5:49:36<14:48, 30.26step/s, avg_reward=-51.44, steps/s=30.8, act_ms=16.71, env_ms=15.89, upd_ms=98.06, eta=873.5s]
Training:  96%|█████████▋| 647808/672000 [5:51:03<13:44, 29.33step/s, avg_reward=-56.43, steps/s=30.8, act_ms=16.70, env_ms=15.90, upd_ms=98.10, eta=786.6s]
Training:  96%|█████████▋| 647808/672000 [5:51:16<13:44, 29.33step/s, avg_reward=-56.43, steps/s=30.8, act_ms=16.70, env_ms=15.90, upd_ms=98.10, eta=786.6s]
Training:  97%|█████████▋| 650496/672000 [5:52:40<12:27, 28.79step/s, avg_reward=-46.23, steps/s=30.7, act_ms=16.70, env_ms=15.92, upd_ms=98.14, eta=699.5s]
Training:  97%|█████████▋| 650496/672000 [5:52:57<12:27, 28.79step/s, avg_reward=-46.23, steps/s=30.7, act_ms=16.70, env_ms=15.92, upd_ms=98.14, eta=699.5s]
Training:  97%|█████████▋| 653184/672000 [5:54:18<11:03, 28.34step/s, avg_reward=-45.15, steps/s=30.7, act_ms=16.71, env_ms=15.93, upd_ms=98.20, eta=612.4s]
Training:  97%|█████████▋| 653184/672000 [5:54:37<11:03, 28.34step/s, avg_reward=-45.15, steps/s=30.7, act_ms=16.71, env_ms=15.93, upd_ms=98.20, eta=612.4s]
Training:  98%|█████████▊| 655872/672000 [5:55:42<09:09, 29.36step/s, avg_reward=-44.92, steps/s=30.7, act_ms=16.70, env_ms=15.91, upd_ms=98.19, eta=524.8s]
Training:  98%|█████████▊| 655872/672000 [5:55:57<09:09, 29.36step/s, avg_reward=-44.92, steps/s=30.7, act_ms=16.70, env_ms=15.91, upd_ms=98.19, eta=524.8s]
Training:  98%|█████████▊| 658560/672000 [5:57:08<07:29, 29.88step/s, avg_reward=-42.80, steps/s=30.7, act_ms=16.70, env_ms=15.91, upd_ms=98.19, eta=437.3s]
Training:  98%|█████████▊| 658560/672000 [5:57:27<07:29, 29.88step/s, avg_reward=-42.80, steps/s=30.7, act_ms=16.70, env_ms=15.91, upd_ms=98.19, eta=437.3s]
Training:  98%|█████████▊| 661248/672000 [5:58:41<06:03, 29.59step/s, avg_reward=-46.18, steps/s=30.7, act_ms=16.70, env_ms=15.91, upd_ms=98.21, eta=349.9s]
Training:  98%|█████████▊| 661248/672000 [5:58:57<06:03, 29.59step/s, avg_reward=-46.18, steps/s=30.7, act_ms=16.70, env_ms=15.91, upd_ms=98.21, eta=349.9s]
Training:  99%|█████████▉| 663936/672000 [6:00:03<04:24, 30.48step/s, avg_reward=-38.74, steps/s=30.7, act_ms=16.70, env_ms=15.90, upd_ms=98.20, eta=262.4s]
Training:  99%|█████████▉| 663936/672000 [6:00:17<04:24, 30.48step/s, avg_reward=-38.74, steps/s=30.7, act_ms=16.70, env_ms=15.90, upd_ms=98.20, eta=262.4s]
Training:  99%|█████████▉| 666624/672000 [6:01:41<03:02, 29.49step/s, avg_reward=-42.11, steps/s=30.7, act_ms=16.70, env_ms=15.91, upd_ms=98.24, eta=175.0s]
Training:  99%|█████████▉| 666624/672000 [6:01:57<03:02, 29.49step/s, avg_reward=-42.11, steps/s=30.7, act_ms=16.70, env_ms=15.91, upd_ms=98.24, eta=175.0s]
Training: 100%|█████████▉| 669312/672000 [6:03:25<01:34, 28.35step/s, avg_reward=-40.63, steps/s=30.7, act_ms=16.70, env_ms=15.93, upd_ms=98.31, eta=87.6s] 
Training: 100%|█████████▉| 669312/672000 [6:03:37<01:34, 28.35step/s, avg_reward=-40.63, steps/s=30.7, act_ms=16.70, env_ms=15.93, upd_ms=98.31, eta=87.6s]
Training: 100%|██████████| 672000/672000 [6:05:03<00:00, 28.02step/s, avg_reward=-47.11, steps/s=30.7, act_ms=16.70, env_ms=15.94, upd_ms=98.36, eta=0.0s] 
Training: 100%|██████████| 672000/672000 [6:05:03<00:00, 30.68step/s, avg_reward=-47.11, steps/s=30.7, act_ms=16.70, env_ms=15.94, upd_ms=98.36, eta=0.0s]
