
Training:   0%|          | 0/672000 [00:00<?, ?step/s]
Training:   0%|          | 2688/672000 [00:14<1:00:45, 183.59step/s, avg_reward=-68.65, steps/s=183.6, act_ms=5.49, env_ms=16.13, upd_ms=0.00, eta=3646.0s]
Training:   1%|          | 5376/672000 [00:28<59:35, 186.45step/s, avg_reward=-44.72, steps/s=186.0, act_ms=5.34, env_ms=16.00, upd_ms=0.00, eta=3583.8s]  
Training:   1%|          | 5376/672000 [00:40<59:35, 186.45step/s, avg_reward=-44.72, steps/s=186.0, act_ms=5.34, env_ms=16.00, upd_ms=0.00, eta=3583.8s]
Training:   1%|          | 8064/672000 [01:07<1:43:55, 106.47step/s, avg_reward=-37.80, steps/s=120.3, act_ms=5.16, env_ms=15.94, upd_ms=35.94, eta=5519.1s]
Training:   1%|          | 8064/672000 [01:20<1:43:55, 106.47step/s, avg_reward=-37.80, steps/s=120.3, act_ms=5.16, env_ms=15.94, upd_ms=35.94, eta=5519.1s]
Training:   2%|▏         | 10752/672000 [01:53<2:17:26, 80.18step/s, avg_reward=-29.85, steps/s=94.9, act_ms=5.03, env_ms=16.06, upd_ms=41.74, eta=6964.6s] 
Training:   2%|▏         | 10752/672000 [02:10<2:17:26, 80.18step/s, avg_reward=-29.85, steps/s=94.9, act_ms=5.03, env_ms=16.06, upd_ms=41.74, eta=6964.6s]
Training:   2%|▏         | 13440/672000 [02:39<2:35:57, 70.38step/s, avg_reward=-26.26, steps/s=84.1, act_ms=5.00, env_ms=15.97, upd_ms=44.01, eta=7826.5s]
Training:   2%|▏         | 13440/672000 [02:50<2:35:57, 70.38step/s, avg_reward=-26.26, steps/s=84.1, act_ms=5.00, env_ms=15.97, upd_ms=44.01, eta=7826.5s]
Training:   2%|▏         | 16128/672000 [03:25<2:45:50, 65.91step/s, avg_reward=-20.82, steps/s=78.5, act_ms=4.93, env_ms=15.99, upd_ms=44.83, eta=8358.2s]
Training:   2%|▏         | 16128/672000 [03:40<2:45:50, 65.91step/s, avg_reward=-20.82, steps/s=78.5, act_ms=4.93, env_ms=15.99, upd_ms=44.83, eta=8358.2s]
Training:   3%|▎         | 18816/672000 [04:10<2:51:21, 63.53step/s, avg_reward=-20.95, steps/s=75.0, act_ms=4.88, env_ms=15.97, upd_ms=45.28, eta=8713.0s]
Training:   3%|▎         | 18816/672000 [04:30<2:51:21, 63.53step/s, avg_reward=-20.95, steps/s=75.0, act_ms=4.88, env_ms=15.97, upd_ms=45.28, eta=8713.0s]
Training:   3%|▎         | 21504/672000 [04:56<2:54:59, 61.95step/s, avg_reward=-18.80, steps/s=72.5, act_ms=4.86, env_ms=15.92, upd_ms=45.66, eta=8974.5s]
Training:   3%|▎         | 21504/672000 [05:10<2:54:59, 61.95step/s, avg_reward=-18.80, steps/s=72.5, act_ms=4.86, env_ms=15.92, upd_ms=45.66, eta=8974.5s]
Training:   4%|▎         | 24192/672000 [05:43<2:58:18, 60.55step/s, avg_reward=-18.12, steps/s=70.5, act_ms=4.84, env_ms=15.94, upd_ms=46.05, eta=9192.4s]
Training:   4%|▎         | 24192/672000 [06:00<2:58:18, 60.55step/s, avg_reward=-18.12, steps/s=70.5, act_ms=4.84, env_ms=15.94, upd_ms=46.05, eta=9192.4s]
Training:   4%|▍         | 26880/672000 [06:29<2:59:29, 59.90step/s, avg_reward=-17.60, steps/s=69.1, act_ms=4.81, env_ms=15.94, upd_ms=46.27, eta=9341.5s]
Training:   4%|▍         | 26880/672000 [06:40<2:59:29, 59.90step/s, avg_reward=-17.60, steps/s=69.1, act_ms=4.81, env_ms=15.94, upd_ms=46.27, eta=9341.5s]
Training:   4%|▍         | 29568/672000 [07:15<3:00:36, 59.28step/s, avg_reward=-15.90, steps/s=67.9, act_ms=4.80, env_ms=15.96, upd_ms=46.45, eta=9465.2s]
Training:   4%|▍         | 29568/672000 [07:30<3:00:36, 59.28step/s, avg_reward=-15.90, steps/s=67.9, act_ms=4.80, env_ms=15.96, upd_ms=46.45, eta=9465.2s]
Training:   5%|▍         | 32256/672000 [08:01<3:00:41, 59.01step/s, avg_reward=-8.95, steps/s=67.0, act_ms=4.80, env_ms=15.95, upd_ms=46.59, eta=9553.2s] 
Training:   5%|▍         | 32256/672000 [08:20<3:00:41, 59.01step/s, avg_reward=-8.95, steps/s=67.0, act_ms=4.80, env_ms=15.95, upd_ms=46.59, eta=9553.2s]
Training:   5%|▌         | 34944/672000 [08:48<3:01:13, 58.59step/s, avg_reward=-2.12, steps/s=66.1, act_ms=4.79, env_ms=15.93, upd_ms=46.79, eta=9631.3s]
Training:   5%|▌         | 34944/672000 [09:00<3:01:13, 58.59step/s, avg_reward=-2.12, steps/s=66.1, act_ms=4.79, env_ms=15.93, upd_ms=46.79, eta=9631.3s]
Training:   6%|▌         | 37632/672000 [09:35<3:01:49, 58.15step/s, avg_reward=2.86, steps/s=65.4, act_ms=4.78, env_ms=15.93, upd_ms=46.99, eta=9698.4s] 
Training:   6%|▌         | 37632/672000 [09:50<3:01:49, 58.15step/s, avg_reward=2.86, steps/s=65.4, act_ms=4.78, env_ms=15.93, upd_ms=46.99, eta=9698.4s]
Training:   6%|▌         | 40320/672000 [10:21<3:01:31, 58.00step/s, avg_reward=5.60, steps/s=64.8, act_ms=4.77, env_ms=15.90, upd_ms=47.16, eta=9743.9s]
Training:   6%|▌         | 40320/672000 [10:40<3:01:31, 58.00step/s, avg_reward=5.60, steps/s=64.8, act_ms=4.77, env_ms=15.90, upd_ms=47.16, eta=9743.9s]
Training:   6%|▋         | 43008/672000 [11:08<3:01:24, 57.79step/s, avg_reward=8.24, steps/s=64.3, act_ms=4.77, env_ms=15.91, upd_ms=47.28, eta=9782.1s]
Training:   6%|▋         | 43008/672000 [11:20<3:01:24, 57.79step/s, avg_reward=8.24, steps/s=64.3, act_ms=4.77, env_ms=15.91, upd_ms=47.28, eta=9782.1s]
Training:   7%|▋         | 45696/672000 [11:56<3:01:22, 57.55step/s, avg_reward=10.64, steps/s=63.8, act_ms=4.76, env_ms=15.92, upd_ms=47.41, eta=9813.5s]
Training:   7%|▋         | 45696/672000 [12:10<3:01:22, 57.55step/s, avg_reward=10.64, steps/s=63.8, act_ms=4.76, env_ms=15.92, upd_ms=47.41, eta=9813.5s]
Training:   7%|▋         | 48384/672000 [12:43<3:01:08, 57.38step/s, avg_reward=11.77, steps/s=63.4, act_ms=4.76, env_ms=15.91, upd_ms=47.55, eta=9836.5s]
Training:   7%|▋         | 48384/672000 [13:00<3:01:08, 57.38step/s, avg_reward=11.77, steps/s=63.4, act_ms=4.76, env_ms=15.91, upd_ms=47.55, eta=9836.5s]
Training:   8%|▊         | 51072/672000 [13:30<3:00:41, 57.27step/s, avg_reward=11.31, steps/s=63.0, act_ms=4.76, env_ms=15.92, upd_ms=47.64, eta=9851.7s]
Training:   8%|▊         | 51072/672000 [13:40<3:00:41, 57.27step/s, avg_reward=11.31, steps/s=63.0, act_ms=4.76, env_ms=15.92, upd_ms=47.64, eta=9851.7s]
Training:   8%|▊         | 53760/672000 [14:17<3:00:06, 57.21step/s, avg_reward=13.80, steps/s=62.7, act_ms=4.75, env_ms=15.93, upd_ms=47.73, eta=9860.4s]
Training:   8%|▊         | 53760/672000 [14:30<3:00:06, 57.21step/s, avg_reward=13.80, steps/s=62.7, act_ms=4.75, env_ms=15.93, upd_ms=47.73, eta=9860.4s]
Training:   8%|▊         | 56448/672000 [15:03<2:58:45, 57.39step/s, avg_reward=16.42, steps/s=62.4, act_ms=4.74, env_ms=15.96, upd_ms=47.74, eta=9857.0s]
Training:   8%|▊         | 56448/672000 [15:20<2:58:45, 57.39step/s, avg_reward=16.42, steps/s=62.4, act_ms=4.74, env_ms=15.96, upd_ms=47.74, eta=9857.0s]
Training:   9%|▉         | 59136/672000 [15:51<2:58:38, 57.18step/s, avg_reward=22.48, steps/s=62.2, act_ms=4.73, env_ms=15.95, upd_ms=47.86, eta=9859.3s]
Training:   9%|▉         | 59136/672000 [16:10<2:58:38, 57.18step/s, avg_reward=22.48, steps/s=62.2, act_ms=4.73, env_ms=15.95, upd_ms=47.86, eta=9859.3s]
Training:   9%|▉         | 61824/672000 [16:39<2:58:44, 56.89step/s, avg_reward=26.51, steps/s=61.9, act_ms=4.72, env_ms=15.94, upd_ms=47.98, eta=9860.9s]
Training:   9%|▉         | 61824/672000 [16:50<2:58:44, 56.89step/s, avg_reward=26.51, steps/s=61.9, act_ms=4.72, env_ms=15.94, upd_ms=47.98, eta=9860.9s]
Training:  10%|▉         | 64512/672000 [17:27<2:59:00, 56.56step/s, avg_reward=25.89, steps/s=61.6, act_ms=4.72, env_ms=15.96, upd_ms=48.11, eta=9862.0s]
Training:  10%|▉         | 64512/672000 [17:40<2:59:00, 56.56step/s, avg_reward=25.89, steps/s=61.6, act_ms=4.72, env_ms=15.96, upd_ms=48.11, eta=9862.0s]
Training:  10%|█         | 67200/672000 [18:15<2:58:48, 56.37step/s, avg_reward=22.37, steps/s=61.4, act_ms=4.72, env_ms=15.94, upd_ms=48.24, eta=9858.1s]
Training:  10%|█         | 67200/672000 [18:30<2:58:48, 56.37step/s, avg_reward=22.37, steps/s=61.4, act_ms=4.72, env_ms=15.94, upd_ms=48.24, eta=9858.1s]
Training:  10%|█         | 69888/672000 [19:04<2:59:17, 55.97step/s, avg_reward=23.17, steps/s=61.1, act_ms=4.72, env_ms=15.94, upd_ms=48.39, eta=9857.5s]
Training:  10%|█         | 69888/672000 [19:20<2:59:17, 55.97step/s, avg_reward=23.17, steps/s=61.1, act_ms=4.72, env_ms=15.94, upd_ms=48.39, eta=9857.5s]
Training:  11%|█         | 72576/672000 [19:52<2:58:39, 55.92step/s, avg_reward=21.42, steps/s=60.9, act_ms=4.72, env_ms=15.94, upd_ms=48.49, eta=9847.9s]
Training:  11%|█         | 72576/672000 [20:10<2:58:39, 55.92step/s, avg_reward=21.42, steps/s=60.9, act_ms=4.72, env_ms=15.94, upd_ms=48.49, eta=9847.9s]
Training:  11%|█         | 75264/672000 [20:40<2:57:50, 55.92step/s, avg_reward=22.48, steps/s=60.7, act_ms=4.72, env_ms=15.96, upd_ms=48.56, eta=9834.7s]
Training:  11%|█         | 75264/672000 [20:50<2:57:50, 55.92step/s, avg_reward=22.48, steps/s=60.7, act_ms=4.72, env_ms=15.96, upd_ms=48.56, eta=9834.7s]
Training:  12%|█▏        | 77952/672000 [21:29<2:58:00, 55.62step/s, avg_reward=19.65, steps/s=60.5, act_ms=4.71, env_ms=15.96, upd_ms=48.68, eta=9825.8s]
Training:  12%|█▏        | 77952/672000 [21:41<2:58:00, 55.62step/s, avg_reward=19.65, steps/s=60.5, act_ms=4.71, env_ms=15.96, upd_ms=48.68, eta=9825.8s]
Training:  12%|█▏        | 80640/672000 [22:17<2:57:33, 55.51step/s, avg_reward=22.87, steps/s=60.3, act_ms=4.72, env_ms=15.96, upd_ms=48.78, eta=9812.0s]
Training:  12%|█▏        | 80640/672000 [22:31<2:57:33, 55.51step/s, avg_reward=22.87, steps/s=60.3, act_ms=4.72, env_ms=15.96, upd_ms=48.78, eta=9812.0s]
Training:  12%|█▏        | 83328/672000 [23:06<2:56:19, 55.64step/s, avg_reward=24.31, steps/s=60.1, act_ms=4.71, env_ms=15.95, upd_ms=48.86, eta=9791.7s]
Training:  12%|█▏        | 83328/672000 [23:21<2:56:19, 55.64step/s, avg_reward=24.31, steps/s=60.1, act_ms=4.71, env_ms=15.95, upd_ms=48.86, eta=9791.7s]
Training:  13%|█▎        | 86016/672000 [23:52<2:53:53, 56.16step/s, avg_reward=26.00, steps/s=60.0, act_ms=4.71, env_ms=15.93, upd_ms=48.89, eta=9761.3s]
Training:  13%|█▎        | 86016/672000 [24:11<2:53:53, 56.16step/s, avg_reward=26.00, steps/s=60.0, act_ms=4.71, env_ms=15.93, upd_ms=48.89, eta=9761.3s]
Training:  13%|█▎        | 88704/672000 [24:41<2:54:08, 55.82step/s, avg_reward=27.21, steps/s=59.9, act_ms=4.71, env_ms=15.94, upd_ms=48.98, eta=9743.2s]
Training:  13%|█▎        | 88704/672000 [25:01<2:54:08, 55.82step/s, avg_reward=27.21, steps/s=59.9, act_ms=4.71, env_ms=15.94, upd_ms=48.98, eta=9743.2s]
Training:  14%|█▎        | 91392/672000 [25:29<2:53:22, 55.81step/s, avg_reward=23.30, steps/s=59.7, act_ms=4.71, env_ms=15.94, upd_ms=49.03, eta=9719.1s]
Training:  14%|█▎        | 91392/672000 [25:41<2:53:22, 55.81step/s, avg_reward=23.30, steps/s=59.7, act_ms=4.71, env_ms=15.94, upd_ms=49.03, eta=9719.1s]
Training:  14%|█▍        | 94080/672000 [26:17<2:52:05, 55.97step/s, avg_reward=20.59, steps/s=59.6, act_ms=4.70, env_ms=15.93, upd_ms=49.09, eta=9690.8s]
Training:  14%|█▍        | 94080/672000 [26:31<2:52:05, 55.97step/s, avg_reward=20.59, steps/s=59.6, act_ms=4.70, env_ms=15.93, upd_ms=49.09, eta=9690.8s]
Training:  14%|█▍        | 96768/672000 [27:05<2:51:15, 55.98step/s, avg_reward=19.16, steps/s=59.5, act_ms=4.70, env_ms=15.92, upd_ms=49.15, eta=9663.1s]
Training:  14%|█▍        | 96768/672000 [27:21<2:51:15, 55.98step/s, avg_reward=19.16, steps/s=59.5, act_ms=4.70, env_ms=15.92, upd_ms=49.15, eta=9663.1s]
Training:  15%|█▍        | 99456/672000 [27:54<2:51:05, 55.77step/s, avg_reward=18.83, steps/s=59.4, act_ms=4.70, env_ms=15.91, upd_ms=49.22, eta=9637.9s]
Training:  15%|█▍        | 99456/672000 [28:11<2:51:05, 55.77step/s, avg_reward=18.83, steps/s=59.4, act_ms=4.70, env_ms=15.91, upd_ms=49.22, eta=9637.9s]
Training:  15%|█▌        | 102144/672000 [28:47<2:55:44, 54.04step/s, avg_reward=18.64, steps/s=59.1, act_ms=4.69, env_ms=15.90, upd_ms=49.50, eta=9637.7s]
Training:  15%|█▌        | 102144/672000 [29:01<2:55:44, 54.04step/s, avg_reward=18.64, steps/s=59.1, act_ms=4.69, env_ms=15.90, upd_ms=49.50, eta=9637.7s]
Training:  16%|█▌        | 104832/672000 [29:42<3:00:06, 52.48step/s, avg_reward=19.79, steps/s=58.8, act_ms=4.69, env_ms=15.90, upd_ms=49.81, eta=9642.1s]
Training:  16%|█▌        | 104832/672000 [30:01<3:00:06, 52.48step/s, avg_reward=19.79, steps/s=58.8, act_ms=4.69, env_ms=15.90, upd_ms=49.81, eta=9642.1s]
Training:  16%|█▌        | 107520/672000 [30:37<3:03:09, 51.37step/s, avg_reward=24.23, steps/s=58.5, act_ms=4.69, env_ms=15.89, upd_ms=50.12, eta=9644.9s]
Training:  16%|█▌        | 107520/672000 [30:51<3:03:09, 51.37step/s, avg_reward=24.23, steps/s=58.5, act_ms=4.69, env_ms=15.89, upd_ms=50.12, eta=9644.9s]
Training:  16%|█▋        | 110208/672000 [31:32<3:05:01, 50.60step/s, avg_reward=30.07, steps/s=58.2, act_ms=4.69, env_ms=15.89, upd_ms=50.39, eta=9645.0s]
Training:  16%|█▋        | 110208/672000 [31:51<3:05:01, 50.60step/s, avg_reward=30.07, steps/s=58.2, act_ms=4.69, env_ms=15.89, upd_ms=50.39, eta=9645.0s]
Training:  17%|█▋        | 112896/672000 [32:26<3:05:12, 50.31step/s, avg_reward=27.74, steps/s=58.0, act_ms=4.69, env_ms=15.88, upd_ms=50.64, eta=9638.4s]
Training:  17%|█▋        | 112896/672000 [32:41<3:05:12, 50.31step/s, avg_reward=27.74, steps/s=58.0, act_ms=4.69, env_ms=15.88, upd_ms=50.64, eta=9638.4s]
Training:  17%|█▋        | 115584/672000 [33:19<3:04:10, 50.35step/s, avg_reward=31.00, steps/s=57.8, act_ms=4.68, env_ms=15.88, upd_ms=50.84, eta=9625.5s]
Training:  17%|█▋        | 115584/672000 [33:31<3:04:10, 50.35step/s, avg_reward=31.00, steps/s=57.8, act_ms=4.68, env_ms=15.88, upd_ms=50.84, eta=9625.5s]
Training:  18%|█▊        | 118272/672000 [34:11<3:01:29, 50.85step/s, avg_reward=31.48, steps/s=57.7, act_ms=4.67, env_ms=15.88, upd_ms=50.98, eta=9603.1s]
Training:  18%|█▊        | 118272/672000 [34:21<3:01:29, 50.85step/s, avg_reward=31.48, steps/s=57.7, act_ms=4.67, env_ms=15.88, upd_ms=50.98, eta=9603.1s]
Training:  18%|█▊        | 120960/672000 [35:04<3:00:51, 50.78step/s, avg_reward=32.44, steps/s=57.5, act_ms=4.67, env_ms=15.88, upd_ms=51.15, eta=9586.0s]
Training:  18%|█▊        | 120960/672000 [35:21<3:00:51, 50.78step/s, avg_reward=32.44, steps/s=57.5, act_ms=4.67, env_ms=15.88, upd_ms=51.15, eta=9586.0s]
Training:  18%|█▊        | 123648/672000 [35:58<3:01:04, 50.47step/s, avg_reward=32.73, steps/s=57.3, act_ms=4.67, env_ms=15.87, upd_ms=51.35, eta=9571.4s]
Training:  18%|█▊        | 123648/672000 [36:11<3:01:04, 50.47step/s, avg_reward=32.73, steps/s=57.3, act_ms=4.67, env_ms=15.87, upd_ms=51.35, eta=9571.4s]
Training:  19%|█▉        | 126336/672000 [36:50<2:59:02, 50.80step/s, avg_reward=33.59, steps/s=57.2, act_ms=4.66, env_ms=15.88, upd_ms=51.47, eta=9547.0s]
Training:  19%|█▉        | 126336/672000 [37:01<2:59:02, 50.80step/s, avg_reward=33.59, steps/s=57.2, act_ms=4.66, env_ms=15.88, upd_ms=51.47, eta=9547.0s]
Training:  19%|█▉        | 129024/672000 [37:42<2:57:13, 51.06step/s, avg_reward=38.74, steps/s=57.0, act_ms=4.65, env_ms=15.91, upd_ms=51.57, eta=9520.8s]
Training:  19%|█▉        | 129024/672000 [38:01<2:57:13, 51.06step/s, avg_reward=38.74, steps/s=57.0, act_ms=4.65, env_ms=15.91, upd_ms=51.57, eta=9520.8s]
Training:  20%|█▉        | 131712/672000 [38:34<2:56:05, 51.14step/s, avg_reward=43.30, steps/s=56.9, act_ms=4.64, env_ms=15.92, upd_ms=51.68, eta=9495.2s]
Training:  20%|█▉        | 131712/672000 [38:51<2:56:05, 51.14step/s, avg_reward=43.30, steps/s=56.9, act_ms=4.64, env_ms=15.92, upd_ms=51.68, eta=9495.2s]
Training:  20%|██        | 134400/672000 [39:26<2:54:42, 51.29step/s, avg_reward=46.70, steps/s=56.8, act_ms=4.64, env_ms=15.94, upd_ms=51.78, eta=9467.3s]
Training:  20%|██        | 134400/672000 [39:41<2:54:42, 51.29step/s, avg_reward=46.70, steps/s=56.8, act_ms=4.64, env_ms=15.94, upd_ms=51.78, eta=9467.3s]
Training:  20%|██        | 137088/672000 [40:19<2:54:01, 51.23step/s, avg_reward=49.20, steps/s=56.7, act_ms=4.63, env_ms=15.95, upd_ms=51.89, eta=9440.5s]
Training:  20%|██        | 137088/672000 [40:31<2:54:01, 51.23step/s, avg_reward=49.20, steps/s=56.7, act_ms=4.63, env_ms=15.95, upd_ms=51.89, eta=9440.5s]
Training:  21%|██        | 139776/672000 [41:12<2:53:22, 51.16step/s, avg_reward=45.35, steps/s=56.5, act_ms=4.62, env_ms=15.96, upd_ms=52.00, eta=9413.1s]
Training:  21%|██        | 139776/672000 [41:32<2:53:22, 51.16step/s, avg_reward=45.35, steps/s=56.5, act_ms=4.62, env_ms=15.96, upd_ms=52.00, eta=9413.1s]
Training:  21%|██        | 142464/672000 [42:04<2:52:21, 51.21step/s, avg_reward=43.89, steps/s=56.4, act_ms=4.62, env_ms=15.98, upd_ms=52.09, eta=9383.5s]
Training:  21%|██        | 142464/672000 [42:22<2:52:21, 51.21step/s, avg_reward=43.89, steps/s=56.4, act_ms=4.62, env_ms=15.98, upd_ms=52.09, eta=9383.5s]
Training:  22%|██▏       | 145152/672000 [42:56<2:51:09, 51.30step/s, avg_reward=41.76, steps/s=56.3, act_ms=4.61, env_ms=15.99, upd_ms=52.18, eta=9352.4s]
Training:  22%|██▏       | 145152/672000 [43:12<2:51:09, 51.30step/s, avg_reward=41.76, steps/s=56.3, act_ms=4.61, env_ms=15.99, upd_ms=52.18, eta=9352.4s]
Training:  22%|██▏       | 147840/672000 [43:49<2:50:29, 51.24step/s, avg_reward=45.00, steps/s=56.2, act_ms=4.61, env_ms=16.00, upd_ms=52.27, eta=9322.0s]
Training:  22%|██▏       | 147840/672000 [44:02<2:50:29, 51.24step/s, avg_reward=45.00, steps/s=56.2, act_ms=4.61, env_ms=16.00, upd_ms=52.27, eta=9322.0s]
Training:  22%|██▏       | 150528/672000 [44:41<2:49:49, 51.18step/s, avg_reward=44.62, steps/s=56.1, act_ms=4.61, env_ms=16.01, upd_ms=52.36, eta=9291.0s]
Training:  22%|██▏       | 150528/672000 [44:52<2:49:49, 51.18step/s, avg_reward=44.62, steps/s=56.1, act_ms=4.61, env_ms=16.01, upd_ms=52.36, eta=9291.0s]
Training:  23%|██▎       | 153216/672000 [45:34<2:49:19, 51.07step/s, avg_reward=45.22, steps/s=56.0, act_ms=4.60, env_ms=16.02, upd_ms=52.46, eta=9260.1s]
Training:  23%|██▎       | 153216/672000 [45:52<2:49:19, 51.07step/s, avg_reward=45.22, steps/s=56.0, act_ms=4.60, env_ms=16.02, upd_ms=52.46, eta=9260.1s]
Training:  23%|██▎       | 155904/672000 [46:27<2:48:21, 51.09step/s, avg_reward=50.18, steps/s=55.9, act_ms=4.60, env_ms=16.03, upd_ms=52.54, eta=9227.3s]
Training:  23%|██▎       | 155904/672000 [46:42<2:48:21, 51.09step/s, avg_reward=50.18, steps/s=55.9, act_ms=4.60, env_ms=16.03, upd_ms=52.54, eta=9227.3s]
Training:  24%|██▎       | 158592/672000 [47:19<2:47:07, 51.20step/s, avg_reward=48.86, steps/s=55.8, act_ms=4.59, env_ms=16.04, upd_ms=52.61, eta=9192.8s]
Training:  24%|██▎       | 158592/672000 [47:32<2:47:07, 51.20step/s, avg_reward=48.86, steps/s=55.8, act_ms=4.59, env_ms=16.04, upd_ms=52.61, eta=9192.8s]
Training:  24%|██▍       | 161280/672000 [48:11<2:45:49, 51.33step/s, avg_reward=47.18, steps/s=55.8, act_ms=4.59, env_ms=16.04, upd_ms=52.68, eta=9157.1s]
Training:  24%|██▍       | 161280/672000 [48:22<2:45:49, 51.33step/s, avg_reward=47.18, steps/s=55.8, act_ms=4.59, env_ms=16.04, upd_ms=52.68, eta=9157.1s]
Training:  24%|██▍       | 163968/672000 [49:03<2:44:47, 51.38step/s, avg_reward=47.58, steps/s=55.7, act_ms=4.58, env_ms=16.05, upd_ms=52.75, eta=9121.3s]
Training:  24%|██▍       | 163968/672000 [49:22<2:44:47, 51.38step/s, avg_reward=47.58, steps/s=55.7, act_ms=4.58, env_ms=16.05, upd_ms=52.75, eta=9121.3s]
Training:  25%|██▍       | 166656/672000 [49:56<2:43:52, 51.39step/s, avg_reward=41.95, steps/s=55.6, act_ms=4.58, env_ms=16.05, upd_ms=52.83, eta=9085.2s]
Training:  25%|██▍       | 166656/672000 [50:12<2:43:52, 51.39step/s, avg_reward=41.95, steps/s=55.6, act_ms=4.58, env_ms=16.05, upd_ms=52.83, eta=9085.2s]
Training:  25%|██▌       | 169344/672000 [50:48<2:43:16, 51.31step/s, avg_reward=41.29, steps/s=55.5, act_ms=4.57, env_ms=16.06, upd_ms=52.90, eta=9049.5s]
Training:  25%|██▌       | 169344/672000 [51:02<2:43:16, 51.31step/s, avg_reward=41.29, steps/s=55.5, act_ms=4.57, env_ms=16.06, upd_ms=52.90, eta=9049.5s]
Training:  26%|██▌       | 172032/672000 [51:40<2:42:14, 51.36step/s, avg_reward=42.80, steps/s=55.5, act_ms=4.57, env_ms=16.07, upd_ms=52.96, eta=9012.2s]
Training:  26%|██▌       | 172032/672000 [51:52<2:42:14, 51.36step/s, avg_reward=42.80, steps/s=55.5, act_ms=4.57, env_ms=16.07, upd_ms=52.96, eta=9012.2s]
Training:  26%|██▌       | 174720/672000 [52:32<2:41:00, 51.47step/s, avg_reward=42.66, steps/s=55.4, act_ms=4.56, env_ms=16.08, upd_ms=53.01, eta=8973.7s]
Training:  26%|██▌       | 174720/672000 [52:52<2:41:00, 51.47step/s, avg_reward=42.66, steps/s=55.4, act_ms=4.56, env_ms=16.08, upd_ms=53.01, eta=8973.7s]
Training:  26%|██▋       | 177408/672000 [53:25<2:40:05, 51.49step/s, avg_reward=43.22, steps/s=55.4, act_ms=4.56, env_ms=16.09, upd_ms=53.06, eta=8935.4s]
Training:  26%|██▋       | 177408/672000 [53:42<2:40:05, 51.49step/s, avg_reward=43.22, steps/s=55.4, act_ms=4.56, env_ms=16.09, upd_ms=53.06, eta=8935.4s]
Training:  27%|██▋       | 180096/672000 [54:17<2:39:43, 51.33step/s, avg_reward=42.01, steps/s=55.3, act_ms=4.56, env_ms=16.09, upd_ms=53.13, eta=8898.3s]
Training:  27%|██▋       | 180096/672000 [54:32<2:39:43, 51.33step/s, avg_reward=42.01, steps/s=55.3, act_ms=4.56, env_ms=16.09, upd_ms=53.13, eta=8898.3s]
Training:  27%|██▋       | 182784/672000 [55:10<2:38:41, 51.38step/s, avg_reward=37.43, steps/s=55.2, act_ms=4.55, env_ms=16.10, upd_ms=53.19, eta=8859.2s]
Training:  27%|██▋       | 182784/672000 [55:22<2:38:41, 51.38step/s, avg_reward=37.43, steps/s=55.2, act_ms=4.55, env_ms=16.10, upd_ms=53.19, eta=8859.2s]
Training:  28%|██▊       | 185472/672000 [56:01<2:37:29, 51.49step/s, avg_reward=37.23, steps/s=55.2, act_ms=4.55, env_ms=16.11, upd_ms=53.24, eta=8819.1s]
Training:  28%|██▊       | 185472/672000 [56:12<2:37:29, 51.49step/s, avg_reward=37.23, steps/s=55.2, act_ms=4.55, env_ms=16.11, upd_ms=53.24, eta=8819.1s]
Training:  28%|██▊       | 188160/672000 [56:53<2:36:18, 51.59step/s, avg_reward=34.78, steps/s=55.1, act_ms=4.54, env_ms=16.11, upd_ms=53.28, eta=8778.5s]
Training:  28%|██▊       | 188160/672000 [57:12<2:36:18, 51.59step/s, avg_reward=34.78, steps/s=55.1, act_ms=4.54, env_ms=16.11, upd_ms=53.28, eta=8778.5s]
Training:  28%|██▊       | 190848/672000 [57:46<2:35:42, 51.50step/s, avg_reward=33.94, steps/s=55.1, act_ms=4.54, env_ms=16.11, upd_ms=53.34, eta=8738.9s]
Training:  28%|██▊       | 190848/672000 [58:02<2:35:42, 51.50step/s, avg_reward=33.94, steps/s=55.1, act_ms=4.54, env_ms=16.11, upd_ms=53.34, eta=8738.9s]
Training:  29%|██▉       | 193536/672000 [58:38<2:34:57, 51.46step/s, avg_reward=34.35, steps/s=55.0, act_ms=4.54, env_ms=16.11, upd_ms=53.39, eta=8698.7s]
Training:  29%|██▉       | 193536/672000 [58:52<2:34:57, 51.46step/s, avg_reward=34.35, steps/s=55.0, act_ms=4.54, env_ms=16.11, upd_ms=53.39, eta=8698.7s]
Training:  29%|██▉       | 196224/672000 [59:30<2:34:08, 51.44step/s, avg_reward=35.72, steps/s=55.0, act_ms=4.53, env_ms=16.12, upd_ms=53.44, eta=8658.2s]
Training:  29%|██▉       | 196224/672000 [59:42<2:34:08, 51.44step/s, avg_reward=35.72, steps/s=55.0, act_ms=4.53, env_ms=16.12, upd_ms=53.44, eta=8658.2s]
Training:  30%|██▉       | 198912/672000 [1:00:22<2:33:01, 51.53step/s, avg_reward=38.76, steps/s=54.9, act_ms=4.53, env_ms=16.12, upd_ms=53.49, eta=8616.5s]
Training:  30%|██▉       | 198912/672000 [1:00:32<2:33:01, 51.53step/s, avg_reward=38.76, steps/s=54.9, act_ms=4.53, env_ms=16.12, upd_ms=53.49, eta=8616.5s]
Training:  30%|███       | 201600/672000 [1:01:14<2:31:38, 51.70step/s, avg_reward=37.41, steps/s=54.9, act_ms=4.53, env_ms=16.12, upd_ms=53.53, eta=8573.7s]
Training:  30%|███       | 201600/672000 [1:01:32<2:31:38, 51.70step/s, avg_reward=37.41, steps/s=54.9, act_ms=4.53, env_ms=16.12, upd_ms=53.53, eta=8573.7s]
Training:  30%|███       | 204288/672000 [1:02:06<2:30:51, 51.67step/s, avg_reward=37.16, steps/s=54.8, act_ms=4.52, env_ms=16.12, upd_ms=53.57, eta=8531.8s]
Training:  30%|███       | 204288/672000 [1:02:22<2:30:51, 51.67step/s, avg_reward=37.16, steps/s=54.8, act_ms=4.52, env_ms=16.12, upd_ms=53.57, eta=8531.8s]
Training:  31%|███       | 206976/672000 [1:02:58<2:29:31, 51.83step/s, avg_reward=40.34, steps/s=54.8, act_ms=4.52, env_ms=16.12, upd_ms=53.60, eta=8488.2s]
Training:  31%|███       | 206976/672000 [1:03:13<2:29:31, 51.83step/s, avg_reward=40.34, steps/s=54.8, act_ms=4.52, env_ms=16.12, upd_ms=53.60, eta=8488.2s]
Training:  31%|███       | 209664/672000 [1:03:49<2:28:43, 51.81step/s, avg_reward=40.80, steps/s=54.7, act_ms=4.52, env_ms=16.13, upd_ms=53.64, eta=8445.5s]
Training:  31%|███       | 209664/672000 [1:04:03<2:28:43, 51.81step/s, avg_reward=40.80, steps/s=54.7, act_ms=4.52, env_ms=16.13, upd_ms=53.64, eta=8445.5s]
Training:  32%|███▏      | 212352/672000 [1:04:42<2:28:04, 51.74step/s, avg_reward=41.81, steps/s=54.7, act_ms=4.51, env_ms=16.14, upd_ms=53.67, eta=8402.9s]
Training:  32%|███▏      | 212352/672000 [1:04:53<2:28:04, 51.74step/s, avg_reward=41.81, steps/s=54.7, act_ms=4.51, env_ms=16.14, upd_ms=53.67, eta=8402.9s]
Training:  32%|███▏      | 215040/672000 [1:05:34<2:27:13, 51.73step/s, avg_reward=42.57, steps/s=54.7, act_ms=4.51, env_ms=16.14, upd_ms=53.71, eta=8359.8s]
Training:  32%|███▏      | 215040/672000 [1:05:53<2:27:13, 51.73step/s, avg_reward=42.57, steps/s=54.7, act_ms=4.51, env_ms=16.14, upd_ms=53.71, eta=8359.8s]
Training:  32%|███▏      | 217728/672000 [1:06:26<2:26:44, 51.60step/s, avg_reward=43.01, steps/s=54.6, act_ms=4.51, env_ms=16.14, upd_ms=53.75, eta=8317.4s]
Training:  32%|███▏      | 217728/672000 [1:06:43<2:26:44, 51.60step/s, avg_reward=43.01, steps/s=54.6, act_ms=4.51, env_ms=16.14, upd_ms=53.75, eta=8317.4s]
Training:  33%|███▎      | 220416/672000 [1:07:18<2:25:40, 51.66step/s, avg_reward=44.55, steps/s=54.6, act_ms=4.51, env_ms=16.15, upd_ms=53.78, eta=8273.6s]
Training:  33%|███▎      | 220416/672000 [1:07:33<2:25:40, 51.66step/s, avg_reward=44.55, steps/s=54.6, act_ms=4.51, env_ms=16.15, upd_ms=53.78, eta=8273.6s]
Training:  33%|███▎      | 223104/672000 [1:08:10<2:24:47, 51.67step/s, avg_reward=43.83, steps/s=54.5, act_ms=4.51, env_ms=16.15, upd_ms=53.82, eta=8229.9s]
Training:  33%|███▎      | 223104/672000 [1:08:23<2:24:47, 51.67step/s, avg_reward=43.83, steps/s=54.5, act_ms=4.51, env_ms=16.15, upd_ms=53.82, eta=8229.9s]
Training:  34%|███▎      | 225792/672000 [1:09:02<2:23:46, 51.73step/s, avg_reward=40.38, steps/s=54.5, act_ms=4.50, env_ms=16.15, upd_ms=53.85, eta=8185.7s]
Training:  34%|███▎      | 225792/672000 [1:09:13<2:23:46, 51.73step/s, avg_reward=40.38, steps/s=54.5, act_ms=4.50, env_ms=16.15, upd_ms=53.85, eta=8185.7s]
Training:  34%|███▍      | 228480/672000 [1:09:53<2:22:30, 51.87step/s, avg_reward=47.15, steps/s=54.5, act_ms=4.50, env_ms=16.16, upd_ms=53.86, eta=8140.6s]
Training:  34%|███▍      | 228480/672000 [1:10:13<2:22:30, 51.87step/s, avg_reward=47.15, steps/s=54.5, act_ms=4.50, env_ms=16.16, upd_ms=53.86, eta=8140.6s]
Training:  34%|███▍      | 231168/672000 [1:10:46<2:22:32, 51.55step/s, avg_reward=42.07, steps/s=54.4, act_ms=4.50, env_ms=16.17, upd_ms=53.90, eta=8098.1s]
Training:  34%|███▍      | 231168/672000 [1:11:03<2:22:32, 51.55step/s, avg_reward=42.07, steps/s=54.4, act_ms=4.50, env_ms=16.17, upd_ms=53.90, eta=8098.1s]
Training:  35%|███▍      | 233856/672000 [1:11:38<2:21:39, 51.55step/s, avg_reward=43.42, steps/s=54.4, act_ms=4.50, env_ms=16.17, upd_ms=53.93, eta=8053.9s]
Training:  35%|███▍      | 233856/672000 [1:11:53<2:21:39, 51.55step/s, avg_reward=43.42, steps/s=54.4, act_ms=4.50, env_ms=16.17, upd_ms=53.93, eta=8053.9s]
Training:  35%|███▌      | 236544/672000 [1:12:30<2:20:50, 51.53step/s, avg_reward=43.85, steps/s=54.4, act_ms=4.50, env_ms=16.18, upd_ms=53.97, eta=8009.6s]
Training:  35%|███▌      | 236544/672000 [1:12:43<2:20:50, 51.53step/s, avg_reward=43.85, steps/s=54.4, act_ms=4.50, env_ms=16.18, upd_ms=53.97, eta=8009.6s]
Training:  36%|███▌      | 239232/672000 [1:13:22<2:19:19, 51.77step/s, avg_reward=41.01, steps/s=54.3, act_ms=4.49, env_ms=16.18, upd_ms=53.99, eta=7963.6s]
Training:  36%|███▌      | 239232/672000 [1:13:33<2:19:19, 51.77step/s, avg_reward=41.01, steps/s=54.3, act_ms=4.49, env_ms=16.18, upd_ms=53.99, eta=7963.6s]
Training:  36%|███▌      | 241920/672000 [1:14:15<2:19:15, 51.48step/s, avg_reward=42.44, steps/s=54.3, act_ms=4.49, env_ms=16.19, upd_ms=54.02, eta=7920.3s]
Training:  36%|███▌      | 241920/672000 [1:14:33<2:19:15, 51.48step/s, avg_reward=42.44, steps/s=54.3, act_ms=4.49, env_ms=16.19, upd_ms=54.02, eta=7920.3s]
Training:  36%|███▋      | 244608/672000 [1:15:07<2:18:25, 51.46step/s, avg_reward=43.31, steps/s=54.3, act_ms=4.49, env_ms=16.20, upd_ms=54.05, eta=7875.6s]
Training:  36%|███▋      | 244608/672000 [1:15:23<2:18:25, 51.46step/s, avg_reward=43.31, steps/s=54.3, act_ms=4.49, env_ms=16.20, upd_ms=54.05, eta=7875.6s]
Training:  37%|███▋      | 247296/672000 [1:15:59<2:17:36, 51.44step/s, avg_reward=44.94, steps/s=54.2, act_ms=4.49, env_ms=16.20, upd_ms=54.08, eta=7830.9s]
Training:  37%|███▋      | 247296/672000 [1:16:13<2:17:36, 51.44step/s, avg_reward=44.94, steps/s=54.2, act_ms=4.49, env_ms=16.20, upd_ms=54.08, eta=7830.9s]
Training:  37%|███▋      | 249984/672000 [1:16:52<2:17:15, 51.25step/s, avg_reward=45.01, steps/s=54.2, act_ms=4.49, env_ms=16.20, upd_ms=54.12, eta=7787.0s]
Training:  37%|███▋      | 249984/672000 [1:17:03<2:17:15, 51.25step/s, avg_reward=45.01, steps/s=54.2, act_ms=4.49, env_ms=16.20, upd_ms=54.12, eta=7787.0s]
Training:  38%|███▊      | 252672/672000 [1:17:44<2:16:07, 51.34step/s, avg_reward=49.79, steps/s=54.2, act_ms=4.49, env_ms=16.20, upd_ms=54.15, eta=7741.6s]
Training:  38%|███▊      | 252672/672000 [1:18:03<2:16:07, 51.34step/s, avg_reward=49.79, steps/s=54.2, act_ms=4.49, env_ms=16.20, upd_ms=54.15, eta=7741.6s]
Training:  38%|███▊      | 255360/672000 [1:18:36<2:14:33, 51.61step/s, avg_reward=48.22, steps/s=54.1, act_ms=4.48, env_ms=16.21, upd_ms=54.17, eta=7694.9s]
Training:  38%|███▊      | 255360/672000 [1:18:53<2:14:33, 51.61step/s, avg_reward=48.22, steps/s=54.1, act_ms=4.48, env_ms=16.21, upd_ms=54.17, eta=7694.9s]
Training:  38%|███▊      | 258048/672000 [1:19:29<2:14:30, 51.29step/s, avg_reward=50.46, steps/s=54.1, act_ms=4.48, env_ms=16.22, upd_ms=54.20, eta=7650.9s]
Training:  38%|███▊      | 258048/672000 [1:19:43<2:14:30, 51.29step/s, avg_reward=50.46, steps/s=54.1, act_ms=4.48, env_ms=16.22, upd_ms=54.20, eta=7650.9s]
Training:  39%|███▉      | 260736/672000 [1:20:22<2:13:55, 51.18step/s, avg_reward=50.44, steps/s=54.1, act_ms=4.48, env_ms=16.23, upd_ms=54.23, eta=7606.1s]
Training:  39%|███▉      | 260736/672000 [1:20:33<2:13:55, 51.18step/s, avg_reward=50.44, steps/s=54.1, act_ms=4.48, env_ms=16.23, upd_ms=54.23, eta=7606.1s]
Training:  39%|███▉      | 263424/672000 [1:21:14<2:12:37, 51.35step/s, avg_reward=47.21, steps/s=54.0, act_ms=4.47, env_ms=16.23, upd_ms=54.25, eta=7559.9s]
Training:  39%|███▉      | 263424/672000 [1:21:33<2:12:37, 51.35step/s, avg_reward=47.21, steps/s=54.0, act_ms=4.47, env_ms=16.23, upd_ms=54.25, eta=7559.9s]
Training:  40%|███▉      | 266112/672000 [1:22:06<2:11:47, 51.33step/s, avg_reward=47.46, steps/s=54.0, act_ms=4.47, env_ms=16.24, upd_ms=54.27, eta=7514.2s]
Training:  40%|███▉      | 266112/672000 [1:22:23<2:11:47, 51.33step/s, avg_reward=47.46, steps/s=54.0, act_ms=4.47, env_ms=16.24, upd_ms=54.27, eta=7514.2s]
Training:  40%|████      | 268800/672000 [1:22:59<2:11:06, 51.25step/s, avg_reward=46.13, steps/s=54.0, act_ms=4.47, env_ms=16.25, upd_ms=54.30, eta=7468.8s]
Training:  40%|████      | 268800/672000 [1:23:14<2:11:06, 51.25step/s, avg_reward=46.13, steps/s=54.0, act_ms=4.47, env_ms=16.25, upd_ms=54.30, eta=7468.8s]
Training:  40%|████      | 271488/672000 [1:23:51<2:10:14, 51.25step/s, avg_reward=50.21, steps/s=54.0, act_ms=4.47, env_ms=16.25, upd_ms=54.33, eta=7422.9s]
Training:  40%|████      | 271488/672000 [1:24:04<2:10:14, 51.25step/s, avg_reward=50.21, steps/s=54.0, act_ms=4.47, env_ms=16.25, upd_ms=54.33, eta=7422.9s]
Training:  41%|████      | 274176/672000 [1:24:44<2:09:21, 51.26step/s, avg_reward=47.43, steps/s=53.9, act_ms=4.47, env_ms=16.25, upd_ms=54.36, eta=7376.9s]
Training:  41%|████      | 274176/672000 [1:24:54<2:09:21, 51.26step/s, avg_reward=47.43, steps/s=53.9, act_ms=4.47, env_ms=16.25, upd_ms=54.36, eta=7376.9s]
Training:  41%|████      | 276864/672000 [1:25:36<2:08:12, 51.37step/s, avg_reward=46.77, steps/s=53.9, act_ms=4.46, env_ms=16.26, upd_ms=54.38, eta=7330.2s]
Training:  41%|████      | 276864/672000 [1:25:54<2:08:12, 51.37step/s, avg_reward=46.77, steps/s=53.9, act_ms=4.46, env_ms=16.26, upd_ms=54.38, eta=7330.2s]
Training:  42%|████▏     | 279552/672000 [1:26:28<2:07:17, 51.38step/s, avg_reward=46.91, steps/s=53.9, act_ms=4.46, env_ms=16.26, upd_ms=54.40, eta=7283.7s]
Training:  42%|████▏     | 279552/672000 [1:26:44<2:07:17, 51.38step/s, avg_reward=46.91, steps/s=53.9, act_ms=4.46, env_ms=16.26, upd_ms=54.40, eta=7283.7s]
Training:  42%|████▏     | 282240/672000 [1:27:20<2:05:59, 51.56step/s, avg_reward=47.51, steps/s=53.9, act_ms=4.46, env_ms=16.26, upd_ms=54.42, eta=7236.4s]
Training:  42%|████▏     | 282240/672000 [1:27:34<2:05:59, 51.56step/s, avg_reward=47.51, steps/s=53.9, act_ms=4.46, env_ms=16.26, upd_ms=54.42, eta=7236.4s]
Training:  42%|████▏     | 284928/672000 [1:28:12<2:05:37, 51.35step/s, avg_reward=47.92, steps/s=53.8, act_ms=4.46, env_ms=16.27, upd_ms=54.44, eta=7190.4s]
Training:  42%|████▏     | 284928/672000 [1:28:24<2:05:37, 51.35step/s, avg_reward=47.92, steps/s=53.8, act_ms=4.46, env_ms=16.27, upd_ms=54.44, eta=7190.4s]
Training:  43%|████▎     | 287616/672000 [1:29:05<2:04:48, 51.33step/s, avg_reward=45.23, steps/s=53.8, act_ms=4.46, env_ms=16.27, upd_ms=54.47, eta=7143.8s]
Training:  43%|████▎     | 287616/672000 [1:29:24<2:04:48, 51.33step/s, avg_reward=45.23, steps/s=53.8, act_ms=4.46, env_ms=16.27, upd_ms=54.47, eta=7143.8s]
Training:  43%|████▎     | 290304/672000 [1:29:58<2:04:09, 51.23step/s, avg_reward=45.41, steps/s=53.8, act_ms=4.46, env_ms=16.28, upd_ms=54.49, eta=7097.4s]
Training:  43%|████▎     | 290304/672000 [1:30:14<2:04:09, 51.23step/s, avg_reward=45.41, steps/s=53.8, act_ms=4.46, env_ms=16.28, upd_ms=54.49, eta=7097.4s]
Training:  44%|████▎     | 292992/672000 [1:30:50<2:03:03, 51.33step/s, avg_reward=41.22, steps/s=53.8, act_ms=4.45, env_ms=16.28, upd_ms=54.52, eta=7050.3s]
Training:  44%|████▎     | 292992/672000 [1:31:04<2:03:03, 51.33step/s, avg_reward=41.22, steps/s=53.8, act_ms=4.45, env_ms=16.28, upd_ms=54.52, eta=7050.3s]
Training:  44%|████▍     | 295680/672000 [1:31:42<2:01:51, 51.47step/s, avg_reward=43.96, steps/s=53.7, act_ms=4.45, env_ms=16.28, upd_ms=54.53, eta=7002.7s]
Training:  44%|████▍     | 295680/672000 [1:31:54<2:01:51, 51.47step/s, avg_reward=43.96, steps/s=53.7, act_ms=4.45, env_ms=16.28, upd_ms=54.53, eta=7002.7s]
Training:  44%|████▍     | 298368/672000 [1:32:34<2:00:54, 51.50step/s, avg_reward=44.95, steps/s=53.7, act_ms=4.45, env_ms=16.28, upd_ms=54.55, eta=6955.3s]
Training:  44%|████▍     | 298368/672000 [1:32:44<2:00:54, 51.50step/s, avg_reward=44.95, steps/s=53.7, act_ms=4.45, env_ms=16.28, upd_ms=54.55, eta=6955.3s]
Training:  45%|████▍     | 301056/672000 [1:33:25<1:59:42, 51.65step/s, avg_reward=50.58, steps/s=53.7, act_ms=4.45, env_ms=16.28, upd_ms=54.57, eta=6907.3s]
Training:  45%|████▍     | 301056/672000 [1:33:44<1:59:42, 51.65step/s, avg_reward=50.58, steps/s=53.7, act_ms=4.45, env_ms=16.28, upd_ms=54.57, eta=6907.3s]
Training:  45%|████▌     | 303744/672000 [1:34:17<1:58:45, 51.68step/s, avg_reward=50.19, steps/s=53.7, act_ms=4.45, env_ms=16.28, upd_ms=54.58, eta=6859.5s]
Training:  45%|████▌     | 303744/672000 [1:34:34<1:58:45, 51.68step/s, avg_reward=50.19, steps/s=53.7, act_ms=4.45, env_ms=16.28, upd_ms=54.58, eta=6859.5s]
Training:  46%|████▌     | 306432/672000 [1:35:10<1:58:08, 51.58step/s, avg_reward=46.18, steps/s=53.7, act_ms=4.45, env_ms=16.28, upd_ms=54.61, eta=6812.2s]
Training:  46%|████▌     | 306432/672000 [1:35:24<1:58:08, 51.58step/s, avg_reward=46.18, steps/s=53.7, act_ms=4.45, env_ms=16.28, upd_ms=54.61, eta=6812.2s]
Training:  46%|████▌     | 309120/672000 [1:36:03<1:57:47, 51.35step/s, avg_reward=45.58, steps/s=53.6, act_ms=4.45, env_ms=16.28, upd_ms=54.64, eta=6765.4s]
Training:  46%|████▌     | 309120/672000 [1:36:14<1:57:47, 51.35step/s, avg_reward=45.58, steps/s=53.6, act_ms=4.45, env_ms=16.28, upd_ms=54.64, eta=6765.4s]
Training:  46%|████▋     | 311808/672000 [1:36:54<1:56:18, 51.62step/s, avg_reward=43.25, steps/s=53.6, act_ms=4.45, env_ms=16.28, upd_ms=54.65, eta=6716.8s]
Training:  46%|████▋     | 311808/672000 [1:37:04<1:56:18, 51.62step/s, avg_reward=43.25, steps/s=53.6, act_ms=4.45, env_ms=16.28, upd_ms=54.65, eta=6716.8s]
Training:  47%|████▋     | 314496/672000 [1:37:47<1:55:42, 51.49step/s, avg_reward=43.70, steps/s=53.6, act_ms=4.45, env_ms=16.28, upd_ms=54.67, eta=6669.4s]
Training:  47%|████▋     | 314496/672000 [1:38:04<1:55:42, 51.49step/s, avg_reward=43.70, steps/s=53.6, act_ms=4.45, env_ms=16.28, upd_ms=54.67, eta=6669.4s]
Training:  47%|████▋     | 317184/672000 [1:38:39<1:54:50, 51.49step/s, avg_reward=43.58, steps/s=53.6, act_ms=4.45, env_ms=16.28, upd_ms=54.69, eta=6621.5s]
Training:  47%|████▋     | 317184/672000 [1:38:54<1:54:50, 51.49step/s, avg_reward=43.58, steps/s=53.6, act_ms=4.45, env_ms=16.28, upd_ms=54.69, eta=6621.5s]
Training:  48%|████▊     | 319872/672000 [1:39:31<1:54:03, 51.46step/s, avg_reward=45.62, steps/s=53.6, act_ms=4.45, env_ms=16.27, upd_ms=54.71, eta=6573.7s]
Training:  48%|████▊     | 319872/672000 [1:39:44<1:54:03, 51.46step/s, avg_reward=45.62, steps/s=53.6, act_ms=4.45, env_ms=16.27, upd_ms=54.71, eta=6573.7s]
Training:  48%|████▊     | 322560/672000 [1:40:24<1:53:41, 51.23step/s, avg_reward=44.81, steps/s=53.5, act_ms=4.44, env_ms=16.27, upd_ms=54.74, eta=6526.6s]
Training:  48%|████▊     | 322560/672000 [1:40:34<1:53:41, 51.23step/s, avg_reward=44.81, steps/s=53.5, act_ms=4.44, env_ms=16.27, upd_ms=54.74, eta=6526.6s]
Training:  48%|████▊     | 325248/672000 [1:41:16<1:52:37, 51.31step/s, avg_reward=45.42, steps/s=53.5, act_ms=4.44, env_ms=16.27, upd_ms=54.76, eta=6478.5s]
Training:  48%|████▊     | 325248/672000 [1:41:34<1:52:37, 51.31step/s, avg_reward=45.42, steps/s=53.5, act_ms=4.44, env_ms=16.27, upd_ms=54.76, eta=6478.5s]
Training:  49%|████▉     | 327936/672000 [1:42:09<1:51:42, 51.33step/s, avg_reward=46.34, steps/s=53.5, act_ms=4.45, env_ms=16.26, upd_ms=54.79, eta=6430.5s]
Training:  49%|████▉     | 327936/672000 [1:42:25<1:51:42, 51.33step/s, avg_reward=46.34, steps/s=53.5, act_ms=4.45, env_ms=16.26, upd_ms=54.79, eta=6430.5s]
Training:  49%|████▉     | 330624/672000 [1:43:00<1:50:20, 51.57step/s, avg_reward=48.97, steps/s=53.5, act_ms=4.44, env_ms=16.26, upd_ms=54.80, eta=6381.7s]
Training:  49%|████▉     | 330624/672000 [1:43:15<1:50:20, 51.57step/s, avg_reward=48.97, steps/s=53.5, act_ms=4.44, env_ms=16.26, upd_ms=54.80, eta=6381.7s]
Training:  50%|████▉     | 333312/672000 [1:43:52<1:49:27, 51.57step/s, avg_reward=51.47, steps/s=53.5, act_ms=4.44, env_ms=16.26, upd_ms=54.82, eta=6333.3s]
Training:  50%|████▉     | 333312/672000 [1:44:05<1:49:27, 51.57step/s, avg_reward=51.47, steps/s=53.5, act_ms=4.44, env_ms=16.26, upd_ms=54.82, eta=6333.3s]
Training:  50%|█████     | 336000/672000 [1:44:45<1:49:02, 51.36step/s, avg_reward=47.88, steps/s=53.5, act_ms=4.44, env_ms=16.26, upd_ms=54.84, eta=6285.6s]
Training:  50%|█████     | 336000/672000 [1:45:05<1:49:02, 51.36step/s, avg_reward=47.88, steps/s=53.5, act_ms=4.44, env_ms=16.26, upd_ms=54.84, eta=6285.6s]
Training:  50%|█████     | 338688/672000 [1:45:37<1:47:53, 51.49step/s, avg_reward=48.94, steps/s=53.4, act_ms=4.44, env_ms=16.26, upd_ms=54.86, eta=6236.9s]
Training:  50%|█████     | 338688/672000 [1:45:55<1:47:53, 51.49step/s, avg_reward=48.94, steps/s=53.4, act_ms=4.44, env_ms=16.26, upd_ms=54.86, eta=6236.9s]
Training:  51%|█████     | 341376/672000 [1:46:30<1:47:25, 51.29step/s, avg_reward=51.93, steps/s=53.4, act_ms=4.44, env_ms=16.25, upd_ms=54.88, eta=6189.1s]
Training:  51%|█████     | 341376/672000 [1:46:45<1:47:25, 51.29step/s, avg_reward=51.93, steps/s=53.4, act_ms=4.44, env_ms=16.25, upd_ms=54.88, eta=6189.1s]
Training:  51%|█████     | 344064/672000 [1:47:21<1:46:02, 51.54step/s, avg_reward=53.87, steps/s=53.4, act_ms=4.44, env_ms=16.25, upd_ms=54.89, eta=6140.0s]
Training:  51%|█████     | 344064/672000 [1:47:35<1:46:02, 51.54step/s, avg_reward=53.87, steps/s=53.4, act_ms=4.44, env_ms=16.25, upd_ms=54.89, eta=6140.0s]
Training:  52%|█████▏    | 346752/672000 [1:48:13<1:45:02, 51.61step/s, avg_reward=55.44, steps/s=53.4, act_ms=4.44, env_ms=16.25, upd_ms=54.90, eta=6091.1s]
Training:  52%|█████▏    | 346752/672000 [1:48:25<1:45:02, 51.61step/s, avg_reward=55.44, steps/s=53.4, act_ms=4.44, env_ms=16.25, upd_ms=54.90, eta=6091.1s]
Training:  52%|█████▏    | 349440/672000 [1:49:06<1:44:16, 51.56step/s, avg_reward=57.30, steps/s=53.4, act_ms=4.44, env_ms=16.26, upd_ms=54.92, eta=6042.6s]
Training:  52%|█████▏    | 349440/672000 [1:49:25<1:44:16, 51.56step/s, avg_reward=57.30, steps/s=53.4, act_ms=4.44, env_ms=16.26, upd_ms=54.92, eta=6042.6s]
Training:  52%|█████▏    | 352128/672000 [1:49:58<1:43:24, 51.56step/s, avg_reward=56.97, steps/s=53.4, act_ms=4.44, env_ms=16.26, upd_ms=54.93, eta=5993.8s]
Training:  52%|█████▏    | 352128/672000 [1:50:15<1:43:24, 51.56step/s, avg_reward=56.97, steps/s=53.4, act_ms=4.44, env_ms=16.26, upd_ms=54.93, eta=5993.8s]
Training:  53%|█████▎    | 354816/672000 [1:50:50<1:42:36, 51.52step/s, avg_reward=58.47, steps/s=53.4, act_ms=4.44, env_ms=16.26, upd_ms=54.94, eta=5945.2s]
Training:  53%|█████▎    | 354816/672000 [1:51:05<1:42:36, 51.52step/s, avg_reward=58.47, steps/s=53.4, act_ms=4.44, env_ms=16.26, upd_ms=54.94, eta=5945.2s]
Training:  53%|█████▎    | 357504/672000 [1:51:43<1:42:05, 51.34step/s, avg_reward=61.35, steps/s=53.3, act_ms=4.44, env_ms=16.27, upd_ms=54.96, eta=5896.9s]
Training:  53%|█████▎    | 357504/672000 [1:51:55<1:42:05, 51.34step/s, avg_reward=61.35, steps/s=53.3, act_ms=4.44, env_ms=16.27, upd_ms=54.96, eta=5896.9s]
Training:  54%|█████▎    | 360192/672000 [1:52:34<1:40:44, 51.59step/s, avg_reward=61.82, steps/s=53.3, act_ms=4.44, env_ms=16.27, upd_ms=54.97, eta=5847.5s]
Training:  54%|█████▎    | 360192/672000 [1:52:45<1:40:44, 51.59step/s, avg_reward=61.82, steps/s=53.3, act_ms=4.44, env_ms=16.27, upd_ms=54.97, eta=5847.5s]
Training:  54%|█████▍    | 362880/672000 [1:53:26<1:39:43, 51.66step/s, avg_reward=58.61, steps/s=53.3, act_ms=4.44, env_ms=16.27, upd_ms=54.98, eta=5798.3s]
Training:  54%|█████▍    | 362880/672000 [1:53:45<1:39:43, 51.66step/s, avg_reward=58.61, steps/s=53.3, act_ms=4.44, env_ms=16.27, upd_ms=54.98, eta=5798.3s]
Training:  54%|█████▍    | 365568/672000 [1:54:19<1:39:26, 51.36step/s, avg_reward=50.81, steps/s=53.3, act_ms=4.44, env_ms=16.27, upd_ms=55.00, eta=5750.1s]
Training:  54%|█████▍    | 365568/672000 [1:54:35<1:39:26, 51.36step/s, avg_reward=50.81, steps/s=53.3, act_ms=4.44, env_ms=16.27, upd_ms=55.00, eta=5750.1s]
Training:  55%|█████▍    | 368256/672000 [1:55:11<1:38:18, 51.49step/s, avg_reward=46.27, steps/s=53.3, act_ms=4.44, env_ms=16.27, upd_ms=55.01, eta=5700.8s]
Training:  55%|█████▍    | 368256/672000 [1:55:25<1:38:18, 51.49step/s, avg_reward=46.27, steps/s=53.3, act_ms=4.44, env_ms=16.27, upd_ms=55.01, eta=5700.8s]
Training:  55%|█████▌    | 370944/672000 [1:56:02<1:36:54, 51.78step/s, avg_reward=49.34, steps/s=53.3, act_ms=4.43, env_ms=16.27, upd_ms=55.01, eta=5651.0s]
Training:  55%|█████▌    | 370944/672000 [1:56:15<1:36:54, 51.78step/s, avg_reward=49.34, steps/s=53.3, act_ms=4.43, env_ms=16.27, upd_ms=55.01, eta=5651.0s]
Training:  56%|█████▌    | 373632/672000 [1:56:54<1:36:08, 51.72step/s, avg_reward=44.78, steps/s=53.3, act_ms=4.43, env_ms=16.27, upd_ms=55.02, eta=5601.9s]
Training:  56%|█████▌    | 373632/672000 [1:57:05<1:36:08, 51.72step/s, avg_reward=44.78, steps/s=53.3, act_ms=4.43, env_ms=16.27, upd_ms=55.02, eta=5601.9s]
Training:  56%|█████▌    | 376320/672000 [1:57:47<1:35:22, 51.67step/s, avg_reward=44.38, steps/s=53.2, act_ms=4.43, env_ms=16.27, upd_ms=55.04, eta=5552.7s]
Training:  56%|█████▌    | 376320/672000 [1:58:05<1:35:22, 51.67step/s, avg_reward=44.38, steps/s=53.2, act_ms=4.43, env_ms=16.27, upd_ms=55.04, eta=5552.7s]
Training:  56%|█████▋    | 379008/672000 [1:58:38<1:34:19, 51.77step/s, avg_reward=40.74, steps/s=53.2, act_ms=4.43, env_ms=16.28, upd_ms=55.04, eta=5503.2s]
Training:  56%|█████▋    | 379008/672000 [1:58:55<1:34:19, 51.77step/s, avg_reward=40.74, steps/s=53.2, act_ms=4.43, env_ms=16.28, upd_ms=55.04, eta=5503.2s]
Training:  57%|█████▋    | 381696/672000 [1:59:31<1:33:37, 51.68step/s, avg_reward=40.80, steps/s=53.2, act_ms=4.43, env_ms=16.28, upd_ms=55.05, eta=5454.0s]
Training:  57%|█████▋    | 381696/672000 [1:59:45<1:33:37, 51.68step/s, avg_reward=40.80, steps/s=53.2, act_ms=4.43, env_ms=16.28, upd_ms=55.05, eta=5454.0s]
Training:  57%|█████▋    | 384384/672000 [2:00:23<1:33:03, 51.51step/s, avg_reward=41.88, steps/s=53.2, act_ms=4.43, env_ms=16.28, upd_ms=55.07, eta=5405.1s]
Training:  57%|█████▋    | 384384/672000 [2:00:35<1:33:03, 51.51step/s, avg_reward=41.88, steps/s=53.2, act_ms=4.43, env_ms=16.28, upd_ms=55.07, eta=5405.1s]
Training:  58%|█████▊    | 387072/672000 [2:01:15<1:31:53, 51.68step/s, avg_reward=44.29, steps/s=53.2, act_ms=4.43, env_ms=16.28, upd_ms=55.08, eta=5355.4s]
Training:  58%|█████▊    | 387072/672000 [2:01:25<1:31:53, 51.68step/s, avg_reward=44.29, steps/s=53.2, act_ms=4.43, env_ms=16.28, upd_ms=55.08, eta=5355.4s]
Training:  58%|█████▊    | 389760/672000 [2:02:07<1:31:04, 51.65step/s, avg_reward=38.91, steps/s=53.2, act_ms=4.43, env_ms=16.28, upd_ms=55.09, eta=5306.0s]
Training:  58%|█████▊    | 389760/672000 [2:02:25<1:31:04, 51.65step/s, avg_reward=38.91, steps/s=53.2, act_ms=4.43, env_ms=16.28, upd_ms=55.09, eta=5306.0s]
Training:  58%|█████▊    | 392448/672000 [2:03:00<1:31:01, 51.18step/s, avg_reward=36.67, steps/s=53.2, act_ms=4.43, env_ms=16.29, upd_ms=55.11, eta=5257.7s]
Training:  58%|█████▊    | 392448/672000 [2:03:15<1:31:01, 51.18step/s, avg_reward=36.67, steps/s=53.2, act_ms=4.43, env_ms=16.29, upd_ms=55.11, eta=5257.7s]
Training:  59%|█████▉    | 395136/672000 [2:03:52<1:29:45, 51.41step/s, avg_reward=36.57, steps/s=53.2, act_ms=4.42, env_ms=16.29, upd_ms=55.11, eta=5208.0s]
Training:  59%|█████▉    | 395136/672000 [2:04:06<1:29:45, 51.41step/s, avg_reward=36.57, steps/s=53.2, act_ms=4.42, env_ms=16.29, upd_ms=55.11, eta=5208.0s]
Training:  59%|█████▉    | 397824/672000 [2:04:44<1:28:39, 51.54step/s, avg_reward=41.33, steps/s=53.2, act_ms=4.42, env_ms=16.29, upd_ms=55.12, eta=5158.3s]
Training:  59%|█████▉    | 397824/672000 [2:04:56<1:28:39, 51.54step/s, avg_reward=41.33, steps/s=53.2, act_ms=4.42, env_ms=16.29, upd_ms=55.12, eta=5158.3s]
Training:  60%|█████▉    | 400512/672000 [2:05:37<1:28:05, 51.37step/s, avg_reward=41.84, steps/s=53.1, act_ms=4.42, env_ms=16.29, upd_ms=55.14, eta=5109.2s]
Training:  60%|█████▉    | 400512/672000 [2:05:56<1:28:05, 51.37step/s, avg_reward=41.84, steps/s=53.1, act_ms=4.42, env_ms=16.29, upd_ms=55.14, eta=5109.2s]
Training:  60%|██████    | 403200/672000 [2:06:29<1:27:11, 51.38step/s, avg_reward=42.63, steps/s=53.1, act_ms=4.42, env_ms=16.30, upd_ms=55.15, eta=5059.7s]
Training:  60%|██████    | 403200/672000 [2:06:46<1:27:11, 51.38step/s, avg_reward=42.63, steps/s=53.1, act_ms=4.42, env_ms=16.30, upd_ms=55.15, eta=5059.7s]
Training:  60%|██████    | 405888/672000 [2:07:22<1:26:25, 51.32step/s, avg_reward=48.83, steps/s=53.1, act_ms=4.42, env_ms=16.30, upd_ms=55.16, eta=5010.4s]
Training:  60%|██████    | 405888/672000 [2:07:36<1:26:25, 51.32step/s, avg_reward=48.83, steps/s=53.1, act_ms=4.42, env_ms=16.30, upd_ms=55.16, eta=5010.4s]
Training:  61%|██████    | 408576/672000 [2:08:15<1:25:56, 51.08step/s, avg_reward=50.12, steps/s=53.1, act_ms=4.42, env_ms=16.31, upd_ms=55.18, eta=4961.4s]
Training:  61%|██████    | 408576/672000 [2:08:26<1:25:56, 51.08step/s, avg_reward=50.12, steps/s=53.1, act_ms=4.42, env_ms=16.31, upd_ms=55.18, eta=4961.4s]
Training:  61%|██████    | 411264/672000 [2:09:06<1:24:38, 51.34step/s, avg_reward=51.22, steps/s=53.1, act_ms=4.42, env_ms=16.31, upd_ms=55.18, eta=4911.5s]
Training:  61%|██████    | 411264/672000 [2:09:26<1:24:38, 51.34step/s, avg_reward=51.22, steps/s=53.1, act_ms=4.42, env_ms=16.31, upd_ms=55.18, eta=4911.5s]
Training:  62%|██████▏   | 413952/672000 [2:09:59<1:23:59, 51.20step/s, avg_reward=53.99, steps/s=53.1, act_ms=4.42, env_ms=16.31, upd_ms=55.20, eta=4862.2s]
Training:  62%|██████▏   | 413952/672000 [2:10:16<1:23:59, 51.20step/s, avg_reward=53.99, steps/s=53.1, act_ms=4.42, env_ms=16.31, upd_ms=55.20, eta=4862.2s]
Training:  62%|██████▏   | 416640/672000 [2:10:52<1:22:58, 51.29step/s, avg_reward=58.59, steps/s=53.1, act_ms=4.42, env_ms=16.31, upd_ms=55.21, eta=4812.5s]
Training:  62%|██████▏   | 416640/672000 [2:11:06<1:22:58, 51.29step/s, avg_reward=58.59, steps/s=53.1, act_ms=4.42, env_ms=16.31, upd_ms=55.21, eta=4812.5s]
Training:  62%|██████▏   | 419328/672000 [2:11:43<1:21:49, 51.46step/s, avg_reward=50.21, steps/s=53.1, act_ms=4.42, env_ms=16.31, upd_ms=55.22, eta=4762.6s]
Training:  62%|██████▏   | 419328/672000 [2:11:56<1:21:49, 51.46step/s, avg_reward=50.21, steps/s=53.1, act_ms=4.42, env_ms=16.31, upd_ms=55.22, eta=4762.6s]
Training:  63%|██████▎   | 422016/672000 [2:12:35<1:20:47, 51.57step/s, avg_reward=49.95, steps/s=53.0, act_ms=4.41, env_ms=16.31, upd_ms=55.22, eta=4712.6s]
Training:  63%|██████▎   | 422016/672000 [2:12:46<1:20:47, 51.57step/s, avg_reward=49.95, steps/s=53.0, act_ms=4.41, env_ms=16.31, upd_ms=55.22, eta=4712.6s]
Training:  63%|██████▎   | 424704/672000 [2:13:28<1:20:21, 51.29step/s, avg_reward=53.02, steps/s=53.0, act_ms=4.41, env_ms=16.31, upd_ms=55.24, eta=4663.4s]
Training:  63%|██████▎   | 424704/672000 [2:13:46<1:20:21, 51.29step/s, avg_reward=53.02, steps/s=53.0, act_ms=4.41, env_ms=16.31, upd_ms=55.24, eta=4663.4s]
Training:  64%|██████▎   | 427392/672000 [2:14:21<1:19:30, 51.27step/s, avg_reward=48.10, steps/s=53.0, act_ms=4.41, env_ms=16.32, upd_ms=55.25, eta=4613.7s]
Training:  64%|██████▎   | 427392/672000 [2:14:36<1:19:30, 51.27step/s, avg_reward=48.10, steps/s=53.0, act_ms=4.41, env_ms=16.32, upd_ms=55.25, eta=4613.7s]
Training:  64%|██████▍   | 430080/672000 [2:15:13<1:18:45, 51.19step/s, avg_reward=50.01, steps/s=53.0, act_ms=4.41, env_ms=16.32, upd_ms=55.26, eta=4564.1s]
Training:  64%|██████▍   | 430080/672000 [2:15:26<1:18:45, 51.19step/s, avg_reward=50.01, steps/s=53.0, act_ms=4.41, env_ms=16.32, upd_ms=55.26, eta=4564.1s]
Training:  64%|██████▍   | 432768/672000 [2:16:06<1:17:57, 51.14step/s, avg_reward=51.77, steps/s=53.0, act_ms=4.41, env_ms=16.32, upd_ms=55.27, eta=4514.5s]
Training:  64%|██████▍   | 432768/672000 [2:16:26<1:17:57, 51.14step/s, avg_reward=51.77, steps/s=53.0, act_ms=4.41, env_ms=16.32, upd_ms=55.27, eta=4514.5s]
Training:  65%|██████▍   | 435456/672000 [2:16:58<1:16:51, 51.29step/s, avg_reward=54.22, steps/s=53.0, act_ms=4.41, env_ms=16.32, upd_ms=55.28, eta=4464.5s]
Training:  65%|██████▍   | 435456/672000 [2:17:16<1:16:51, 51.29step/s, avg_reward=54.22, steps/s=53.0, act_ms=4.41, env_ms=16.32, upd_ms=55.28, eta=4464.5s]
Training:  65%|██████▌   | 438144/672000 [2:17:50<1:15:48, 51.42step/s, avg_reward=53.25, steps/s=53.0, act_ms=4.41, env_ms=16.33, upd_ms=55.29, eta=4414.4s]
Training:  65%|██████▌   | 438144/672000 [2:18:06<1:15:48, 51.42step/s, avg_reward=53.25, steps/s=53.0, act_ms=4.41, env_ms=16.33, upd_ms=55.29, eta=4414.4s]
Training:  66%|██████▌   | 440832/672000 [2:18:43<1:14:59, 51.38step/s, avg_reward=44.03, steps/s=53.0, act_ms=4.41, env_ms=16.32, upd_ms=55.30, eta=4364.5s]
Training:  66%|██████▌   | 440832/672000 [2:18:56<1:14:59, 51.38step/s, avg_reward=44.03, steps/s=53.0, act_ms=4.41, env_ms=16.32, upd_ms=55.30, eta=4364.5s]
Training:  66%|██████▌   | 443520/672000 [2:19:34<1:13:53, 51.53step/s, avg_reward=42.04, steps/s=53.0, act_ms=4.41, env_ms=16.32, upd_ms=55.30, eta=4314.3s]
Training:  66%|██████▌   | 443520/672000 [2:19:46<1:13:53, 51.53step/s, avg_reward=42.04, steps/s=53.0, act_ms=4.41, env_ms=16.32, upd_ms=55.30, eta=4314.3s]
Training:  66%|██████▋   | 446208/672000 [2:20:26<1:12:47, 51.69step/s, avg_reward=42.51, steps/s=53.0, act_ms=4.41, env_ms=16.32, upd_ms=55.31, eta=4264.0s]
Training:  66%|██████▋   | 446208/672000 [2:20:36<1:12:47, 51.69step/s, avg_reward=42.51, steps/s=53.0, act_ms=4.41, env_ms=16.32, upd_ms=55.31, eta=4264.0s]
Training:  67%|██████▋   | 448896/672000 [2:21:18<1:11:47, 51.80step/s, avg_reward=39.93, steps/s=52.9, act_ms=4.41, env_ms=16.32, upd_ms=55.31, eta=4213.7s]
Training:  67%|██████▋   | 448896/672000 [2:21:36<1:11:47, 51.80step/s, avg_reward=39.93, steps/s=52.9, act_ms=4.41, env_ms=16.32, upd_ms=55.31, eta=4213.7s]
Training:  67%|██████▋   | 451584/672000 [2:22:10<1:11:16, 51.55step/s, avg_reward=40.28, steps/s=52.9, act_ms=4.41, env_ms=16.33, upd_ms=55.33, eta=4163.9s]
Training:  67%|██████▋   | 451584/672000 [2:22:26<1:11:16, 51.55step/s, avg_reward=40.28, steps/s=52.9, act_ms=4.41, env_ms=16.33, upd_ms=55.33, eta=4163.9s]
Training:  68%|██████▊   | 454272/672000 [2:23:02<1:10:21, 51.57step/s, avg_reward=46.49, steps/s=52.9, act_ms=4.41, env_ms=16.32, upd_ms=55.34, eta=4113.7s]
Training:  68%|██████▊   | 454272/672000 [2:23:16<1:10:21, 51.57step/s, avg_reward=46.49, steps/s=52.9, act_ms=4.41, env_ms=16.32, upd_ms=55.34, eta=4113.7s]
Training:  68%|██████▊   | 456960/672000 [2:23:54<1:09:14, 51.76step/s, avg_reward=42.35, steps/s=52.9, act_ms=4.41, env_ms=16.33, upd_ms=55.34, eta=4063.3s]
Training:  68%|██████▊   | 456960/672000 [2:24:06<1:09:14, 51.76step/s, avg_reward=42.35, steps/s=52.9, act_ms=4.41, env_ms=16.33, upd_ms=55.34, eta=4063.3s]
Training:  68%|██████▊   | 459648/672000 [2:24:46<1:08:35, 51.59step/s, avg_reward=42.54, steps/s=52.9, act_ms=4.41, env_ms=16.33, upd_ms=55.35, eta=4013.3s]
Training:  68%|██████▊   | 459648/672000 [2:25:06<1:08:35, 51.59step/s, avg_reward=42.54, steps/s=52.9, act_ms=4.41, env_ms=16.33, upd_ms=55.35, eta=4013.3s]
Training:  69%|██████▉   | 462336/672000 [2:25:39<1:07:43, 51.60step/s, avg_reward=34.14, steps/s=52.9, act_ms=4.41, env_ms=16.32, upd_ms=55.36, eta=3963.1s]
Training:  69%|██████▉   | 462336/672000 [2:25:57<1:07:43, 51.60step/s, avg_reward=34.14, steps/s=52.9, act_ms=4.41, env_ms=16.32, upd_ms=55.36, eta=3963.1s]
Training:  69%|██████▉   | 465024/672000 [2:26:31<1:06:59, 51.50step/s, avg_reward=36.64, steps/s=52.9, act_ms=4.41, env_ms=16.33, upd_ms=55.37, eta=3913.0s]
Training:  69%|██████▉   | 465024/672000 [2:26:47<1:06:59, 51.50step/s, avg_reward=36.64, steps/s=52.9, act_ms=4.41, env_ms=16.33, upd_ms=55.37, eta=3913.0s]
Training:  70%|██████▉   | 467712/672000 [2:27:24<1:06:22, 51.30step/s, avg_reward=36.70, steps/s=52.9, act_ms=4.41, env_ms=16.33, upd_ms=55.38, eta=3863.0s]
Training:  70%|██████▉   | 467712/672000 [2:27:37<1:06:22, 51.30step/s, avg_reward=36.70, steps/s=52.9, act_ms=4.41, env_ms=16.33, upd_ms=55.38, eta=3863.0s]
Training:  70%|███████   | 470400/672000 [2:28:16<1:05:24, 51.37step/s, avg_reward=34.61, steps/s=52.9, act_ms=4.41, env_ms=16.33, upd_ms=55.38, eta=3812.8s]
Training:  70%|███████   | 470400/672000 [2:28:27<1:05:24, 51.37step/s, avg_reward=34.61, steps/s=52.9, act_ms=4.41, env_ms=16.33, upd_ms=55.38, eta=3812.8s]
Training:  70%|███████   | 473088/672000 [2:29:07<1:04:08, 51.69step/s, avg_reward=37.04, steps/s=52.9, act_ms=4.41, env_ms=16.33, upd_ms=55.39, eta=3762.1s]
Training:  70%|███████   | 473088/672000 [2:29:27<1:04:08, 51.69step/s, avg_reward=37.04, steps/s=52.9, act_ms=4.41, env_ms=16.33, upd_ms=55.39, eta=3762.1s]
Training:  71%|███████   | 475776/672000 [2:29:59<1:03:14, 51.72step/s, avg_reward=37.64, steps/s=52.9, act_ms=4.41, env_ms=16.33, upd_ms=55.39, eta=3711.7s]
Training:  71%|███████   | 475776/672000 [2:30:17<1:03:14, 51.72step/s, avg_reward=37.64, steps/s=52.9, act_ms=4.41, env_ms=16.33, upd_ms=55.39, eta=3711.7s]
Training:  71%|███████   | 478464/672000 [2:30:52<1:02:34, 51.54step/s, avg_reward=39.64, steps/s=52.9, act_ms=4.41, env_ms=16.33, upd_ms=55.40, eta=3661.6s]
Training:  71%|███████   | 478464/672000 [2:31:07<1:02:34, 51.54step/s, avg_reward=39.64, steps/s=52.9, act_ms=4.41, env_ms=16.33, upd_ms=55.40, eta=3661.6s]
Training:  72%|███████▏  | 481152/672000 [2:31:44<1:01:41, 51.56step/s, avg_reward=38.24, steps/s=52.8, act_ms=4.40, env_ms=16.33, upd_ms=55.41, eta=3611.2s]
Training:  72%|███████▏  | 481152/672000 [2:31:57<1:01:41, 51.56step/s, avg_reward=38.24, steps/s=52.8, act_ms=4.40, env_ms=16.33, upd_ms=55.41, eta=3611.2s]
Training:  72%|███████▏  | 483840/672000 [2:32:36<1:00:49, 51.55step/s, avg_reward=36.07, steps/s=52.8, act_ms=4.40, env_ms=16.33, upd_ms=55.42, eta=3560.8s]
Training:  72%|███████▏  | 483840/672000 [2:32:47<1:00:49, 51.55step/s, avg_reward=36.07, steps/s=52.8, act_ms=4.40, env_ms=16.33, upd_ms=55.42, eta=3560.8s]
Training:  72%|███████▏  | 486528/672000 [2:33:29<1:00:17, 51.28step/s, avg_reward=36.73, steps/s=52.8, act_ms=4.40, env_ms=16.33, upd_ms=55.43, eta=3510.8s]
Training:  72%|███████▏  | 486528/672000 [2:33:47<1:00:17, 51.28step/s, avg_reward=36.73, steps/s=52.8, act_ms=4.40, env_ms=16.33, upd_ms=55.43, eta=3510.8s]
Training:  73%|███████▎  | 489216/672000 [2:34:21<59:11, 51.47step/s, avg_reward=35.84, steps/s=52.8, act_ms=4.40, env_ms=16.33, upd_ms=55.44, eta=3460.3s]  
Training:  73%|███████▎  | 489216/672000 [2:34:37<59:11, 51.47step/s, avg_reward=35.84, steps/s=52.8, act_ms=4.40, env_ms=16.33, upd_ms=55.44, eta=3460.3s]
Training:  73%|███████▎  | 491904/672000 [2:35:12<58:02, 51.71step/s, avg_reward=35.74, steps/s=52.8, act_ms=4.40, env_ms=16.33, upd_ms=55.44, eta=3409.6s]
Training:  73%|███████▎  | 491904/672000 [2:35:27<58:02, 51.71step/s, avg_reward=35.74, steps/s=52.8, act_ms=4.40, env_ms=16.33, upd_ms=55.44, eta=3409.6s]
Training:  74%|███████▎  | 494592/672000 [2:36:04<57:13, 51.67step/s, avg_reward=38.73, steps/s=52.8, act_ms=4.40, env_ms=16.33, upd_ms=55.45, eta=3359.1s]
Training:  74%|███████▎  | 494592/672000 [2:36:17<57:13, 51.67step/s, avg_reward=38.73, steps/s=52.8, act_ms=4.40, env_ms=16.33, upd_ms=55.45, eta=3359.1s]
Training:  74%|███████▍  | 497280/672000 [2:36:57<56:30, 51.53step/s, avg_reward=40.47, steps/s=52.8, act_ms=4.40, env_ms=16.33, upd_ms=55.46, eta=3308.8s]
Training:  74%|███████▍  | 497280/672000 [2:37:07<56:30, 51.53step/s, avg_reward=40.47, steps/s=52.8, act_ms=4.40, env_ms=16.33, upd_ms=55.46, eta=3308.8s]
Training:  74%|███████▍  | 499968/672000 [2:37:49<55:36, 51.57step/s, avg_reward=40.50, steps/s=52.8, act_ms=4.40, env_ms=16.33, upd_ms=55.46, eta=3258.3s]
Training:  74%|███████▍  | 499968/672000 [2:38:07<55:36, 51.57step/s, avg_reward=40.50, steps/s=52.8, act_ms=4.40, env_ms=16.33, upd_ms=55.46, eta=3258.3s]
Training:  75%|███████▍  | 502656/672000 [2:38:41<54:42, 51.59step/s, avg_reward=39.32, steps/s=52.8, act_ms=4.40, env_ms=16.33, upd_ms=55.47, eta=3207.8s]
Training:  75%|███████▍  | 502656/672000 [2:38:57<54:42, 51.59step/s, avg_reward=39.32, steps/s=52.8, act_ms=4.40, env_ms=16.33, upd_ms=55.47, eta=3207.8s]
Training:  75%|███████▌  | 505344/672000 [2:39:34<54:03, 51.38step/s, avg_reward=37.44, steps/s=52.8, act_ms=4.40, env_ms=16.34, upd_ms=55.48, eta=3157.5s]
Training:  75%|███████▌  | 505344/672000 [2:39:47<54:03, 51.38step/s, avg_reward=37.44, steps/s=52.8, act_ms=4.40, env_ms=16.34, upd_ms=55.48, eta=3157.5s]
Training:  76%|███████▌  | 508032/672000 [2:40:26<53:03, 51.51step/s, avg_reward=35.03, steps/s=52.8, act_ms=4.40, env_ms=16.34, upd_ms=55.48, eta=3106.8s]
Training:  76%|███████▌  | 508032/672000 [2:40:37<53:03, 51.51step/s, avg_reward=35.03, steps/s=52.8, act_ms=4.40, env_ms=16.34, upd_ms=55.48, eta=3106.8s]
Training:  76%|███████▌  | 510720/672000 [2:41:18<52:18, 51.39step/s, avg_reward=35.25, steps/s=52.8, act_ms=4.40, env_ms=16.34, upd_ms=55.49, eta=3056.4s]
Training:  76%|███████▌  | 510720/672000 [2:41:37<52:18, 51.39step/s, avg_reward=35.25, steps/s=52.8, act_ms=4.40, env_ms=16.34, upd_ms=55.49, eta=3056.4s]
Training:  76%|███████▋  | 513408/672000 [2:42:11<51:28, 51.35step/s, avg_reward=38.83, steps/s=52.8, act_ms=4.40, env_ms=16.34, upd_ms=55.50, eta=3006.0s]
Training:  76%|███████▋  | 513408/672000 [2:42:27<51:28, 51.35step/s, avg_reward=38.83, steps/s=52.8, act_ms=4.40, env_ms=16.34, upd_ms=55.50, eta=3006.0s]
Training:  77%|███████▋  | 516096/672000 [2:43:02<50:21, 51.61step/s, avg_reward=41.37, steps/s=52.8, act_ms=4.40, env_ms=16.34, upd_ms=55.50, eta=2955.2s]
Training:  77%|███████▋  | 516096/672000 [2:43:17<50:21, 51.61step/s, avg_reward=41.37, steps/s=52.8, act_ms=4.40, env_ms=16.34, upd_ms=55.50, eta=2955.2s]
Training:  77%|███████▋  | 518784/672000 [2:43:54<49:32, 51.54step/s, avg_reward=42.99, steps/s=52.7, act_ms=4.39, env_ms=16.35, upd_ms=55.50, eta=2904.6s]
Training:  77%|███████▋  | 518784/672000 [2:44:07<49:32, 51.54step/s, avg_reward=42.99, steps/s=52.7, act_ms=4.39, env_ms=16.35, upd_ms=55.50, eta=2904.6s]
Training:  78%|███████▊  | 521472/672000 [2:44:47<48:49, 51.38step/s, avg_reward=41.98, steps/s=52.7, act_ms=4.39, env_ms=16.35, upd_ms=55.52, eta=2854.2s]
Training:  78%|███████▊  | 521472/672000 [2:44:57<48:49, 51.38step/s, avg_reward=41.98, steps/s=52.7, act_ms=4.39, env_ms=16.35, upd_ms=55.52, eta=2854.2s]
Training:  78%|███████▊  | 524160/672000 [2:45:39<47:53, 51.44step/s, avg_reward=44.93, steps/s=52.7, act_ms=4.39, env_ms=16.35, upd_ms=55.52, eta=2803.5s]
Training:  78%|███████▊  | 524160/672000 [2:45:58<47:53, 51.44step/s, avg_reward=44.93, steps/s=52.7, act_ms=4.39, env_ms=16.35, upd_ms=55.52, eta=2803.5s]
Training:  78%|███████▊  | 526848/672000 [2:46:31<46:56, 51.53step/s, avg_reward=41.34, steps/s=52.7, act_ms=4.39, env_ms=16.35, upd_ms=55.52, eta=2752.8s]
Training:  78%|███████▊  | 526848/672000 [2:46:48<46:56, 51.53step/s, avg_reward=41.34, steps/s=52.7, act_ms=4.39, env_ms=16.35, upd_ms=55.52, eta=2752.8s]
Training:  79%|███████▉  | 529536/672000 [2:47:23<46:04, 51.54step/s, avg_reward=41.22, steps/s=52.7, act_ms=4.39, env_ms=16.35, upd_ms=55.53, eta=2702.1s]
Training:  79%|███████▉  | 529536/672000 [2:47:38<46:04, 51.54step/s, avg_reward=41.22, steps/s=52.7, act_ms=4.39, env_ms=16.35, upd_ms=55.53, eta=2702.1s]
Training:  79%|███████▉  | 532224/672000 [2:48:16<45:20, 51.38step/s, avg_reward=41.20, steps/s=52.7, act_ms=4.39, env_ms=16.35, upd_ms=55.54, eta=2651.6s]
Training:  79%|███████▉  | 532224/672000 [2:48:28<45:20, 51.38step/s, avg_reward=41.20, steps/s=52.7, act_ms=4.39, env_ms=16.35, upd_ms=55.54, eta=2651.6s]
Training:  80%|███████▉  | 534912/672000 [2:49:08<44:18, 51.56step/s, avg_reward=37.67, steps/s=52.7, act_ms=4.39, env_ms=16.35, upd_ms=55.54, eta=2600.8s]
Training:  80%|███████▉  | 534912/672000 [2:49:28<44:18, 51.56step/s, avg_reward=37.67, steps/s=52.7, act_ms=4.39, env_ms=16.35, upd_ms=55.54, eta=2600.8s]
Training:  80%|████████  | 537600/672000 [2:49:58<42:54, 52.21step/s, avg_reward=44.28, steps/s=52.7, act_ms=4.39, env_ms=16.35, upd_ms=55.53, eta=2549.5s]
Training:  80%|████████  | 537600/672000 [2:50:08<42:54, 52.21step/s, avg_reward=44.28, steps/s=52.7, act_ms=4.39, env_ms=16.35, upd_ms=55.53, eta=2549.5s]
Training:  80%|████████  | 540288/672000 [2:50:47<41:23, 53.03step/s, avg_reward=42.01, steps/s=52.7, act_ms=4.39, env_ms=16.34, upd_ms=55.53, eta=2498.0s]
Training:  80%|████████  | 540288/672000 [2:50:58<41:23, 53.03step/s, avg_reward=42.01, steps/s=52.7, act_ms=4.39, env_ms=16.34, upd_ms=55.53, eta=2498.0s]
Training:  81%|████████  | 542976/672000 [2:51:35<40:05, 53.64step/s, avg_reward=42.06, steps/s=52.7, act_ms=4.39, env_ms=16.32, upd_ms=55.52, eta=2446.5s]
Training:  81%|████████  | 542976/672000 [2:51:48<40:05, 53.64step/s, avg_reward=42.06, steps/s=52.7, act_ms=4.39, env_ms=16.32, upd_ms=55.52, eta=2446.5s]
Training:  81%|████████  | 545664/672000 [2:52:25<39:09, 53.77step/s, avg_reward=43.74, steps/s=52.7, act_ms=4.40, env_ms=16.31, upd_ms=55.51, eta=2395.3s]
Training:  81%|████████  | 545664/672000 [2:52:38<39:09, 53.77step/s, avg_reward=43.74, steps/s=52.7, act_ms=4.40, env_ms=16.31, upd_ms=55.51, eta=2395.3s]
Training:  82%|████████▏ | 548352/672000 [2:53:14<38:06, 54.08step/s, avg_reward=41.81, steps/s=52.8, act_ms=4.40, env_ms=16.30, upd_ms=55.51, eta=2343.9s]
Training:  82%|████████▏ | 548352/672000 [2:53:28<38:06, 54.08step/s, avg_reward=41.81, steps/s=52.8, act_ms=4.40, env_ms=16.30, upd_ms=55.51, eta=2343.9s]
Training:  82%|████████▏ | 551040/672000 [2:54:03<37:11, 54.21step/s, avg_reward=42.56, steps/s=52.8, act_ms=4.40, env_ms=16.29, upd_ms=55.50, eta=2292.6s]
Training:  82%|████████▏ | 551040/672000 [2:54:18<37:11, 54.21step/s, avg_reward=42.56, steps/s=52.8, act_ms=4.40, env_ms=16.29, upd_ms=55.50, eta=2292.6s]
Training:  82%|████████▏ | 553728/672000 [2:54:52<36:15, 54.36step/s, avg_reward=37.38, steps/s=52.8, act_ms=4.40, env_ms=16.28, upd_ms=55.49, eta=2241.2s]
Training:  82%|████████▏ | 553728/672000 [2:55:08<36:15, 54.36step/s, avg_reward=37.38, steps/s=52.8, act_ms=4.40, env_ms=16.28, upd_ms=55.49, eta=2241.2s]
Training:  83%|████████▎ | 556416/672000 [2:55:41<35:15, 54.63step/s, avg_reward=39.45, steps/s=52.8, act_ms=4.40, env_ms=16.27, upd_ms=55.48, eta=2189.8s]
Training:  83%|████████▎ | 556416/672000 [2:55:58<35:15, 54.63step/s, avg_reward=39.45, steps/s=52.8, act_ms=4.40, env_ms=16.27, upd_ms=55.48, eta=2189.8s]
Training:  83%|████████▎ | 559104/672000 [2:56:29<34:13, 54.97step/s, avg_reward=34.02, steps/s=52.8, act_ms=4.40, env_ms=16.26, upd_ms=55.47, eta=2138.3s]
Training:  83%|████████▎ | 559104/672000 [2:56:48<34:13, 54.97step/s, avg_reward=34.02, steps/s=52.8, act_ms=4.40, env_ms=16.26, upd_ms=55.47, eta=2138.3s]
Training:  84%|████████▎ | 561792/672000 [2:57:18<33:27, 54.91step/s, avg_reward=35.53, steps/s=52.8, act_ms=4.41, env_ms=16.25, upd_ms=55.47, eta=2087.1s]
Training:  84%|████████▎ | 561792/672000 [2:57:38<33:27, 54.91step/s, avg_reward=35.53, steps/s=52.8, act_ms=4.41, env_ms=16.25, upd_ms=55.47, eta=2087.1s]
Training:  84%|████████▍ | 564480/672000 [2:58:07<32:35, 54.99step/s, avg_reward=36.59, steps/s=52.8, act_ms=4.41, env_ms=16.24, upd_ms=55.46, eta=2035.7s]
Training:  84%|████████▍ | 564480/672000 [2:58:18<32:35, 54.99step/s, avg_reward=36.59, steps/s=52.8, act_ms=4.41, env_ms=16.24, upd_ms=55.46, eta=2035.7s]
Training:  84%|████████▍ | 567168/672000 [2:58:56<31:45, 55.02step/s, avg_reward=36.24, steps/s=52.8, act_ms=4.41, env_ms=16.23, upd_ms=55.45, eta=1984.5s]
Training:  84%|████████▍ | 567168/672000 [2:59:08<31:45, 55.02step/s, avg_reward=36.24, steps/s=52.8, act_ms=4.41, env_ms=16.23, upd_ms=55.45, eta=1984.5s]
Training:  85%|████████▍ | 569856/672000 [2:59:45<30:57, 55.00step/s, avg_reward=39.54, steps/s=52.8, act_ms=4.41, env_ms=16.22, upd_ms=55.44, eta=1933.2s]
Training:  85%|████████▍ | 569856/672000 [2:59:58<30:57, 55.00step/s, avg_reward=39.54, steps/s=52.8, act_ms=4.41, env_ms=16.22, upd_ms=55.44, eta=1933.2s]
Training:  85%|████████▌ | 572544/672000 [3:00:34<30:17, 54.73step/s, avg_reward=36.43, steps/s=52.8, act_ms=4.41, env_ms=16.21, upd_ms=55.44, eta=1882.1s]
Training:  85%|████████▌ | 572544/672000 [3:00:48<30:17, 54.73step/s, avg_reward=36.43, steps/s=52.8, act_ms=4.41, env_ms=16.21, upd_ms=55.44, eta=1882.1s]
Training:  86%|████████▌ | 575232/672000 [3:01:24<29:27, 54.74step/s, avg_reward=33.63, steps/s=52.9, act_ms=4.41, env_ms=16.20, upd_ms=55.43, eta=1831.0s]
Training:  86%|████████▌ | 575232/672000 [3:01:38<29:27, 54.74step/s, avg_reward=33.63, steps/s=52.9, act_ms=4.41, env_ms=16.20, upd_ms=55.43, eta=1831.0s]
Training:  86%|████████▌ | 577920/672000 [3:02:13<28:45, 54.54step/s, avg_reward=35.02, steps/s=52.9, act_ms=4.42, env_ms=16.19, upd_ms=55.43, eta=1779.9s]
Training:  86%|████████▌ | 577920/672000 [3:02:28<28:45, 54.54step/s, avg_reward=35.02, steps/s=52.9, act_ms=4.42, env_ms=16.19, upd_ms=55.43, eta=1779.9s]
Training:  86%|████████▋ | 580608/672000 [3:03:02<27:52, 54.65step/s, avg_reward=36.71, steps/s=52.9, act_ms=4.42, env_ms=16.18, upd_ms=55.42, eta=1728.8s]
Training:  86%|████████▋ | 580608/672000 [3:03:18<27:52, 54.65step/s, avg_reward=36.71, steps/s=52.9, act_ms=4.42, env_ms=16.18, upd_ms=55.42, eta=1728.8s]
Training:  87%|████████▋ | 583296/672000 [3:03:51<27:00, 54.72step/s, avg_reward=36.07, steps/s=52.9, act_ms=4.42, env_ms=16.17, upd_ms=55.42, eta=1677.6s]
Training:  87%|████████▋ | 583296/672000 [3:04:08<27:00, 54.72step/s, avg_reward=36.07, steps/s=52.9, act_ms=4.42, env_ms=16.17, upd_ms=55.42, eta=1677.6s]
Training:  87%|████████▋ | 585984/672000 [3:04:40<26:09, 54.81step/s, avg_reward=36.77, steps/s=52.9, act_ms=4.42, env_ms=16.16, upd_ms=55.41, eta=1626.5s]
Training:  87%|████████▋ | 585984/672000 [3:04:58<26:09, 54.81step/s, avg_reward=36.77, steps/s=52.9, act_ms=4.42, env_ms=16.16, upd_ms=55.41, eta=1626.5s]
Training:  88%|████████▊ | 588672/672000 [3:05:29<25:20, 54.81step/s, avg_reward=32.95, steps/s=52.9, act_ms=4.42, env_ms=16.15, upd_ms=55.40, eta=1575.4s]
Training:  88%|████████▊ | 588672/672000 [3:05:48<25:20, 54.81step/s, avg_reward=32.95, steps/s=52.9, act_ms=4.42, env_ms=16.15, upd_ms=55.40, eta=1575.4s]
Training:  88%|████████▊ | 591360/672000 [3:06:17<24:25, 55.03step/s, avg_reward=35.42, steps/s=52.9, act_ms=4.42, env_ms=16.14, upd_ms=55.39, eta=1524.3s]
Training:  88%|████████▊ | 591360/672000 [3:06:28<24:25, 55.03step/s, avg_reward=35.42, steps/s=52.9, act_ms=4.42, env_ms=16.14, upd_ms=55.39, eta=1524.3s]
Training:  88%|████████▊ | 594048/672000 [3:07:06<23:37, 54.99step/s, avg_reward=38.53, steps/s=52.9, act_ms=4.42, env_ms=16.13, upd_ms=55.39, eta=1473.2s]
Training:  88%|████████▊ | 594048/672000 [3:07:19<23:37, 54.99step/s, avg_reward=38.53, steps/s=52.9, act_ms=4.42, env_ms=16.13, upd_ms=55.39, eta=1473.2s]
Training:  89%|████████▉ | 596736/672000 [3:07:56<22:50, 54.92step/s, avg_reward=36.65, steps/s=52.9, act_ms=4.42, env_ms=16.12, upd_ms=55.38, eta=1422.2s]
Training:  89%|████████▉ | 596736/672000 [3:08:09<22:50, 54.92step/s, avg_reward=36.65, steps/s=52.9, act_ms=4.42, env_ms=16.12, upd_ms=55.38, eta=1422.2s]
Training:  89%|████████▉ | 599424/672000 [3:08:44<22:01, 54.93step/s, avg_reward=37.45, steps/s=52.9, act_ms=4.42, env_ms=16.11, upd_ms=55.37, eta=1371.2s]
Training:  89%|████████▉ | 599424/672000 [3:08:59<22:01, 54.93step/s, avg_reward=37.45, steps/s=52.9, act_ms=4.42, env_ms=16.11, upd_ms=55.37, eta=1371.2s]
Training:  90%|████████▉ | 602112/672000 [3:09:33<21:12, 54.94step/s, avg_reward=40.18, steps/s=52.9, act_ms=4.43, env_ms=16.10, upd_ms=55.37, eta=1320.2s]
Training:  90%|████████▉ | 602112/672000 [3:09:49<21:12, 54.94step/s, avg_reward=40.18, steps/s=52.9, act_ms=4.43, env_ms=16.10, upd_ms=55.37, eta=1320.2s]
Training:  90%|█████████ | 604800/672000 [3:10:23<20:27, 54.74step/s, avg_reward=38.91, steps/s=52.9, act_ms=4.43, env_ms=16.09, upd_ms=55.36, eta=1269.3s]
Training:  90%|█████████ | 604800/672000 [3:10:39<20:27, 54.74step/s, avg_reward=38.91, steps/s=52.9, act_ms=4.43, env_ms=16.09, upd_ms=55.36, eta=1269.3s]
Training:  90%|█████████ | 607488/672000 [3:11:12<19:38, 54.73step/s, avg_reward=38.23, steps/s=53.0, act_ms=4.43, env_ms=16.08, upd_ms=55.36, eta=1218.3s]
Training:  90%|█████████ | 607488/672000 [3:11:29<19:38, 54.73step/s, avg_reward=38.23, steps/s=53.0, act_ms=4.43, env_ms=16.08, upd_ms=55.36, eta=1218.3s]
Training:  91%|█████████ | 610176/672000 [3:12:01<18:51, 54.65step/s, avg_reward=43.41, steps/s=53.0, act_ms=4.43, env_ms=16.07, upd_ms=55.35, eta=1167.4s]
Training:  91%|█████████ | 610176/672000 [3:12:19<18:51, 54.65step/s, avg_reward=43.41, steps/s=53.0, act_ms=4.43, env_ms=16.07, upd_ms=55.35, eta=1167.4s]
Training:  91%|█████████ | 612864/672000 [3:12:50<17:58, 54.83step/s, avg_reward=40.29, steps/s=53.0, act_ms=4.43, env_ms=16.07, upd_ms=55.35, eta=1116.5s]
Training:  91%|█████████ | 612864/672000 [3:13:09<17:58, 54.83step/s, avg_reward=40.29, steps/s=53.0, act_ms=4.43, env_ms=16.07, upd_ms=55.35, eta=1116.5s]
Training:  92%|█████████▏| 615552/672000 [3:13:39<17:06, 54.99step/s, avg_reward=43.03, steps/s=53.0, act_ms=4.43, env_ms=16.06, upd_ms=55.34, eta=1065.5s]
Training:  92%|█████████▏| 615552/672000 [3:13:49<17:06, 54.99step/s, avg_reward=43.03, steps/s=53.0, act_ms=4.43, env_ms=16.06, upd_ms=55.34, eta=1065.5s]
Training:  92%|█████████▏| 618240/672000 [3:14:28<16:18, 54.96step/s, avg_reward=38.50, steps/s=53.0, act_ms=4.43, env_ms=16.05, upd_ms=55.33, eta=1014.6s]
Training:  92%|█████████▏| 618240/672000 [3:14:39<16:18, 54.96step/s, avg_reward=38.50, steps/s=53.0, act_ms=4.43, env_ms=16.05, upd_ms=55.33, eta=1014.6s]
Training:  92%|█████████▏| 620928/672000 [3:15:16<15:28, 55.00step/s, avg_reward=39.90, steps/s=53.0, act_ms=4.43, env_ms=16.04, upd_ms=55.32, eta=963.7s] 
Training:  92%|█████████▏| 620928/672000 [3:15:29<15:28, 55.00step/s, avg_reward=39.90, steps/s=53.0, act_ms=4.43, env_ms=16.04, upd_ms=55.32, eta=963.7s]
Training:  93%|█████████▎| 623616/672000 [3:16:06<14:42, 54.82step/s, avg_reward=44.19, steps/s=53.0, act_ms=4.44, env_ms=16.03, upd_ms=55.32, eta=912.9s]
Training:  93%|█████████▎| 623616/672000 [3:16:19<14:42, 54.82step/s, avg_reward=44.19, steps/s=53.0, act_ms=4.44, env_ms=16.03, upd_ms=55.32, eta=912.9s]
Training:  93%|█████████▎| 626304/672000 [3:16:55<13:55, 54.71step/s, avg_reward=43.50, steps/s=53.0, act_ms=4.44, env_ms=16.02, upd_ms=55.32, eta=862.1s]
Training:  93%|█████████▎| 626304/672000 [3:17:09<13:55, 54.71step/s, avg_reward=43.50, steps/s=53.0, act_ms=4.44, env_ms=16.02, upd_ms=55.32, eta=862.1s]
Training:  94%|█████████▎| 628992/672000 [3:17:44<13:05, 54.74step/s, avg_reward=40.53, steps/s=53.0, act_ms=4.44, env_ms=16.01, upd_ms=55.31, eta=811.3s]
Training:  94%|█████████▎| 628992/672000 [3:17:59<13:05, 54.74step/s, avg_reward=40.53, steps/s=53.0, act_ms=4.44, env_ms=16.01, upd_ms=55.31, eta=811.3s]
Training:  94%|█████████▍| 631680/672000 [3:18:33<12:16, 54.75step/s, avg_reward=39.48, steps/s=53.0, act_ms=4.44, env_ms=16.01, upd_ms=55.31, eta=760.4s]
Training:  94%|█████████▍| 631680/672000 [3:18:49<12:16, 54.75step/s, avg_reward=39.48, steps/s=53.0, act_ms=4.44, env_ms=16.01, upd_ms=55.31, eta=760.4s]
Training:  94%|█████████▍| 634368/672000 [3:19:22<11:27, 54.72step/s, avg_reward=33.52, steps/s=53.0, act_ms=4.44, env_ms=16.00, upd_ms=55.30, eta=709.7s]
Training:  94%|█████████▍| 634368/672000 [3:19:39<11:27, 54.72step/s, avg_reward=33.52, steps/s=53.0, act_ms=4.44, env_ms=16.00, upd_ms=55.30, eta=709.7s]
Training:  95%|█████████▍| 637056/672000 [3:20:12<10:38, 54.72step/s, avg_reward=32.58, steps/s=53.0, act_ms=4.44, env_ms=15.99, upd_ms=55.30, eta=658.9s]
Training:  95%|█████████▍| 637056/672000 [3:20:29<10:38, 54.72step/s, avg_reward=32.58, steps/s=53.0, act_ms=4.44, env_ms=15.99, upd_ms=55.30, eta=658.9s]
Training:  95%|█████████▌| 639744/672000 [3:21:00<09:47, 54.88step/s, avg_reward=36.29, steps/s=53.0, act_ms=4.44, env_ms=15.98, upd_ms=55.29, eta=608.1s]
Training:  95%|█████████▌| 639744/672000 [3:21:19<09:47, 54.88step/s, avg_reward=36.29, steps/s=53.0, act_ms=4.44, env_ms=15.98, upd_ms=55.29, eta=608.1s]
Training:  96%|█████████▌| 642432/672000 [3:21:49<08:57, 55.04step/s, avg_reward=34.51, steps/s=53.1, act_ms=4.45, env_ms=15.97, upd_ms=55.28, eta=557.3s]
Training:  96%|█████████▌| 642432/672000 [3:21:59<08:57, 55.04step/s, avg_reward=34.51, steps/s=53.1, act_ms=4.45, env_ms=15.97, upd_ms=55.28, eta=557.3s]
Training:  96%|█████████▌| 645120/672000 [3:22:38<08:09, 54.92step/s, avg_reward=30.98, steps/s=53.1, act_ms=4.45, env_ms=15.97, upd_ms=55.28, eta=506.6s]
Training:  96%|█████████▌| 645120/672000 [3:22:49<08:09, 54.92step/s, avg_reward=30.98, steps/s=53.1, act_ms=4.45, env_ms=15.97, upd_ms=55.28, eta=506.6s]
Training:  96%|█████████▋| 647808/672000 [3:23:26<07:19, 55.07step/s, avg_reward=26.31, steps/s=53.1, act_ms=4.45, env_ms=15.96, upd_ms=55.27, eta=455.9s]
Training:  96%|█████████▋| 647808/672000 [3:23:39<07:19, 55.07step/s, avg_reward=26.31, steps/s=53.1, act_ms=4.45, env_ms=15.96, upd_ms=55.27, eta=455.9s]
Training:  97%|█████████▋| 650496/672000 [3:24:15<06:30, 55.07step/s, avg_reward=24.50, steps/s=53.1, act_ms=4.45, env_ms=15.95, upd_ms=55.26, eta=405.1s]
Training:  97%|█████████▋| 650496/672000 [3:24:29<06:30, 55.07step/s, avg_reward=24.50, steps/s=53.1, act_ms=4.45, env_ms=15.95, upd_ms=55.26, eta=405.1s]
Training:  97%|█████████▋| 653184/672000 [3:25:05<05:42, 54.90step/s, avg_reward=27.04, steps/s=53.1, act_ms=4.45, env_ms=15.94, upd_ms=55.26, eta=354.5s]
Training:  97%|█████████▋| 653184/672000 [3:25:19<05:42, 54.90step/s, avg_reward=27.04, steps/s=53.1, act_ms=4.45, env_ms=15.94, upd_ms=55.26, eta=354.5s]
Training:  98%|█████████▊| 655872/672000 [3:25:54<04:54, 54.77step/s, avg_reward=26.52, steps/s=53.1, act_ms=4.45, env_ms=15.93, upd_ms=55.25, eta=303.8s]
Training:  98%|█████████▊| 655872/672000 [3:26:09<04:54, 54.77step/s, avg_reward=26.52, steps/s=53.1, act_ms=4.45, env_ms=15.93, upd_ms=55.25, eta=303.8s]
Training:  98%|█████████▊| 658560/672000 [3:26:44<04:06, 54.58step/s, avg_reward=25.36, steps/s=53.1, act_ms=4.45, env_ms=15.93, upd_ms=55.25, eta=253.1s]
Training:  98%|█████████▊| 658560/672000 [3:26:59<04:06, 54.58step/s, avg_reward=25.36, steps/s=53.1, act_ms=4.45, env_ms=15.93, upd_ms=55.25, eta=253.1s]
Training:  98%|█████████▊| 661248/672000 [3:27:33<03:17, 54.55step/s, avg_reward=26.99, steps/s=53.1, act_ms=4.45, env_ms=15.92, upd_ms=55.25, eta=202.5s]
Training:  98%|█████████▊| 661248/672000 [3:27:50<03:17, 54.55step/s, avg_reward=26.99, steps/s=53.1, act_ms=4.45, env_ms=15.92, upd_ms=55.25, eta=202.5s]
Training:  99%|█████████▉| 663936/672000 [3:28:22<02:27, 54.74step/s, avg_reward=33.53, steps/s=53.1, act_ms=4.45, env_ms=15.91, upd_ms=55.24, eta=151.8s]
Training:  99%|█████████▉| 663936/672000 [3:28:40<02:27, 54.74step/s, avg_reward=33.53, steps/s=53.1, act_ms=4.45, env_ms=15.91, upd_ms=55.24, eta=151.8s]
Training:  99%|█████████▉| 666624/672000 [3:29:11<01:38, 54.70step/s, avg_reward=31.06, steps/s=53.1, act_ms=4.46, env_ms=15.91, upd_ms=55.24, eta=101.2s]
Training:  99%|█████████▉| 666624/672000 [3:29:30<01:38, 54.70step/s, avg_reward=31.06, steps/s=53.1, act_ms=4.46, env_ms=15.91, upd_ms=55.24, eta=101.2s]
Training: 100%|█████████▉| 669312/672000 [3:30:00<00:49, 54.78step/s, avg_reward=33.79, steps/s=53.1, act_ms=4.46, env_ms=15.90, upd_ms=55.23, eta=50.6s] 
Training: 100%|█████████▉| 669312/672000 [3:30:20<00:49, 54.78step/s, avg_reward=33.79, steps/s=53.1, act_ms=4.46, env_ms=15.90, upd_ms=55.23, eta=50.6s]
Training: 100%|██████████| 672000/672000 [3:30:48<00:00, 54.89step/s, avg_reward=29.82, steps/s=53.1, act_ms=4.46, env_ms=15.89, upd_ms=55.23, eta=0.0s] 
Training: 100%|██████████| 672000/672000 [3:30:48<00:00, 53.13step/s, avg_reward=29.82, steps/s=53.1, act_ms=4.46, env_ms=15.89, upd_ms=55.23, eta=0.0s]
