
Training:   0%|          | 0/672000 [00:00<?, ?step/s]
Training:   0%|          | 2688/672000 [00:15<1:03:08, 176.67step/s, avg_reward=-458.75, steps/s=176.6, act_ms=5.95, env_ms=16.52, upd_ms=0.00, eta=3788.9s]
Training:   0%|          | 2688/672000 [00:30<1:03:08, 176.67step/s, avg_reward=-458.75, steps/s=176.6, act_ms=5.95, env_ms=16.52, upd_ms=0.00, eta=3788.9s]
Training:   1%|          | 5376/672000 [00:30<1:04:07, 173.26step/s, avg_reward=-561.06, steps/s=173.7, act_ms=5.85, env_ms=17.01, upd_ms=0.00, eta=3836.7s]
Training:   1%|          | 5376/672000 [00:50<1:04:07, 173.26step/s, avg_reward=-561.06, steps/s=173.7, act_ms=5.85, env_ms=17.01, upd_ms=0.00, eta=3836.7s]
Training:   1%|          | 8064/672000 [01:15<1:58:09, 93.65step/s, avg_reward=-432.86, steps/s=107.0, act_ms=5.91, env_ms=17.28, upd_ms=42.02, eta=6202.5s]
Training:   1%|          | 8064/672000 [01:30<1:58:09, 93.65step/s, avg_reward=-432.86, steps/s=107.0, act_ms=5.91, env_ms=17.28, upd_ms=42.02, eta=6202.5s]
Training:   2%|▏         | 10752/672000 [02:09<2:39:32, 69.08step/s, avg_reward=-436.92, steps/s=82.8, act_ms=5.93, env_ms=17.63, upd_ms=49.20, eta=7988.9s]
Training:   2%|▏         | 10752/672000 [02:20<2:39:32, 69.08step/s, avg_reward=-436.92, steps/s=82.8, act_ms=5.93, env_ms=17.63, upd_ms=49.20, eta=7988.9s]
Training:   2%|▏         | 13440/672000 [03:03<3:00:57, 60.66step/s, avg_reward=-441.85, steps/s=73.1, act_ms=5.96, env_ms=17.65, upd_ms=51.53, eta=9005.9s]
Training:   2%|▏         | 13440/672000 [03:20<3:00:57, 60.66step/s, avg_reward=-441.85, steps/s=73.1, act_ms=5.96, env_ms=17.65, upd_ms=51.53, eta=9005.9s]
Training:   2%|▏         | 16128/672000 [03:58<3:14:45, 56.13step/s, avg_reward=-406.69, steps/s=67.6, act_ms=5.96, env_ms=17.68, upd_ms=53.07, eta=9704.1s]
Training:   2%|▏         | 16128/672000 [04:10<3:14:45, 56.13step/s, avg_reward=-406.69, steps/s=67.6, act_ms=5.96, env_ms=17.68, upd_ms=53.07, eta=9704.1s]
Training:   3%|▎         | 18816/672000 [04:53<3:23:50, 53.41step/s, avg_reward=-427.32, steps/s=64.0, act_ms=5.98, env_ms=17.74, upd_ms=54.05, eta=10205.4s]
Training:   3%|▎         | 18816/672000 [05:10<3:23:50, 53.41step/s, avg_reward=-427.32, steps/s=64.0, act_ms=5.98, env_ms=17.74, upd_ms=54.05, eta=10205.4s]
Training:   3%|▎         | 21504/672000 [05:49<3:29:07, 51.84step/s, avg_reward=-433.86, steps/s=61.6, act_ms=5.99, env_ms=17.76, upd_ms=54.69, eta=10559.5s]
Training:   3%|▎         | 21504/672000 [06:00<3:29:07, 51.84step/s, avg_reward=-433.86, steps/s=61.6, act_ms=5.99, env_ms=17.76, upd_ms=54.69, eta=10559.5s]
Training:   4%|▎         | 24192/672000 [06:45<3:33:24, 50.59step/s, avg_reward=-450.30, steps/s=59.7, act_ms=5.98, env_ms=17.87, upd_ms=55.21, eta=10845.7s]
Training:   4%|▎         | 24192/672000 [07:00<3:33:24, 50.59step/s, avg_reward=-450.30, steps/s=59.7, act_ms=5.98, env_ms=17.87, upd_ms=55.21, eta=10845.7s]
Training:   4%|▍         | 26880/672000 [07:49<3:46:32, 47.46step/s, avg_reward=-483.99, steps/s=57.3, act_ms=6.11, env_ms=17.87, upd_ms=57.15, eta=11268.2s]
Training:   4%|▍         | 26880/672000 [08:00<3:46:32, 47.46step/s, avg_reward=-483.99, steps/s=57.3, act_ms=6.11, env_ms=17.87, upd_ms=57.15, eta=11268.2s]
Training:   4%|▍         | 29568/672000 [09:03<4:06:28, 43.44step/s, avg_reward=-486.03, steps/s=54.4, act_ms=6.38, env_ms=17.75, upd_ms=60.12, eta=11803.9s]
Training:   4%|▍         | 29568/672000 [09:20<4:06:28, 43.44step/s, avg_reward=-486.03, steps/s=54.4, act_ms=6.38, env_ms=17.75, upd_ms=60.12, eta=11803.9s]
Training:   5%|▍         | 32256/672000 [10:22<4:26:06, 40.07step/s, avg_reward=-451.51, steps/s=51.8, act_ms=6.67, env_ms=17.55, upd_ms=63.33, eta=12341.7s]
Training:   5%|▍         | 32256/672000 [10:40<4:26:06, 40.07step/s, avg_reward=-451.51, steps/s=51.8, act_ms=6.67, env_ms=17.55, upd_ms=63.33, eta=12341.7s]
Training:   5%|▌         | 34944/672000 [11:44<4:42:47, 37.55step/s, avg_reward=-437.82, steps/s=49.6, act_ms=6.97, env_ms=17.36, upd_ms=66.31, eta=12838.8s]
Training:   5%|▌         | 34944/672000 [12:00<4:42:47, 37.55step/s, avg_reward=-437.82, steps/s=49.6, act_ms=6.97, env_ms=17.36, upd_ms=66.31, eta=12838.8s]
Training:   6%|▌         | 37632/672000 [12:38<4:20:43, 40.55step/s, avg_reward=-422.34, steps/s=49.6, act_ms=6.88, env_ms=17.36, upd_ms=65.54, eta=12782.0s]
Training:   6%|▌         | 37632/672000 [12:50<4:20:43, 40.55step/s, avg_reward=-422.34, steps/s=49.6, act_ms=6.88, env_ms=17.36, upd_ms=65.54, eta=12782.0s]
Training:   6%|▌         | 40320/672000 [13:35<4:08:27, 42.37step/s, avg_reward=-403.69, steps/s=49.5, act_ms=6.85, env_ms=17.33, upd_ms=65.21, eta=12769.7s]
Training:   6%|▌         | 40320/672000 [13:50<4:08:27, 42.37step/s, avg_reward=-403.69, steps/s=49.5, act_ms=6.85, env_ms=17.33, upd_ms=65.21, eta=12769.7s]
Training:   6%|▋         | 43008/672000 [14:27<3:54:46, 44.65step/s, avg_reward=-415.12, steps/s=49.6, act_ms=6.76, env_ms=17.35, upd_ms=64.49, eta=12691.1s]
Training:   6%|▋         | 43008/672000 [14:40<3:54:46, 44.65step/s, avg_reward=-415.12, steps/s=49.6, act_ms=6.76, env_ms=17.35, upd_ms=64.49, eta=12691.1s]
Training:   7%|▋         | 45696/672000 [15:21<3:45:49, 46.22step/s, avg_reward=-372.97, steps/s=49.6, act_ms=6.68, env_ms=17.34, upd_ms=63.97, eta=12625.3s]
Training:   7%|▋         | 45696/672000 [15:40<3:45:49, 46.22step/s, avg_reward=-372.97, steps/s=49.6, act_ms=6.68, env_ms=17.34, upd_ms=63.97, eta=12625.3s]
Training:   7%|▋         | 48384/672000 [16:14<3:38:45, 47.51step/s, avg_reward=-404.24, steps/s=49.7, act_ms=6.62, env_ms=17.36, upd_ms=63.43, eta=12554.6s]
Training:   7%|▋         | 48384/672000 [16:30<3:38:45, 47.51step/s, avg_reward=-404.24, steps/s=49.7, act_ms=6.62, env_ms=17.36, upd_ms=63.43, eta=12554.6s]
Training:   8%|▊         | 51072/672000 [17:07<3:34:26, 48.26step/s, avg_reward=-431.19, steps/s=49.7, act_ms=6.56, env_ms=17.37, upd_ms=63.02, eta=12495.0s]
Training:   8%|▊         | 51072/672000 [17:20<3:34:26, 48.26step/s, avg_reward=-431.19, steps/s=49.7, act_ms=6.56, env_ms=17.37, upd_ms=63.02, eta=12495.0s]
Training:   8%|▊         | 53760/672000 [18:02<3:31:57, 48.61step/s, avg_reward=-397.91, steps/s=49.7, act_ms=6.51, env_ms=17.37, upd_ms=62.72, eta=12443.8s]
Training:   8%|▊         | 53760/672000 [18:20<3:31:57, 48.61step/s, avg_reward=-397.91, steps/s=49.7, act_ms=6.51, env_ms=17.37, upd_ms=62.72, eta=12443.8s]
Training:   8%|▊         | 56448/672000 [18:58<3:32:53, 48.19step/s, avg_reward=-392.42, steps/s=49.6, act_ms=6.48, env_ms=17.48, upd_ms=62.54, eta=12420.4s]
Training:   8%|▊         | 56448/672000 [19:10<3:32:53, 48.19step/s, avg_reward=-392.42, steps/s=49.6, act_ms=6.48, env_ms=17.48, upd_ms=62.54, eta=12420.4s]
Training:   9%|▉         | 59136/672000 [19:59<3:36:56, 47.08step/s, avg_reward=-355.65, steps/s=49.3, act_ms=6.48, env_ms=17.54, upd_ms=62.61, eta=12427.3s]
Training:   9%|▉         | 59136/672000 [20:10<3:36:56, 47.08step/s, avg_reward=-355.65, steps/s=49.3, act_ms=6.48, env_ms=17.54, upd_ms=62.61, eta=12427.3s]
Training:   9%|▉         | 61824/672000 [21:00<3:40:57, 46.03step/s, avg_reward=-329.51, steps/s=49.0, act_ms=6.48, env_ms=17.65, upd_ms=62.71, eta=12441.5s]
Training:   9%|▉         | 61824/672000 [21:10<3:40:57, 46.03step/s, avg_reward=-329.51, steps/s=49.0, act_ms=6.48, env_ms=17.65, upd_ms=62.71, eta=12441.5s]
Training:  10%|▉         | 64512/672000 [22:03<3:44:42, 45.06step/s, avg_reward=-298.81, steps/s=48.8, act_ms=6.49, env_ms=17.75, upd_ms=62.86, eta=12459.9s]
Training:  10%|▉         | 64512/672000 [22:21<3:44:42, 45.06step/s, avg_reward=-298.81, steps/s=48.8, act_ms=6.49, env_ms=17.75, upd_ms=62.86, eta=12459.9s]
Training:  10%|█         | 67200/672000 [23:07<3:49:16, 43.96step/s, avg_reward=-316.77, steps/s=48.4, act_ms=6.51, env_ms=17.80, upd_ms=63.17, eta=12490.0s]
Training:  10%|█         | 67200/672000 [23:21<3:49:16, 43.96step/s, avg_reward=-316.77, steps/s=48.4, act_ms=6.51, env_ms=17.80, upd_ms=63.17, eta=12490.0s]
Training:  10%|█         | 69888/672000 [24:07<3:46:33, 44.29step/s, avg_reward=-295.23, steps/s=48.3, act_ms=6.51, env_ms=17.79, upd_ms=63.23, eta=12469.9s]
Training:  10%|█         | 69888/672000 [24:21<3:46:33, 44.29step/s, avg_reward=-295.23, steps/s=48.3, act_ms=6.51, env_ms=17.79, upd_ms=63.23, eta=12469.9s]
Training:  11%|█         | 72576/672000 [25:06<3:44:19, 44.53step/s, avg_reward=-325.27, steps/s=48.2, act_ms=6.50, env_ms=17.82, upd_ms=63.25, eta=12446.6s]
Training:  11%|█         | 72576/672000 [25:21<3:44:19, 44.53step/s, avg_reward=-325.27, steps/s=48.2, act_ms=6.50, env_ms=17.82, upd_ms=63.25, eta=12446.6s]
Training:  11%|█         | 75264/672000 [26:11<3:47:50, 43.65step/s, avg_reward=-324.87, steps/s=47.9, act_ms=6.53, env_ms=17.82, upd_ms=63.52, eta=12459.1s]
Training:  11%|█         | 75264/672000 [26:31<3:47:50, 43.65step/s, avg_reward=-324.87, steps/s=47.9, act_ms=6.53, env_ms=17.82, upd_ms=63.52, eta=12459.1s]
Training:  12%|█▏        | 77952/672000 [27:12<3:46:10, 43.78step/s, avg_reward=-344.06, steps/s=47.8, act_ms=6.53, env_ms=17.87, upd_ms=63.57, eta=12440.2s]
Training:  12%|█▏        | 77952/672000 [27:31<3:46:10, 43.78step/s, avg_reward=-344.06, steps/s=47.8, act_ms=6.53, env_ms=17.87, upd_ms=63.57, eta=12440.2s]
Training:  12%|█▏        | 80640/672000 [28:13<3:44:23, 43.92step/s, avg_reward=-325.72, steps/s=47.6, act_ms=6.54, env_ms=17.91, upd_ms=63.60, eta=12416.3s]
Training:  12%|█▏        | 80640/672000 [28:31<3:44:23, 43.92step/s, avg_reward=-325.72, steps/s=47.6, act_ms=6.54, env_ms=17.91, upd_ms=63.60, eta=12416.3s]
Training:  12%|█▏        | 83328/672000 [29:13<3:42:35, 44.08step/s, avg_reward=-300.90, steps/s=47.5, act_ms=6.53, env_ms=17.94, upd_ms=63.64, eta=12388.5s]
Training:  12%|█▏        | 83328/672000 [29:31<3:42:35, 44.08step/s, avg_reward=-300.90, steps/s=47.5, act_ms=6.53, env_ms=17.94, upd_ms=63.64, eta=12388.5s]
Training:  13%|█▎        | 86016/672000 [30:13<3:40:35, 44.27step/s, avg_reward=-297.04, steps/s=47.4, act_ms=6.53, env_ms=17.95, upd_ms=63.66, eta=12355.9s]
Training:  13%|█▎        | 86016/672000 [30:31<3:40:35, 44.27step/s, avg_reward=-297.04, steps/s=47.4, act_ms=6.53, env_ms=17.95, upd_ms=63.66, eta=12355.9s]
Training:  13%|█▎        | 88704/672000 [31:14<3:40:03, 44.18step/s, avg_reward=-301.59, steps/s=47.3, act_ms=6.53, env_ms=17.99, upd_ms=63.70, eta=12328.6s]
Training:  13%|█▎        | 88704/672000 [31:31<3:40:03, 44.18step/s, avg_reward=-301.59, steps/s=47.3, act_ms=6.53, env_ms=17.99, upd_ms=63.70, eta=12328.6s]
Training:  14%|█▎        | 91392/672000 [32:15<3:38:51, 44.22step/s, avg_reward=-311.14, steps/s=47.2, act_ms=6.53, env_ms=18.01, upd_ms=63.74, eta=12296.3s]
Training:  14%|█▎        | 91392/672000 [32:31<3:38:51, 44.22step/s, avg_reward=-311.14, steps/s=47.2, act_ms=6.53, env_ms=18.01, upd_ms=63.74, eta=12296.3s]
Training:  14%|█▍        | 94080/672000 [33:15<3:37:10, 44.35step/s, avg_reward=-337.35, steps/s=47.1, act_ms=6.53, env_ms=18.03, upd_ms=63.76, eta=12259.3s]
Training:  14%|█▍        | 94080/672000 [33:31<3:37:10, 44.35step/s, avg_reward=-337.35, steps/s=47.1, act_ms=6.53, env_ms=18.03, upd_ms=63.76, eta=12259.3s]
Training:  14%|█▍        | 96768/672000 [34:16<3:36:12, 44.34step/s, avg_reward=-358.37, steps/s=47.1, act_ms=6.53, env_ms=18.05, upd_ms=63.78, eta=12223.8s]
Training:  14%|█▍        | 96768/672000 [34:31<3:36:12, 44.34step/s, avg_reward=-358.37, steps/s=47.1, act_ms=6.53, env_ms=18.05, upd_ms=63.78, eta=12223.8s]
Training:  15%|█▍        | 99456/672000 [35:16<3:35:06, 44.36step/s, avg_reward=-378.97, steps/s=47.0, act_ms=6.54, env_ms=18.08, upd_ms=63.79, eta=12186.3s]
Training:  15%|█▍        | 99456/672000 [35:31<3:35:06, 44.36step/s, avg_reward=-378.97, steps/s=47.0, act_ms=6.54, env_ms=18.08, upd_ms=63.79, eta=12186.3s]
Training:  15%|█▌        | 102144/672000 [36:22<3:38:58, 43.37step/s, avg_reward=-383.66, steps/s=46.8, act_ms=6.53, env_ms=18.10, upd_ms=64.00, eta=12173.6s]
Training:  15%|█▌        | 102144/672000 [36:41<3:38:58, 43.37step/s, avg_reward=-383.66, steps/s=46.8, act_ms=6.53, env_ms=18.10, upd_ms=64.00, eta=12173.6s]
Training:  16%|█▌        | 104832/672000 [37:28<3:42:09, 42.55step/s, avg_reward=-377.55, steps/s=46.6, act_ms=6.54, env_ms=18.11, upd_ms=64.25, eta=12162.5s]
Training:  16%|█▌        | 104832/672000 [37:41<3:42:09, 42.55step/s, avg_reward=-377.55, steps/s=46.6, act_ms=6.54, env_ms=18.11, upd_ms=64.25, eta=12162.5s]
Training:  16%|█▌        | 107520/672000 [38:33<3:43:52, 42.02step/s, avg_reward=-378.03, steps/s=46.5, act_ms=6.53, env_ms=18.12, upd_ms=64.47, eta=12147.7s]
Training:  16%|█▌        | 107520/672000 [38:51<3:43:52, 42.02step/s, avg_reward=-378.03, steps/s=46.5, act_ms=6.53, env_ms=18.12, upd_ms=64.47, eta=12147.7s]
Training:  16%|█▋        | 110208/672000 [39:39<3:44:39, 41.68step/s, avg_reward=-374.84, steps/s=46.3, act_ms=6.53, env_ms=18.13, upd_ms=64.68, eta=12130.1s]
Training:  16%|█▋        | 110208/672000 [39:51<3:44:39, 41.68step/s, avg_reward=-374.84, steps/s=46.3, act_ms=6.53, env_ms=18.13, upd_ms=64.68, eta=12130.1s]
Training:  17%|█▋        | 112896/672000 [40:45<3:45:01, 41.41step/s, avg_reward=-375.34, steps/s=46.2, act_ms=6.53, env_ms=18.14, upd_ms=64.88, eta=12110.9s]
Training:  17%|█▋        | 112896/672000 [41:01<3:45:01, 41.41step/s, avg_reward=-375.34, steps/s=46.2, act_ms=6.53, env_ms=18.14, upd_ms=64.88, eta=12110.9s]
Training:  17%|█▋        | 115584/672000 [41:51<3:45:13, 41.17step/s, avg_reward=-375.74, steps/s=46.0, act_ms=6.53, env_ms=18.16, upd_ms=65.08, eta=12090.8s]
Training:  17%|█▋        | 115584/672000 [42:02<3:45:13, 41.17step/s, avg_reward=-375.74, steps/s=46.0, act_ms=6.53, env_ms=18.16, upd_ms=65.08, eta=12090.8s]
Training:  18%|█▊        | 118272/672000 [42:56<3:43:50, 41.23step/s, avg_reward=-348.74, steps/s=45.9, act_ms=6.52, env_ms=18.16, upd_ms=65.24, eta=12063.3s]
Training:  18%|█▊        | 118272/672000 [43:12<3:43:50, 41.23step/s, avg_reward=-348.74, steps/s=45.9, act_ms=6.52, env_ms=18.16, upd_ms=65.24, eta=12063.3s]
Training:  18%|█▊        | 120960/672000 [44:02<3:43:14, 41.14step/s, avg_reward=-335.17, steps/s=45.8, act_ms=6.52, env_ms=18.17, upd_ms=65.41, eta=12037.1s]
Training:  18%|█▊        | 120960/672000 [44:22<3:43:14, 41.14step/s, avg_reward=-335.17, steps/s=45.8, act_ms=6.52, env_ms=18.17, upd_ms=65.41, eta=12037.1s]
Training:  18%|█▊        | 123648/672000 [45:07<3:42:28, 41.08step/s, avg_reward=-342.87, steps/s=45.7, act_ms=6.52, env_ms=18.18, upd_ms=65.57, eta=12009.1s]
Training:  18%|█▊        | 123648/672000 [45:22<3:42:28, 41.08step/s, avg_reward=-342.87, steps/s=45.7, act_ms=6.52, env_ms=18.18, upd_ms=65.57, eta=12009.1s]
Training:  19%|█▉        | 126336/672000 [46:13<3:41:29, 41.06step/s, avg_reward=-319.78, steps/s=45.6, act_ms=6.52, env_ms=18.19, upd_ms=65.72, eta=11979.1s]
Training:  19%|█▉        | 126336/672000 [46:32<3:41:29, 41.06step/s, avg_reward=-319.78, steps/s=45.6, act_ms=6.52, env_ms=18.19, upd_ms=65.72, eta=11979.1s]
Training:  19%|█▉        | 129024/672000 [47:19<3:41:13, 40.91step/s, avg_reward=-287.18, steps/s=45.4, act_ms=6.52, env_ms=18.21, upd_ms=65.88, eta=11950.6s]
Training:  19%|█▉        | 129024/672000 [47:32<3:41:13, 40.91step/s, avg_reward=-287.18, steps/s=45.4, act_ms=6.52, env_ms=18.21, upd_ms=65.88, eta=11950.6s]
Training:  20%|█▉        | 131712/672000 [48:25<3:39:52, 40.95step/s, avg_reward=-270.38, steps/s=45.3, act_ms=6.52, env_ms=18.21, upd_ms=66.01, eta=11917.3s]
Training:  20%|█▉        | 131712/672000 [48:42<3:39:52, 40.95step/s, avg_reward=-270.38, steps/s=45.3, act_ms=6.52, env_ms=18.21, upd_ms=66.01, eta=11917.3s]
Training:  20%|██        | 134400/672000 [49:30<3:38:21, 41.03step/s, avg_reward=-242.07, steps/s=45.2, act_ms=6.51, env_ms=18.21, upd_ms=66.15, eta=11881.7s]
Training:  20%|██        | 134400/672000 [49:42<3:38:21, 41.03step/s, avg_reward=-242.07, steps/s=45.2, act_ms=6.51, env_ms=18.21, upd_ms=66.15, eta=11881.7s]
Training:  20%|██        | 137088/672000 [50:36<3:37:35, 40.97step/s, avg_reward=-244.42, steps/s=45.2, act_ms=6.52, env_ms=18.22, upd_ms=66.27, eta=11847.4s]
Training:  20%|██        | 137088/672000 [50:52<3:37:35, 40.97step/s, avg_reward=-244.42, steps/s=45.2, act_ms=6.52, env_ms=18.22, upd_ms=66.27, eta=11847.4s]
Training:  21%|██        | 139776/672000 [51:41<3:36:31, 40.97step/s, avg_reward=-252.34, steps/s=45.1, act_ms=6.51, env_ms=18.23, upd_ms=66.40, eta=11811.1s]
Training:  21%|██        | 139776/672000 [51:52<3:36:31, 40.97step/s, avg_reward=-252.34, steps/s=45.1, act_ms=6.51, env_ms=18.23, upd_ms=66.40, eta=11811.1s]
Training:  21%|██        | 142464/672000 [52:47<3:35:37, 40.93step/s, avg_reward=-215.02, steps/s=45.0, act_ms=6.51, env_ms=18.24, upd_ms=66.51, eta=11774.3s]
Training:  21%|██        | 142464/672000 [53:02<3:35:37, 40.93step/s, avg_reward=-215.02, steps/s=45.0, act_ms=6.51, env_ms=18.24, upd_ms=66.51, eta=11774.3s]
Training:  22%|██▏       | 145152/672000 [53:52<3:33:52, 41.05step/s, avg_reward=-201.03, steps/s=44.9, act_ms=6.51, env_ms=18.25, upd_ms=66.61, eta=11733.6s]
Training:  22%|██▏       | 145152/672000 [54:12<3:33:52, 41.05step/s, avg_reward=-201.03, steps/s=44.9, act_ms=6.51, env_ms=18.25, upd_ms=66.61, eta=11733.6s]
Training:  22%|██▏       | 147840/672000 [54:58<3:33:29, 40.92step/s, avg_reward=-211.52, steps/s=44.8, act_ms=6.51, env_ms=18.26, upd_ms=66.73, eta=11696.1s]
Training:  22%|██▏       | 147840/672000 [55:12<3:33:29, 40.92step/s, avg_reward=-211.52, steps/s=44.8, act_ms=6.51, env_ms=18.26, upd_ms=66.73, eta=11696.1s]
Training:  22%|██▏       | 150528/672000 [56:04<3:32:22, 40.92step/s, avg_reward=-210.01, steps/s=44.7, act_ms=6.51, env_ms=18.27, upd_ms=66.83, eta=11655.9s]
Training:  22%|██▏       | 150528/672000 [56:22<3:32:22, 40.92step/s, avg_reward=-210.01, steps/s=44.7, act_ms=6.51, env_ms=18.27, upd_ms=66.83, eta=11655.9s]
Training:  23%|██▎       | 153216/672000 [57:09<3:30:35, 41.06step/s, avg_reward=-204.73, steps/s=44.7, act_ms=6.51, env_ms=18.28, upd_ms=66.91, eta=11612.3s]
Training:  23%|██▎       | 153216/672000 [57:22<3:30:35, 41.06step/s, avg_reward=-204.73, steps/s=44.7, act_ms=6.51, env_ms=18.28, upd_ms=66.91, eta=11612.3s]
Training:  23%|██▎       | 155904/672000 [58:15<3:29:41, 41.02step/s, avg_reward=-190.23, steps/s=44.6, act_ms=6.51, env_ms=18.29, upd_ms=67.01, eta=11570.4s]
Training:  23%|██▎       | 155904/672000 [58:32<3:29:41, 41.02step/s, avg_reward=-190.23, steps/s=44.6, act_ms=6.51, env_ms=18.29, upd_ms=67.01, eta=11570.4s]
Training:  24%|██▎       | 158592/672000 [59:20<3:28:43, 41.00step/s, avg_reward=-207.25, steps/s=44.5, act_ms=6.51, env_ms=18.30, upd_ms=67.10, eta=11527.6s]
Training:  24%|██▎       | 158592/672000 [59:32<3:28:43, 41.00step/s, avg_reward=-207.25, steps/s=44.5, act_ms=6.51, env_ms=18.30, upd_ms=67.10, eta=11527.6s]
Training:  24%|██▍       | 161280/672000 [1:00:23<3:24:35, 41.60step/s, avg_reward=-201.70, steps/s=44.5, act_ms=6.50, env_ms=18.30, upd_ms=67.12, eta=11473.6s]
Training:  24%|██▍       | 161280/672000 [1:00:42<3:24:35, 41.60step/s, avg_reward=-201.70, steps/s=44.5, act_ms=6.50, env_ms=18.30, upd_ms=67.12, eta=11473.6s]
Training:  24%|██▍       | 163968/672000 [1:01:21<3:17:15, 42.93step/s, avg_reward=-190.58, steps/s=44.5, act_ms=6.48, env_ms=18.29, upd_ms=67.05, eta=11405.8s]
Training:  24%|██▍       | 163968/672000 [1:01:33<3:17:15, 42.93step/s, avg_reward=-190.58, steps/s=44.5, act_ms=6.48, env_ms=18.29, upd_ms=67.05, eta=11405.8s]
Training:  25%|██▍       | 166656/672000 [1:02:19<3:11:52, 43.89step/s, avg_reward=-230.50, steps/s=44.6, act_ms=6.46, env_ms=18.29, upd_ms=66.98, eta=11338.3s]
Training:  25%|██▍       | 166656/672000 [1:02:33<3:11:52, 43.89step/s, avg_reward=-230.50, steps/s=44.6, act_ms=6.46, env_ms=18.29, upd_ms=66.98, eta=11338.3s]
Training:  25%|██▌       | 169344/672000 [1:03:17<3:08:15, 44.50step/s, avg_reward=-243.44, steps/s=44.6, act_ms=6.44, env_ms=18.30, upd_ms=66.91, eta=11272.5s]
Training:  25%|██▌       | 169344/672000 [1:03:33<3:08:15, 44.50step/s, avg_reward=-243.44, steps/s=44.6, act_ms=6.44, env_ms=18.30, upd_ms=66.91, eta=11272.5s]
Training:  26%|██▌       | 172032/672000 [1:04:16<3:05:27, 44.93step/s, avg_reward=-249.01, steps/s=44.6, act_ms=6.43, env_ms=18.30, upd_ms=66.85, eta=11207.0s]
Training:  26%|██▌       | 172032/672000 [1:04:33<3:05:27, 44.93step/s, avg_reward=-249.01, steps/s=44.6, act_ms=6.43, env_ms=18.30, upd_ms=66.85, eta=11207.0s]
Training:  26%|██▌       | 174720/672000 [1:05:14<3:03:27, 45.17step/s, avg_reward=-299.78, steps/s=44.6, act_ms=6.41, env_ms=18.31, upd_ms=66.78, eta=11142.5s]
Training:  26%|██▌       | 174720/672000 [1:05:33<3:03:27, 45.17step/s, avg_reward=-299.78, steps/s=44.6, act_ms=6.41, env_ms=18.31, upd_ms=66.78, eta=11142.5s]
Training:  26%|██▋       | 177408/672000 [1:06:13<3:01:34, 45.40step/s, avg_reward=-327.94, steps/s=44.6, act_ms=6.39, env_ms=18.31, upd_ms=66.73, eta=11077.5s]
Training:  26%|██▋       | 177408/672000 [1:06:33<3:01:34, 45.40step/s, avg_reward=-327.94, steps/s=44.6, act_ms=6.39, env_ms=18.31, upd_ms=66.73, eta=11077.5s]
Training:  27%|██▋       | 180096/672000 [1:07:11<2:59:38, 45.64step/s, avg_reward=-314.37, steps/s=44.7, act_ms=6.37, env_ms=18.31, upd_ms=66.67, eta=11011.7s]
Training:  27%|██▋       | 180096/672000 [1:07:23<2:59:38, 45.64step/s, avg_reward=-314.37, steps/s=44.7, act_ms=6.37, env_ms=18.31, upd_ms=66.67, eta=11011.7s]
Training:  27%|██▋       | 182784/672000 [1:08:10<2:58:14, 45.75step/s, avg_reward=-334.47, steps/s=44.7, act_ms=6.36, env_ms=18.31, upd_ms=66.62, eta=10946.9s]
Training:  27%|██▋       | 182784/672000 [1:08:23<2:58:14, 45.75step/s, avg_reward=-334.47, steps/s=44.7, act_ms=6.36, env_ms=18.31, upd_ms=66.62, eta=10946.9s]
Training:  28%|██▊       | 185472/672000 [1:09:08<2:56:55, 45.83step/s, avg_reward=-352.61, steps/s=44.7, act_ms=6.34, env_ms=18.31, upd_ms=66.57, eta=10882.1s]
Training:  28%|██▊       | 185472/672000 [1:09:23<2:56:55, 45.83step/s, avg_reward=-352.61, steps/s=44.7, act_ms=6.34, env_ms=18.31, upd_ms=66.57, eta=10882.1s]
Training:  28%|██▊       | 188160/672000 [1:10:06<2:55:48, 45.87step/s, avg_reward=-374.06, steps/s=44.7, act_ms=6.33, env_ms=18.31, upd_ms=66.52, eta=10817.8s]
Training:  28%|██▊       | 188160/672000 [1:10:23<2:55:48, 45.87step/s, avg_reward=-374.06, steps/s=44.7, act_ms=6.33, env_ms=18.31, upd_ms=66.52, eta=10817.8s]
Training:  28%|██▊       | 190848/672000 [1:11:05<2:54:33, 45.94step/s, avg_reward=-375.50, steps/s=44.7, act_ms=6.31, env_ms=18.31, upd_ms=66.46, eta=10753.2s]
Training:  28%|██▊       | 190848/672000 [1:11:23<2:54:33, 45.94step/s, avg_reward=-375.50, steps/s=44.7, act_ms=6.31, env_ms=18.31, upd_ms=66.46, eta=10753.2s]
Training:  29%|██▉       | 193536/672000 [1:12:02<2:52:44, 46.16step/s, avg_reward=-390.68, steps/s=44.8, act_ms=6.30, env_ms=18.31, upd_ms=66.40, eta=10686.9s]
Training:  29%|██▉       | 193536/672000 [1:12:13<2:52:44, 46.16step/s, avg_reward=-390.68, steps/s=44.8, act_ms=6.30, env_ms=18.31, upd_ms=66.40, eta=10686.9s]
Training:  29%|██▉       | 196224/672000 [1:13:01<2:51:46, 46.16step/s, avg_reward=-409.02, steps/s=44.8, act_ms=6.28, env_ms=18.31, upd_ms=66.35, eta=10622.5s]
Training:  29%|██▉       | 196224/672000 [1:13:13<2:51:46, 46.16step/s, avg_reward=-409.02, steps/s=44.8, act_ms=6.28, env_ms=18.31, upd_ms=66.35, eta=10622.5s]
Training:  30%|██▉       | 198912/672000 [1:13:59<2:51:15, 46.04step/s, avg_reward=-378.00, steps/s=44.8, act_ms=6.27, env_ms=18.31, upd_ms=66.31, eta=10559.5s]
Training:  30%|██▉       | 198912/672000 [1:14:13<2:51:15, 46.04step/s, avg_reward=-378.00, steps/s=44.8, act_ms=6.27, env_ms=18.31, upd_ms=66.31, eta=10559.5s]
Training:  30%|███       | 201600/672000 [1:14:57<2:50:06, 46.09step/s, avg_reward=-379.45, steps/s=44.8, act_ms=6.26, env_ms=18.31, upd_ms=66.26, eta=10495.2s]
Training:  30%|███       | 201600/672000 [1:15:13<2:50:06, 46.09step/s, avg_reward=-379.45, steps/s=44.8, act_ms=6.26, env_ms=18.31, upd_ms=66.26, eta=10495.2s]
Training:  30%|███       | 204288/672000 [1:15:56<2:49:10, 46.08step/s, avg_reward=-395.85, steps/s=44.8, act_ms=6.25, env_ms=18.32, upd_ms=66.21, eta=10431.6s]
Training:  30%|███       | 204288/672000 [1:16:13<2:49:10, 46.08step/s, avg_reward=-395.85, steps/s=44.8, act_ms=6.25, env_ms=18.32, upd_ms=66.21, eta=10431.6s]
Training:  31%|███       | 206976/672000 [1:16:54<2:48:00, 46.13step/s, avg_reward=-356.40, steps/s=44.9, act_ms=6.23, env_ms=18.32, upd_ms=66.17, eta=10367.5s]
Training:  31%|███       | 206976/672000 [1:17:13<2:48:00, 46.13step/s, avg_reward=-356.40, steps/s=44.9, act_ms=6.23, env_ms=18.32, upd_ms=66.17, eta=10367.5s]
Training:  31%|███       | 209664/672000 [1:17:52<2:46:53, 46.17step/s, avg_reward=-349.65, steps/s=44.9, act_ms=6.22, env_ms=18.33, upd_ms=66.12, eta=10303.6s]
Training:  31%|███       | 209664/672000 [1:18:03<2:46:53, 46.17step/s, avg_reward=-349.65, steps/s=44.9, act_ms=6.22, env_ms=18.33, upd_ms=66.12, eta=10303.6s]
Training:  32%|███▏      | 212352/672000 [1:18:50<2:45:50, 46.19step/s, avg_reward=-357.23, steps/s=44.9, act_ms=6.21, env_ms=18.32, upd_ms=66.07, eta=10239.8s]
Training:  32%|███▏      | 212352/672000 [1:19:03<2:45:50, 46.19step/s, avg_reward=-357.23, steps/s=44.9, act_ms=6.21, env_ms=18.32, upd_ms=66.07, eta=10239.8s]
Training:  32%|███▏      | 215040/672000 [1:19:45<2:41:48, 47.07step/s, avg_reward=-377.55, steps/s=44.9, act_ms=6.19, env_ms=18.32, upd_ms=65.98, eta=10168.6s]
Training:  32%|███▏      | 215040/672000 [1:20:03<2:41:48, 47.07step/s, avg_reward=-377.55, steps/s=44.9, act_ms=6.19, env_ms=18.32, upd_ms=65.98, eta=10168.6s]
Training:  32%|███▏      | 217728/672000 [1:20:41<2:40:21, 47.22step/s, avg_reward=-343.19, steps/s=45.0, act_ms=6.17, env_ms=18.32, upd_ms=65.90, eta=10101.9s]
Training:  32%|███▏      | 217728/672000 [1:20:53<2:40:21, 47.22step/s, avg_reward=-343.19, steps/s=45.0, act_ms=6.17, env_ms=18.32, upd_ms=65.90, eta=10101.9s]
Training:  33%|███▎      | 220416/672000 [1:21:39<2:40:04, 47.02step/s, avg_reward=-333.79, steps/s=45.0, act_ms=6.15, env_ms=18.35, upd_ms=65.84, eta=10038.0s]
Training:  33%|███▎      | 220416/672000 [1:21:53<2:40:04, 47.02step/s, avg_reward=-333.79, steps/s=45.0, act_ms=6.15, env_ms=18.35, upd_ms=65.84, eta=10038.0s]
Training:  33%|███▎      | 223104/672000 [1:22:34<2:37:36, 47.47step/s, avg_reward=-329.05, steps/s=45.0, act_ms=6.14, env_ms=18.36, upd_ms=65.75, eta=9969.4s] 
Training:  33%|███▎      | 223104/672000 [1:22:54<2:37:36, 47.47step/s, avg_reward=-329.05, steps/s=45.0, act_ms=6.14, env_ms=18.36, upd_ms=65.75, eta=9969.4s]
Training:  34%|███▎      | 225792/672000 [1:23:32<2:37:34, 47.20step/s, avg_reward=-335.13, steps/s=45.0, act_ms=6.12, env_ms=18.37, upd_ms=65.70, eta=9905.8s]
Training:  34%|███▎      | 225792/672000 [1:23:44<2:37:34, 47.20step/s, avg_reward=-335.13, steps/s=45.0, act_ms=6.12, env_ms=18.37, upd_ms=65.70, eta=9905.8s]
Training:  34%|███▍      | 228480/672000 [1:24:30<2:37:26, 46.95step/s, avg_reward=-314.74, steps/s=45.1, act_ms=6.10, env_ms=18.40, upd_ms=65.64, eta=9842.8s]
Training:  34%|███▍      | 228480/672000 [1:24:44<2:37:26, 46.95step/s, avg_reward=-314.74, steps/s=45.1, act_ms=6.10, env_ms=18.40, upd_ms=65.64, eta=9842.8s]
Training:  34%|███▍      | 231168/672000 [1:25:27<2:35:57, 47.11step/s, avg_reward=-313.48, steps/s=45.1, act_ms=6.09, env_ms=18.42, upd_ms=65.56, eta=9777.3s]
Training:  34%|███▍      | 231168/672000 [1:25:44<2:35:57, 47.11step/s, avg_reward=-313.48, steps/s=45.1, act_ms=6.09, env_ms=18.42, upd_ms=65.56, eta=9777.3s]
Training:  35%|███▍      | 233856/672000 [1:26:24<2:35:33, 46.94step/s, avg_reward=-302.47, steps/s=45.1, act_ms=6.07, env_ms=18.44, upd_ms=65.50, eta=9714.2s]
Training:  35%|███▍      | 233856/672000 [1:26:44<2:35:33, 46.94step/s, avg_reward=-302.47, steps/s=45.1, act_ms=6.07, env_ms=18.44, upd_ms=65.50, eta=9714.2s]
Training:  35%|███▌      | 236544/672000 [1:27:22<2:34:47, 46.89step/s, avg_reward=-304.03, steps/s=45.1, act_ms=6.06, env_ms=18.46, upd_ms=65.44, eta=9650.7s]
Training:  35%|███▌      | 236544/672000 [1:27:34<2:34:47, 46.89step/s, avg_reward=-304.03, steps/s=45.1, act_ms=6.06, env_ms=18.46, upd_ms=65.44, eta=9650.7s]
Training:  36%|███▌      | 239232/672000 [1:28:20<2:34:26, 46.70step/s, avg_reward=-282.29, steps/s=45.1, act_ms=6.05, env_ms=18.48, upd_ms=65.38, eta=9588.4s]
Training:  36%|███▌      | 239232/672000 [1:28:34<2:34:26, 46.70step/s, avg_reward=-282.29, steps/s=45.1, act_ms=6.05, env_ms=18.48, upd_ms=65.38, eta=9588.4s]
Training:  36%|███▌      | 241920/672000 [1:29:17<2:33:18, 46.75step/s, avg_reward=-282.01, steps/s=45.2, act_ms=6.03, env_ms=18.51, upd_ms=65.32, eta=9524.9s]
Training:  36%|███▌      | 241920/672000 [1:29:34<2:33:18, 46.75step/s, avg_reward=-282.01, steps/s=45.2, act_ms=6.03, env_ms=18.51, upd_ms=65.32, eta=9524.9s]
Training:  36%|███▋      | 244608/672000 [1:30:14<2:32:08, 46.82step/s, avg_reward=-246.10, steps/s=45.2, act_ms=6.02, env_ms=18.53, upd_ms=65.26, eta=9461.4s]
Training:  36%|███▋      | 244608/672000 [1:30:34<2:32:08, 46.82step/s, avg_reward=-246.10, steps/s=45.2, act_ms=6.02, env_ms=18.53, upd_ms=65.26, eta=9461.4s]
Training:  37%|███▋      | 247296/672000 [1:31:12<2:31:07, 46.84step/s, avg_reward=-249.20, steps/s=45.2, act_ms=6.01, env_ms=18.54, upd_ms=65.21, eta=9398.2s]
Training:  37%|███▋      | 247296/672000 [1:31:24<2:31:07, 46.84step/s, avg_reward=-249.20, steps/s=45.2, act_ms=6.01, env_ms=18.54, upd_ms=65.21, eta=9398.2s]
Training:  37%|███▋      | 249984/672000 [1:32:08<2:29:32, 47.03step/s, avg_reward=-273.66, steps/s=45.2, act_ms=5.99, env_ms=18.56, upd_ms=65.14, eta=9333.8s]
Training:  37%|███▋      | 249984/672000 [1:32:24<2:29:32, 47.03step/s, avg_reward=-273.66, steps/s=45.2, act_ms=5.99, env_ms=18.56, upd_ms=65.14, eta=9333.8s]
Training:  38%|███▊      | 252672/672000 [1:33:06<2:29:18, 46.81step/s, avg_reward=-271.90, steps/s=45.2, act_ms=5.98, env_ms=18.58, upd_ms=65.10, eta=9272.0s]
Training:  38%|███▊      | 252672/672000 [1:33:24<2:29:18, 46.81step/s, avg_reward=-271.90, steps/s=45.2, act_ms=5.98, env_ms=18.58, upd_ms=65.10, eta=9272.0s]
Training:  38%|███▊      | 255360/672000 [1:34:04<2:28:12, 46.86step/s, avg_reward=-290.43, steps/s=45.2, act_ms=5.97, env_ms=18.59, upd_ms=65.05, eta=9209.0s]
Training:  38%|███▊      | 255360/672000 [1:34:14<2:28:12, 46.86step/s, avg_reward=-290.43, steps/s=45.2, act_ms=5.97, env_ms=18.59, upd_ms=65.05, eta=9209.0s]
Training:  38%|███▊      | 258048/672000 [1:35:01<2:27:23, 46.81step/s, avg_reward=-307.33, steps/s=45.3, act_ms=5.95, env_ms=18.61, upd_ms=65.00, eta=9146.6s]
Training:  38%|███▊      | 258048/672000 [1:35:14<2:27:23, 46.81step/s, avg_reward=-307.33, steps/s=45.3, act_ms=5.95, env_ms=18.61, upd_ms=65.00, eta=9146.6s]
Training:  39%|███▉      | 260736/672000 [1:35:58<2:26:05, 46.92step/s, avg_reward=-307.71, steps/s=45.3, act_ms=5.94, env_ms=18.62, upd_ms=64.95, eta=9083.4s]
Training:  39%|███▉      | 260736/672000 [1:36:14<2:26:05, 46.92step/s, avg_reward=-307.71, steps/s=45.3, act_ms=5.94, env_ms=18.62, upd_ms=64.95, eta=9083.4s]
Training:  39%|███▉      | 263424/672000 [1:36:55<2:24:50, 47.01step/s, avg_reward=-307.46, steps/s=45.3, act_ms=5.93, env_ms=18.63, upd_ms=64.90, eta=9020.2s]
Training:  39%|███▉      | 263424/672000 [1:37:14<2:24:50, 47.01step/s, avg_reward=-307.46, steps/s=45.3, act_ms=5.93, env_ms=18.63, upd_ms=64.90, eta=9020.2s]
Training:  40%|███▉      | 266112/672000 [1:37:53<2:24:02, 46.96step/s, avg_reward=-301.62, steps/s=45.3, act_ms=5.92, env_ms=18.64, upd_ms=64.85, eta=8957.9s]
Training:  40%|███▉      | 266112/672000 [1:38:04<2:24:02, 46.96step/s, avg_reward=-301.62, steps/s=45.3, act_ms=5.92, env_ms=18.64, upd_ms=64.85, eta=8957.9s]
Training:  40%|████      | 268800/672000 [1:38:50<2:23:30, 46.83step/s, avg_reward=-299.11, steps/s=45.3, act_ms=5.90, env_ms=18.66, upd_ms=64.81, eta=8896.3s]
Training:  40%|████      | 268800/672000 [1:39:04<2:23:30, 46.83step/s, avg_reward=-299.11, steps/s=45.3, act_ms=5.90, env_ms=18.66, upd_ms=64.81, eta=8896.3s]
Training:  40%|████      | 271488/672000 [1:39:48<2:22:31, 46.84step/s, avg_reward=-281.24, steps/s=45.3, act_ms=5.89, env_ms=18.67, upd_ms=64.76, eta=8834.1s]
Training:  40%|████      | 271488/672000 [1:40:04<2:22:31, 46.84step/s, avg_reward=-281.24, steps/s=45.3, act_ms=5.89, env_ms=18.67, upd_ms=64.76, eta=8834.1s]
Training:  41%|████      | 274176/672000 [1:40:45<2:21:20, 46.91step/s, avg_reward=-296.94, steps/s=45.4, act_ms=5.88, env_ms=18.69, upd_ms=64.72, eta=8771.6s]
Training:  41%|████      | 274176/672000 [1:41:04<2:21:20, 46.91step/s, avg_reward=-296.94, steps/s=45.4, act_ms=5.88, env_ms=18.69, upd_ms=64.72, eta=8771.6s]
Training:  41%|████      | 276864/672000 [1:41:42<2:20:01, 47.03step/s, avg_reward=-292.76, steps/s=45.4, act_ms=5.87, env_ms=18.70, upd_ms=64.67, eta=8708.8s]
Training:  41%|████      | 276864/672000 [1:41:54<2:20:01, 47.03step/s, avg_reward=-292.76, steps/s=45.4, act_ms=5.87, env_ms=18.70, upd_ms=64.67, eta=8708.8s]
Training:  42%|████▏     | 279552/672000 [1:42:39<2:19:01, 47.05step/s, avg_reward=-301.81, steps/s=45.4, act_ms=5.86, env_ms=18.71, upd_ms=64.63, eta=8646.6s]
Training:  42%|████▏     | 279552/672000 [1:42:54<2:19:01, 47.05step/s, avg_reward=-301.81, steps/s=45.4, act_ms=5.86, env_ms=18.71, upd_ms=64.63, eta=8646.6s]
Training:  42%|████▏     | 282240/672000 [1:43:36<2:18:29, 46.91step/s, avg_reward=-276.29, steps/s=45.4, act_ms=5.85, env_ms=18.71, upd_ms=64.60, eta=8585.3s]
Training:  42%|████▏     | 282240/672000 [1:43:54<2:18:29, 46.91step/s, avg_reward=-276.29, steps/s=45.4, act_ms=5.85, env_ms=18.71, upd_ms=64.60, eta=8585.3s]
Training:  42%|████▏     | 284928/672000 [1:44:33<2:17:10, 47.03step/s, avg_reward=-232.53, steps/s=45.4, act_ms=5.84, env_ms=18.73, upd_ms=64.55, eta=8522.8s]
Training:  42%|████▏     | 284928/672000 [1:44:45<2:17:10, 47.03step/s, avg_reward=-232.53, steps/s=45.4, act_ms=5.84, env_ms=18.73, upd_ms=64.55, eta=8522.8s]
Training:  43%|████▎     | 287616/672000 [1:45:30<2:16:05, 47.08step/s, avg_reward=-221.48, steps/s=45.4, act_ms=5.83, env_ms=18.74, upd_ms=64.51, eta=8460.6s]
Training:  43%|████▎     | 287616/672000 [1:45:45<2:16:05, 47.08step/s, avg_reward=-221.48, steps/s=45.4, act_ms=5.83, env_ms=18.74, upd_ms=64.51, eta=8460.6s]
Training:  43%|████▎     | 290304/672000 [1:46:28<2:15:18, 47.01step/s, avg_reward=-222.99, steps/s=45.4, act_ms=5.82, env_ms=18.75, upd_ms=64.47, eta=8399.1s]
Training:  43%|████▎     | 290304/672000 [1:46:45<2:15:18, 47.01step/s, avg_reward=-222.99, steps/s=45.4, act_ms=5.82, env_ms=18.75, upd_ms=64.47, eta=8399.1s]
Training:  44%|████▎     | 292992/672000 [1:47:25<2:14:18, 47.03step/s, avg_reward=-202.30, steps/s=45.5, act_ms=5.81, env_ms=18.75, upd_ms=64.43, eta=8337.3s]
Training:  44%|████▎     | 292992/672000 [1:47:35<2:14:18, 47.03step/s, avg_reward=-202.30, steps/s=45.5, act_ms=5.81, env_ms=18.75, upd_ms=64.43, eta=8337.3s]
Training:  44%|████▍     | 295680/672000 [1:48:21<2:13:09, 47.10step/s, avg_reward=-188.62, steps/s=45.5, act_ms=5.80, env_ms=18.76, upd_ms=64.39, eta=8275.3s]
Training:  44%|████▍     | 295680/672000 [1:48:35<2:13:09, 47.10step/s, avg_reward=-188.62, steps/s=45.5, act_ms=5.80, env_ms=18.76, upd_ms=64.39, eta=8275.3s]
Training:  44%|████▍     | 298368/672000 [1:49:19<2:12:10, 47.11step/s, avg_reward=-174.14, steps/s=45.5, act_ms=5.79, env_ms=18.77, upd_ms=64.35, eta=8213.5s]
Training:  44%|████▍     | 298368/672000 [1:49:35<2:12:10, 47.11step/s, avg_reward=-174.14, steps/s=45.5, act_ms=5.79, env_ms=18.77, upd_ms=64.35, eta=8213.5s]
Training:  45%|████▍     | 301056/672000 [1:50:16<2:11:13, 47.11step/s, avg_reward=-202.24, steps/s=45.5, act_ms=5.78, env_ms=18.78, upd_ms=64.32, eta=8152.0s]
Training:  45%|████▍     | 301056/672000 [1:50:35<2:11:13, 47.11step/s, avg_reward=-202.24, steps/s=45.5, act_ms=5.78, env_ms=18.78, upd_ms=64.32, eta=8152.0s]
Training:  45%|████▌     | 303744/672000 [1:51:14<2:10:54, 46.88step/s, avg_reward=-210.18, steps/s=45.5, act_ms=5.77, env_ms=18.80, upd_ms=64.29, eta=8091.6s]
Training:  45%|████▌     | 303744/672000 [1:51:25<2:10:54, 46.88step/s, avg_reward=-210.18, steps/s=45.5, act_ms=5.77, env_ms=18.80, upd_ms=64.29, eta=8091.6s]
Training:  46%|████▌     | 306432/672000 [1:52:11<2:09:50, 46.93step/s, avg_reward=-211.49, steps/s=45.5, act_ms=5.76, env_ms=18.80, upd_ms=64.25, eta=8030.2s]
Training:  46%|████▌     | 306432/672000 [1:52:25<2:09:50, 46.93step/s, avg_reward=-211.49, steps/s=45.5, act_ms=5.76, env_ms=18.80, upd_ms=64.25, eta=8030.2s]
Training:  46%|████▌     | 309120/672000 [1:53:09<2:09:14, 46.79step/s, avg_reward=-224.11, steps/s=45.5, act_ms=5.75, env_ms=18.81, upd_ms=64.23, eta=7969.7s]
Training:  46%|████▌     | 309120/672000 [1:53:25<2:09:14, 46.79step/s, avg_reward=-224.11, steps/s=45.5, act_ms=5.75, env_ms=18.81, upd_ms=64.23, eta=7969.7s]
Training:  46%|████▋     | 311808/672000 [1:54:05<2:07:51, 46.95step/s, avg_reward=-233.82, steps/s=45.5, act_ms=5.74, env_ms=18.83, upd_ms=64.18, eta=7908.1s]
Training:  46%|████▋     | 311808/672000 [1:54:25<2:07:51, 46.95step/s, avg_reward=-233.82, steps/s=45.5, act_ms=5.74, env_ms=18.83, upd_ms=64.18, eta=7908.1s]
Training:  47%|████▋     | 314496/672000 [1:55:03<2:07:21, 46.78step/s, avg_reward=-237.96, steps/s=45.6, act_ms=5.73, env_ms=18.84, upd_ms=64.15, eta=7847.9s]
Training:  47%|████▋     | 314496/672000 [1:55:15<2:07:21, 46.78step/s, avg_reward=-237.96, steps/s=45.6, act_ms=5.73, env_ms=18.84, upd_ms=64.15, eta=7847.9s]
Training:  47%|████▋     | 317184/672000 [1:56:01<2:06:21, 46.80step/s, avg_reward=-237.92, steps/s=45.6, act_ms=5.73, env_ms=18.85, upd_ms=64.12, eta=7787.1s]
Training:  47%|████▋     | 317184/672000 [1:56:15<2:06:21, 46.80step/s, avg_reward=-237.92, steps/s=45.6, act_ms=5.73, env_ms=18.85, upd_ms=64.12, eta=7787.1s]
Training:  48%|████▊     | 319872/672000 [1:56:58<2:05:02, 46.93step/s, avg_reward=-234.94, steps/s=45.6, act_ms=5.72, env_ms=18.86, upd_ms=64.08, eta=7725.8s]
Training:  48%|████▊     | 319872/672000 [1:57:15<2:05:02, 46.93step/s, avg_reward=-234.94, steps/s=45.6, act_ms=5.72, env_ms=18.86, upd_ms=64.08, eta=7725.8s]
Training:  48%|████▊     | 322560/672000 [1:57:54<2:03:19, 47.22step/s, avg_reward=-226.42, steps/s=45.6, act_ms=5.71, env_ms=18.87, upd_ms=64.04, eta=7663.7s]
Training:  48%|████▊     | 322560/672000 [1:58:05<2:03:19, 47.22step/s, avg_reward=-226.42, steps/s=45.6, act_ms=5.71, env_ms=18.87, upd_ms=64.04, eta=7663.7s]
Training:  48%|████▊     | 325248/672000 [1:58:52<2:03:08, 46.93step/s, avg_reward=-245.78, steps/s=45.6, act_ms=5.70, env_ms=18.88, upd_ms=64.02, eta=7603.8s]
Training:  48%|████▊     | 325248/672000 [1:59:05<2:03:08, 46.93step/s, avg_reward=-245.78, steps/s=45.6, act_ms=5.70, env_ms=18.88, upd_ms=64.02, eta=7603.8s]
Training:  49%|████▉     | 327936/672000 [1:59:48<2:01:48, 47.08step/s, avg_reward=-248.98, steps/s=45.6, act_ms=5.69, env_ms=18.88, upd_ms=63.98, eta=7542.5s]
Training:  49%|████▉     | 327936/672000 [2:00:05<2:01:48, 47.08step/s, avg_reward=-248.98, steps/s=45.6, act_ms=5.69, env_ms=18.88, upd_ms=63.98, eta=7542.5s]
Training:  49%|████▉     | 330624/672000 [2:00:46<2:01:07, 46.97step/s, avg_reward=-259.00, steps/s=45.6, act_ms=5.69, env_ms=18.89, upd_ms=63.96, eta=7482.1s]
Training:  49%|████▉     | 330624/672000 [2:01:05<2:01:07, 46.97step/s, avg_reward=-259.00, steps/s=45.6, act_ms=5.69, env_ms=18.89, upd_ms=63.96, eta=7482.1s]
Training:  50%|████▉     | 333312/672000 [2:01:43<2:00:04, 47.01step/s, avg_reward=-271.94, steps/s=45.6, act_ms=5.68, env_ms=18.90, upd_ms=63.92, eta=7421.3s]
Training:  50%|████▉     | 333312/672000 [2:01:55<2:00:04, 47.01step/s, avg_reward=-271.94, steps/s=45.6, act_ms=5.68, env_ms=18.90, upd_ms=63.92, eta=7421.3s]
Training:  50%|█████     | 336000/672000 [2:02:40<1:59:13, 46.97step/s, avg_reward=-258.93, steps/s=45.6, act_ms=5.67, env_ms=18.90, upd_ms=63.90, eta=7360.9s]
Training:  50%|█████     | 336000/672000 [2:02:55<1:59:13, 46.97step/s, avg_reward=-258.93, steps/s=45.6, act_ms=5.67, env_ms=18.90, upd_ms=63.90, eta=7360.9s]
Training:  50%|█████     | 338688/672000 [2:03:37<1:58:07, 47.03step/s, avg_reward=-267.77, steps/s=45.7, act_ms=5.66, env_ms=18.91, upd_ms=63.87, eta=7300.1s]
Training:  50%|█████     | 338688/672000 [2:03:55<1:58:07, 47.03step/s, avg_reward=-267.77, steps/s=45.7, act_ms=5.66, env_ms=18.91, upd_ms=63.87, eta=7300.1s]
Training:  51%|█████     | 341376/672000 [2:04:35<1:57:18, 46.97step/s, avg_reward=-285.27, steps/s=45.7, act_ms=5.66, env_ms=18.92, upd_ms=63.84, eta=7239.8s]
Training:  51%|█████     | 341376/672000 [2:04:45<1:57:18, 46.97step/s, avg_reward=-285.27, steps/s=45.7, act_ms=5.66, env_ms=18.92, upd_ms=63.84, eta=7239.8s]
Training:  51%|█████     | 344064/672000 [2:05:32<1:56:29, 46.92step/s, avg_reward=-260.97, steps/s=45.7, act_ms=5.65, env_ms=18.93, upd_ms=63.81, eta=7179.6s]
Training:  51%|█████     | 344064/672000 [2:05:46<1:56:29, 46.92step/s, avg_reward=-260.97, steps/s=45.7, act_ms=5.65, env_ms=18.93, upd_ms=63.81, eta=7179.6s]
Training:  52%|█████▏    | 346752/672000 [2:06:29<1:55:18, 47.01step/s, avg_reward=-244.40, steps/s=45.7, act_ms=5.64, env_ms=18.94, upd_ms=63.78, eta=7118.9s]
Training:  52%|█████▏    | 346752/672000 [2:06:46<1:55:18, 47.01step/s, avg_reward=-244.40, steps/s=45.7, act_ms=5.64, env_ms=18.94, upd_ms=63.78, eta=7118.9s]
Training:  52%|█████▏    | 349440/672000 [2:07:26<1:54:23, 46.99step/s, avg_reward=-261.92, steps/s=45.7, act_ms=5.64, env_ms=18.95, upd_ms=63.75, eta=7058.6s]
Training:  52%|█████▏    | 349440/672000 [2:07:46<1:54:23, 46.99step/s, avg_reward=-261.92, steps/s=45.7, act_ms=5.64, env_ms=18.95, upd_ms=63.75, eta=7058.6s]
Training:  52%|█████▏    | 352128/672000 [2:08:24<1:53:45, 46.87step/s, avg_reward=-287.48, steps/s=45.7, act_ms=5.63, env_ms=18.96, upd_ms=63.73, eta=6998.8s]
Training:  52%|█████▏    | 352128/672000 [2:08:36<1:53:45, 46.87step/s, avg_reward=-287.48, steps/s=45.7, act_ms=5.63, env_ms=18.96, upd_ms=63.73, eta=6998.8s]
Training:  53%|█████▎    | 354816/672000 [2:09:21<1:52:30, 46.99step/s, avg_reward=-283.87, steps/s=45.7, act_ms=5.62, env_ms=18.96, upd_ms=63.70, eta=6938.2s]
Training:  53%|█████▎    | 354816/672000 [2:09:36<1:52:30, 46.99step/s, avg_reward=-283.87, steps/s=45.7, act_ms=5.62, env_ms=18.96, upd_ms=63.70, eta=6938.2s]
Training:  53%|█████▎    | 357504/672000 [2:10:19<1:52:00, 46.80step/s, avg_reward=-277.70, steps/s=45.7, act_ms=5.62, env_ms=18.97, upd_ms=63.68, eta=6878.7s]
Training:  53%|█████▎    | 357504/672000 [2:10:36<1:52:00, 46.80step/s, avg_reward=-277.70, steps/s=45.7, act_ms=5.62, env_ms=18.97, upd_ms=63.68, eta=6878.7s]
Training:  54%|█████▎    | 360192/672000 [2:11:16<1:51:07, 46.77step/s, avg_reward=-267.38, steps/s=45.7, act_ms=5.61, env_ms=18.98, upd_ms=63.66, eta=6818.9s]
Training:  54%|█████▎    | 360192/672000 [2:11:36<1:51:07, 46.77step/s, avg_reward=-267.38, steps/s=45.7, act_ms=5.61, env_ms=18.98, upd_ms=63.66, eta=6818.9s]
Training:  54%|█████▍    | 362880/672000 [2:12:13<1:49:33, 47.03step/s, avg_reward=-273.21, steps/s=45.7, act_ms=5.61, env_ms=18.99, upd_ms=63.62, eta=6758.1s]
Training:  54%|█████▍    | 362880/672000 [2:12:26<1:49:33, 47.03step/s, avg_reward=-273.21, steps/s=45.7, act_ms=5.61, env_ms=18.99, upd_ms=63.62, eta=6758.1s]
Training:  54%|█████▍    | 365568/672000 [2:13:10<1:48:50, 46.92step/s, avg_reward=-293.25, steps/s=45.7, act_ms=5.60, env_ms=19.00, upd_ms=63.60, eta=6698.3s]
Training:  54%|█████▍    | 365568/672000 [2:13:26<1:48:50, 46.92step/s, avg_reward=-293.25, steps/s=45.7, act_ms=5.60, env_ms=19.00, upd_ms=63.60, eta=6698.3s]
Training:  55%|█████▍    | 368256/672000 [2:14:08<1:47:59, 46.87step/s, avg_reward=-311.50, steps/s=45.8, act_ms=5.59, env_ms=19.00, upd_ms=63.58, eta=6638.5s]
Training:  55%|█████▍    | 368256/672000 [2:14:26<1:47:59, 46.87step/s, avg_reward=-311.50, steps/s=45.8, act_ms=5.59, env_ms=19.00, upd_ms=63.58, eta=6638.5s]
Training:  55%|█████▌    | 370944/672000 [2:15:06<1:47:33, 46.65step/s, avg_reward=-318.08, steps/s=45.8, act_ms=5.59, env_ms=19.02, upd_ms=63.56, eta=6579.4s]
Training:  55%|█████▌    | 370944/672000 [2:15:26<1:47:33, 46.65step/s, avg_reward=-318.08, steps/s=45.8, act_ms=5.59, env_ms=19.02, upd_ms=63.56, eta=6579.4s]
Training:  56%|█████▌    | 373632/672000 [2:16:03<1:46:06, 46.86step/s, avg_reward=-325.53, steps/s=45.8, act_ms=5.58, env_ms=19.02, upd_ms=63.53, eta=6519.0s]
Training:  56%|█████▌    | 373632/672000 [2:16:16<1:46:06, 46.86step/s, avg_reward=-325.53, steps/s=45.8, act_ms=5.58, env_ms=19.02, upd_ms=63.53, eta=6519.0s]
Training:  56%|█████▌    | 376320/672000 [2:17:01<1:45:27, 46.73step/s, avg_reward=-319.76, steps/s=45.8, act_ms=5.58, env_ms=19.03, upd_ms=63.51, eta=6459.7s]
Training:  56%|█████▌    | 376320/672000 [2:17:16<1:45:27, 46.73step/s, avg_reward=-319.76, steps/s=45.8, act_ms=5.58, env_ms=19.03, upd_ms=63.51, eta=6459.7s]
Training:  56%|█████▋    | 379008/672000 [2:17:59<1:45:02, 46.49step/s, avg_reward=-349.64, steps/s=45.8, act_ms=5.57, env_ms=19.04, upd_ms=63.50, eta=6400.8s]
Training:  56%|█████▋    | 379008/672000 [2:18:16<1:45:02, 46.49step/s, avg_reward=-349.64, steps/s=45.8, act_ms=5.57, env_ms=19.04, upd_ms=63.50, eta=6400.8s]
Training:  57%|█████▋    | 381696/672000 [2:18:57<1:43:53, 46.57step/s, avg_reward=-380.61, steps/s=45.8, act_ms=5.57, env_ms=19.05, upd_ms=63.48, eta=6341.1s]
Training:  57%|█████▋    | 381696/672000 [2:19:16<1:43:53, 46.57step/s, avg_reward=-380.61, steps/s=45.8, act_ms=5.57, env_ms=19.05, upd_ms=63.48, eta=6341.1s]
Training:  57%|█████▋    | 384384/672000 [2:19:54<1:42:43, 46.67step/s, avg_reward=-370.88, steps/s=45.8, act_ms=5.56, env_ms=19.05, upd_ms=63.46, eta=6281.4s]
Training:  57%|█████▋    | 384384/672000 [2:20:06<1:42:43, 46.67step/s, avg_reward=-370.88, steps/s=45.8, act_ms=5.56, env_ms=19.05, upd_ms=63.46, eta=6281.4s]
Training:  58%|█████▊    | 387072/672000 [2:20:52<1:41:45, 46.66step/s, avg_reward=-389.26, steps/s=45.8, act_ms=5.55, env_ms=19.06, upd_ms=63.44, eta=6221.8s]
Training:  58%|█████▊    | 387072/672000 [2:21:06<1:41:45, 46.66step/s, avg_reward=-389.26, steps/s=45.8, act_ms=5.55, env_ms=19.06, upd_ms=63.44, eta=6221.8s]
Training:  58%|█████▊    | 389760/672000 [2:21:50<1:40:51, 46.64step/s, avg_reward=-399.32, steps/s=45.8, act_ms=5.55, env_ms=19.06, upd_ms=63.42, eta=6162.4s]
Training:  58%|█████▊    | 389760/672000 [2:22:06<1:40:51, 46.64step/s, avg_reward=-399.32, steps/s=45.8, act_ms=5.55, env_ms=19.06, upd_ms=63.42, eta=6162.4s]
Training:  58%|█████▊    | 392448/672000 [2:22:45<1:39:02, 47.05step/s, avg_reward=-405.28, steps/s=45.8, act_ms=5.54, env_ms=19.07, upd_ms=63.39, eta=6101.8s]
Training:  58%|█████▊    | 392448/672000 [2:22:56<1:39:02, 47.05step/s, avg_reward=-405.28, steps/s=45.8, act_ms=5.54, env_ms=19.07, upd_ms=63.39, eta=6101.8s]
Training:  59%|█████▉    | 395136/672000 [2:23:43<1:38:20, 46.92step/s, avg_reward=-411.47, steps/s=45.8, act_ms=5.54, env_ms=19.07, upd_ms=63.37, eta=6042.4s]
Training:  59%|█████▉    | 395136/672000 [2:23:56<1:38:20, 46.92step/s, avg_reward=-411.47, steps/s=45.8, act_ms=5.54, env_ms=19.07, upd_ms=63.37, eta=6042.4s]
Training:  59%|█████▉    | 397824/672000 [2:24:41<1:37:31, 46.86step/s, avg_reward=-377.87, steps/s=45.8, act_ms=5.53, env_ms=19.08, upd_ms=63.35, eta=5983.0s]
Training:  59%|█████▉    | 397824/672000 [2:24:56<1:37:31, 46.86step/s, avg_reward=-377.87, steps/s=45.8, act_ms=5.53, env_ms=19.08, upd_ms=63.35, eta=5983.0s]
Training:  60%|█████▉    | 400512/672000 [2:25:38<1:36:30, 46.89step/s, avg_reward=-403.33, steps/s=45.8, act_ms=5.53, env_ms=19.09, upd_ms=63.33, eta=5923.4s]
Training:  60%|█████▉    | 400512/672000 [2:25:56<1:36:30, 46.89step/s, avg_reward=-403.33, steps/s=45.8, act_ms=5.53, env_ms=19.09, upd_ms=63.33, eta=5923.4s]
Training:  60%|██████    | 403200/672000 [2:26:35<1:35:26, 46.94step/s, avg_reward=-403.83, steps/s=45.8, act_ms=5.52, env_ms=19.09, upd_ms=63.31, eta=5863.7s]
Training:  60%|██████    | 403200/672000 [2:26:46<1:35:26, 46.94step/s, avg_reward=-403.83, steps/s=45.8, act_ms=5.52, env_ms=19.09, upd_ms=63.31, eta=5863.7s]
Training:  60%|██████    | 405888/672000 [2:27:33<1:34:45, 46.80step/s, avg_reward=-372.58, steps/s=45.8, act_ms=5.52, env_ms=19.10, upd_ms=63.29, eta=5804.5s]
Training:  60%|██████    | 405888/672000 [2:27:47<1:34:45, 46.80step/s, avg_reward=-372.58, steps/s=45.8, act_ms=5.52, env_ms=19.10, upd_ms=63.29, eta=5804.5s]
Training:  61%|██████    | 408576/672000 [2:28:30<1:33:35, 46.91step/s, avg_reward=-342.24, steps/s=45.9, act_ms=5.51, env_ms=19.11, upd_ms=63.27, eta=5744.8s]
Training:  61%|██████    | 408576/672000 [2:28:47<1:33:35, 46.91step/s, avg_reward=-342.24, steps/s=45.9, act_ms=5.51, env_ms=19.11, upd_ms=63.27, eta=5744.8s]
Training:  61%|██████    | 411264/672000 [2:29:27<1:32:42, 46.88step/s, avg_reward=-343.32, steps/s=45.9, act_ms=5.51, env_ms=19.11, upd_ms=63.25, eta=5685.5s]
Training:  61%|██████    | 411264/672000 [2:29:47<1:32:42, 46.88step/s, avg_reward=-343.32, steps/s=45.9, act_ms=5.51, env_ms=19.11, upd_ms=63.25, eta=5685.5s]
Training:  62%|██████▏   | 413952/672000 [2:30:25<1:31:53, 46.80step/s, avg_reward=-292.38, steps/s=45.9, act_ms=5.50, env_ms=19.12, upd_ms=63.24, eta=5626.2s]
Training:  62%|██████▏   | 413952/672000 [2:30:37<1:31:53, 46.80step/s, avg_reward=-292.38, steps/s=45.9, act_ms=5.50, env_ms=19.12, upd_ms=63.24, eta=5626.2s]
Training:  62%|██████▏   | 416640/672000 [2:31:22<1:30:49, 46.86step/s, avg_reward=-269.30, steps/s=45.9, act_ms=5.50, env_ms=19.12, upd_ms=63.22, eta=5566.8s]
Training:  62%|██████▏   | 416640/672000 [2:31:37<1:30:49, 46.86step/s, avg_reward=-269.30, steps/s=45.9, act_ms=5.50, env_ms=19.12, upd_ms=63.22, eta=5566.8s]
Training:  62%|██████▏   | 419328/672000 [2:32:19<1:29:51, 46.86step/s, avg_reward=-270.09, steps/s=45.9, act_ms=5.49, env_ms=19.13, upd_ms=63.20, eta=5507.4s]
Training:  62%|██████▏   | 419328/672000 [2:32:37<1:29:51, 46.86step/s, avg_reward=-270.09, steps/s=45.9, act_ms=5.49, env_ms=19.13, upd_ms=63.20, eta=5507.4s]
Training:  63%|██████▎   | 422016/672000 [2:33:15<1:28:05, 47.29step/s, avg_reward=-278.92, steps/s=45.9, act_ms=5.49, env_ms=19.13, upd_ms=63.18, eta=5447.1s]
Training:  63%|██████▎   | 422016/672000 [2:33:27<1:28:05, 47.29step/s, avg_reward=-278.92, steps/s=45.9, act_ms=5.49, env_ms=19.13, upd_ms=63.18, eta=5447.1s]
Training:  63%|██████▎   | 424704/672000 [2:34:14<1:27:52, 46.90step/s, avg_reward=-248.25, steps/s=45.9, act_ms=5.48, env_ms=19.14, upd_ms=63.16, eta=5388.4s]
Training:  63%|██████▎   | 424704/672000 [2:34:27<1:27:52, 46.90step/s, avg_reward=-248.25, steps/s=45.9, act_ms=5.48, env_ms=19.14, upd_ms=63.16, eta=5388.4s]
Training:  64%|██████▎   | 427392/672000 [2:35:11<1:27:09, 46.78step/s, avg_reward=-307.62, steps/s=45.9, act_ms=5.48, env_ms=19.14, upd_ms=63.15, eta=5329.4s]
Training:  64%|██████▎   | 427392/672000 [2:35:27<1:27:09, 46.78step/s, avg_reward=-307.62, steps/s=45.9, act_ms=5.48, env_ms=19.14, upd_ms=63.15, eta=5329.4s]
Training:  64%|██████▍   | 430080/672000 [2:36:09<1:26:10, 46.79step/s, avg_reward=-314.59, steps/s=45.9, act_ms=5.47, env_ms=19.14, upd_ms=63.14, eta=5270.2s]
Training:  64%|██████▍   | 430080/672000 [2:36:27<1:26:10, 46.79step/s, avg_reward=-314.59, steps/s=45.9, act_ms=5.47, env_ms=19.14, upd_ms=63.14, eta=5270.2s]
Training:  64%|██████▍   | 432768/672000 [2:37:06<1:25:16, 46.76step/s, avg_reward=-273.95, steps/s=45.9, act_ms=5.47, env_ms=19.15, upd_ms=63.12, eta=5211.1s]
Training:  64%|██████▍   | 432768/672000 [2:37:17<1:25:16, 46.76step/s, avg_reward=-273.95, steps/s=45.9, act_ms=5.47, env_ms=19.15, upd_ms=63.12, eta=5211.1s]
Training:  65%|██████▍   | 435456/672000 [2:38:04<1:24:31, 46.64step/s, avg_reward=-260.39, steps/s=45.9, act_ms=5.46, env_ms=19.16, upd_ms=63.11, eta=5152.2s]
Training:  65%|██████▍   | 435456/672000 [2:38:17<1:24:31, 46.64step/s, avg_reward=-260.39, steps/s=45.9, act_ms=5.46, env_ms=19.16, upd_ms=63.11, eta=5152.2s]
Training:  65%|██████▌   | 438144/672000 [2:39:02<1:23:28, 46.70step/s, avg_reward=-252.54, steps/s=45.9, act_ms=5.46, env_ms=19.16, upd_ms=63.09, eta=5093.1s]
Training:  65%|██████▌   | 438144/672000 [2:39:17<1:23:28, 46.70step/s, avg_reward=-252.54, steps/s=45.9, act_ms=5.46, env_ms=19.16, upd_ms=63.09, eta=5093.1s]
Training:  66%|██████▌   | 440832/672000 [2:39:59<1:22:23, 46.77step/s, avg_reward=-261.59, steps/s=45.9, act_ms=5.46, env_ms=19.17, upd_ms=63.07, eta=5033.9s]
Training:  66%|██████▌   | 440832/672000 [2:40:17<1:22:23, 46.77step/s, avg_reward=-261.59, steps/s=45.9, act_ms=5.46, env_ms=19.17, upd_ms=63.07, eta=5033.9s]
Training:  66%|██████▌   | 443520/672000 [2:40:56<1:21:26, 46.76step/s, avg_reward=-294.38, steps/s=45.9, act_ms=5.45, env_ms=19.17, upd_ms=63.06, eta=4974.8s]
Training:  66%|██████▌   | 443520/672000 [2:41:07<1:21:26, 46.76step/s, avg_reward=-294.38, steps/s=45.9, act_ms=5.45, env_ms=19.17, upd_ms=63.06, eta=4974.8s]
Training:  66%|██████▋   | 446208/672000 [2:41:54<1:20:25, 46.79step/s, avg_reward=-313.99, steps/s=45.9, act_ms=5.45, env_ms=19.18, upd_ms=63.04, eta=4915.7s]
Training:  66%|██████▋   | 446208/672000 [2:42:07<1:20:25, 46.79step/s, avg_reward=-313.99, steps/s=45.9, act_ms=5.45, env_ms=19.18, upd_ms=63.04, eta=4915.7s]
Training:  67%|██████▋   | 448896/672000 [2:42:51<1:19:11, 46.96step/s, avg_reward=-325.50, steps/s=45.9, act_ms=5.44, env_ms=19.19, upd_ms=63.02, eta=4856.3s]
Training:  67%|██████▋   | 448896/672000 [2:43:07<1:19:11, 46.96step/s, avg_reward=-325.50, steps/s=45.9, act_ms=5.44, env_ms=19.19, upd_ms=63.02, eta=4856.3s]
Training:  67%|██████▋   | 451584/672000 [2:43:48<1:18:17, 46.93step/s, avg_reward=-323.14, steps/s=45.9, act_ms=5.44, env_ms=19.19, upd_ms=63.00, eta=4797.2s]
Training:  67%|██████▋   | 451584/672000 [2:44:07<1:18:17, 46.93step/s, avg_reward=-323.14, steps/s=45.9, act_ms=5.44, env_ms=19.19, upd_ms=63.00, eta=4797.2s]
Training:  68%|██████▊   | 454272/672000 [2:44:45<1:17:20, 46.92step/s, avg_reward=-316.54, steps/s=46.0, act_ms=5.43, env_ms=19.20, upd_ms=62.99, eta=4738.2s]
Training:  68%|██████▊   | 454272/672000 [2:44:57<1:17:20, 46.92step/s, avg_reward=-316.54, steps/s=46.0, act_ms=5.43, env_ms=19.20, upd_ms=62.99, eta=4738.2s]
Training:  68%|██████▊   | 456960/672000 [2:45:42<1:16:17, 46.98step/s, avg_reward=-317.42, steps/s=46.0, act_ms=5.43, env_ms=19.20, upd_ms=62.97, eta=4679.0s]
Training:  68%|██████▊   | 456960/672000 [2:45:57<1:16:17, 46.98step/s, avg_reward=-317.42, steps/s=46.0, act_ms=5.43, env_ms=19.20, upd_ms=62.97, eta=4679.0s]
Training:  68%|██████▊   | 459648/672000 [2:46:40<1:15:31, 46.87step/s, avg_reward=-282.93, steps/s=46.0, act_ms=5.42, env_ms=19.21, upd_ms=62.95, eta=4620.1s]
Training:  68%|██████▊   | 459648/672000 [2:46:58<1:15:31, 46.87step/s, avg_reward=-282.93, steps/s=46.0, act_ms=5.42, env_ms=19.21, upd_ms=62.95, eta=4620.1s]
Training:  69%|██████▉   | 462336/672000 [2:47:38<1:14:37, 46.82step/s, avg_reward=-287.76, steps/s=46.0, act_ms=5.42, env_ms=19.21, upd_ms=62.94, eta=4561.2s]
Training:  69%|██████▉   | 462336/672000 [2:47:48<1:14:37, 46.82step/s, avg_reward=-287.76, steps/s=46.0, act_ms=5.42, env_ms=19.21, upd_ms=62.94, eta=4561.2s]
Training:  69%|██████▉   | 465024/672000 [2:48:36<1:14:00, 46.61step/s, avg_reward=-273.69, steps/s=46.0, act_ms=5.42, env_ms=19.22, upd_ms=62.93, eta=4502.6s]
Training:  69%|██████▉   | 465024/672000 [2:48:48<1:14:00, 46.61step/s, avg_reward=-273.69, steps/s=46.0, act_ms=5.42, env_ms=19.22, upd_ms=62.93, eta=4502.6s]
Training:  70%|██████▉   | 467712/672000 [2:49:33<1:12:53, 46.71step/s, avg_reward=-317.71, steps/s=46.0, act_ms=5.41, env_ms=19.23, upd_ms=62.91, eta=4443.6s]
Training:  70%|██████▉   | 467712/672000 [2:49:48<1:12:53, 46.71step/s, avg_reward=-317.71, steps/s=46.0, act_ms=5.41, env_ms=19.23, upd_ms=62.91, eta=4443.6s]
Training:  70%|███████   | 470400/672000 [2:50:31<1:12:03, 46.63step/s, avg_reward=-320.95, steps/s=46.0, act_ms=5.41, env_ms=19.23, upd_ms=62.90, eta=4384.9s]
Training:  70%|███████   | 470400/672000 [2:50:48<1:12:03, 46.63step/s, avg_reward=-320.95, steps/s=46.0, act_ms=5.41, env_ms=19.23, upd_ms=62.90, eta=4384.9s]
Training:  70%|███████   | 473088/672000 [2:51:28<1:10:53, 46.76step/s, avg_reward=-317.95, steps/s=46.0, act_ms=5.41, env_ms=19.24, upd_ms=62.89, eta=4325.9s]
Training:  70%|███████   | 473088/672000 [2:51:48<1:10:53, 46.76step/s, avg_reward=-317.95, steps/s=46.0, act_ms=5.41, env_ms=19.24, upd_ms=62.89, eta=4325.9s]
Training:  71%|███████   | 475776/672000 [2:52:25<1:09:49, 46.84step/s, avg_reward=-334.39, steps/s=46.0, act_ms=5.40, env_ms=19.24, upd_ms=62.87, eta=4266.9s]
Training:  71%|███████   | 475776/672000 [2:52:38<1:09:49, 46.84step/s, avg_reward=-334.39, steps/s=46.0, act_ms=5.40, env_ms=19.24, upd_ms=62.87, eta=4266.9s]
Training:  71%|███████   | 478464/672000 [2:53:22<1:08:46, 46.91step/s, avg_reward=-297.73, steps/s=46.0, act_ms=5.40, env_ms=19.25, upd_ms=62.85, eta=4207.9s]
Training:  71%|███████   | 478464/672000 [2:53:38<1:08:46, 46.91step/s, avg_reward=-297.73, steps/s=46.0, act_ms=5.40, env_ms=19.25, upd_ms=62.85, eta=4207.9s]
Training:  72%|███████▏  | 481152/672000 [2:54:20<1:07:45, 46.94step/s, avg_reward=-298.78, steps/s=46.0, act_ms=5.39, env_ms=19.25, upd_ms=62.84, eta=4149.0s]
Training:  72%|███████▏  | 481152/672000 [2:54:38<1:07:45, 46.94step/s, avg_reward=-298.78, steps/s=46.0, act_ms=5.39, env_ms=19.25, upd_ms=62.84, eta=4149.0s]
Training:  72%|███████▏  | 483840/672000 [2:55:17<1:07:00, 46.80step/s, avg_reward=-282.22, steps/s=46.0, act_ms=5.39, env_ms=19.26, upd_ms=62.82, eta=4090.3s]
Training:  72%|███████▏  | 483840/672000 [2:55:28<1:07:00, 46.80step/s, avg_reward=-282.22, steps/s=46.0, act_ms=5.39, env_ms=19.26, upd_ms=62.82, eta=4090.3s]
Training:  72%|███████▏  | 486528/672000 [2:56:14<1:05:47, 46.98step/s, avg_reward=-286.13, steps/s=46.0, act_ms=5.39, env_ms=19.26, upd_ms=62.81, eta=4031.2s]
Training:  72%|███████▏  | 486528/672000 [2:56:28<1:05:47, 46.98step/s, avg_reward=-286.13, steps/s=46.0, act_ms=5.39, env_ms=19.26, upd_ms=62.81, eta=4031.2s]
Training:  73%|███████▎  | 489216/672000 [2:57:12<1:05:13, 46.71step/s, avg_reward=-280.29, steps/s=46.0, act_ms=5.38, env_ms=19.26, upd_ms=62.80, eta=3972.7s]
Training:  73%|███████▎  | 489216/672000 [2:57:28<1:05:13, 46.71step/s, avg_reward=-280.29, steps/s=46.0, act_ms=5.38, env_ms=19.26, upd_ms=62.80, eta=3972.7s]
Training:  73%|███████▎  | 491904/672000 [2:58:10<1:04:14, 46.72step/s, avg_reward=-294.21, steps/s=46.0, act_ms=5.38, env_ms=19.27, upd_ms=62.79, eta=3914.0s]
Training:  73%|███████▎  | 491904/672000 [2:58:28<1:04:14, 46.72step/s, avg_reward=-294.21, steps/s=46.0, act_ms=5.38, env_ms=19.27, upd_ms=62.79, eta=3914.0s]
Training:  74%|███████▎  | 494592/672000 [2:59:07<1:03:00, 46.93step/s, avg_reward=-297.63, steps/s=46.0, act_ms=5.38, env_ms=19.27, upd_ms=62.77, eta=3854.9s]
Training:  74%|███████▎  | 494592/672000 [2:59:18<1:03:00, 46.93step/s, avg_reward=-297.63, steps/s=46.0, act_ms=5.38, env_ms=19.27, upd_ms=62.77, eta=3854.9s]
Training:  74%|███████▍  | 497280/672000 [3:00:05<1:02:22, 46.68step/s, avg_reward=-299.08, steps/s=46.0, act_ms=5.37, env_ms=19.28, upd_ms=62.77, eta=3796.5s]
Training:  74%|███████▍  | 497280/672000 [3:00:18<1:02:22, 46.68step/s, avg_reward=-299.08, steps/s=46.0, act_ms=5.37, env_ms=19.28, upd_ms=62.77, eta=3796.5s]
Training:  74%|███████▍  | 499968/672000 [3:01:03<1:01:26, 46.67step/s, avg_reward=-295.90, steps/s=46.0, act_ms=5.37, env_ms=19.28, upd_ms=62.76, eta=3737.8s]
Training:  74%|███████▍  | 499968/672000 [3:01:18<1:01:26, 46.67step/s, avg_reward=-295.90, steps/s=46.0, act_ms=5.37, env_ms=19.28, upd_ms=62.76, eta=3737.8s]
Training:  75%|███████▍  | 502656/672000 [3:01:59<1:00:15, 46.84step/s, avg_reward=-271.71, steps/s=46.0, act_ms=5.37, env_ms=19.28, upd_ms=62.75, eta=3678.9s]
Training:  75%|███████▍  | 502656/672000 [3:02:18<1:00:15, 46.84step/s, avg_reward=-271.71, steps/s=46.0, act_ms=5.37, env_ms=19.28, upd_ms=62.75, eta=3678.9s]
Training:  75%|███████▌  | 505344/672000 [3:02:57<59:21, 46.79step/s, avg_reward=-263.09, steps/s=46.0, act_ms=5.36, env_ms=19.28, upd_ms=62.74, eta=3620.2s]  
Training:  75%|███████▌  | 505344/672000 [3:03:08<59:21, 46.79step/s, avg_reward=-263.09, steps/s=46.0, act_ms=5.36, env_ms=19.28, upd_ms=62.74, eta=3620.2s]
Training:  76%|███████▌  | 508032/672000 [3:03:56<58:51, 46.42step/s, avg_reward=-247.58, steps/s=46.0, act_ms=5.36, env_ms=19.29, upd_ms=62.73, eta=3562.0s]
Training:  76%|███████▌  | 508032/672000 [3:04:08<58:51, 46.42step/s, avg_reward=-247.58, steps/s=46.0, act_ms=5.36, env_ms=19.29, upd_ms=62.73, eta=3562.0s]
Training:  76%|███████▌  | 510720/672000 [3:04:53<57:39, 46.63step/s, avg_reward=-272.47, steps/s=46.0, act_ms=5.36, env_ms=19.30, upd_ms=62.71, eta=3503.2s]
Training:  76%|███████▌  | 510720/672000 [3:05:08<57:39, 46.63step/s, avg_reward=-272.47, steps/s=46.0, act_ms=5.36, env_ms=19.30, upd_ms=62.71, eta=3503.2s]
Training:  76%|███████▋  | 513408/672000 [3:05:51<56:41, 46.63step/s, avg_reward=-301.92, steps/s=46.0, act_ms=5.35, env_ms=19.30, upd_ms=62.71, eta=3444.6s]
Training:  76%|███████▋  | 513408/672000 [3:06:08<56:41, 46.63step/s, avg_reward=-301.92, steps/s=46.0, act_ms=5.35, env_ms=19.30, upd_ms=62.71, eta=3444.6s]
Training:  77%|███████▋  | 516096/672000 [3:06:47<55:15, 47.02step/s, avg_reward=-309.99, steps/s=46.1, act_ms=5.35, env_ms=19.30, upd_ms=62.69, eta=3385.5s]
Training:  77%|███████▋  | 516096/672000 [3:06:58<55:15, 47.02step/s, avg_reward=-309.99, steps/s=46.1, act_ms=5.35, env_ms=19.30, upd_ms=62.69, eta=3385.5s]
Training:  77%|███████▋  | 518784/672000 [3:07:45<54:31, 46.83step/s, avg_reward=-290.38, steps/s=46.1, act_ms=5.35, env_ms=19.30, upd_ms=62.68, eta=3327.0s]
Training:  77%|███████▋  | 518784/672000 [3:07:59<54:31, 46.83step/s, avg_reward=-290.38, steps/s=46.1, act_ms=5.35, env_ms=19.30, upd_ms=62.68, eta=3327.0s]
Training:  78%|███████▊  | 521472/672000 [3:08:41<53:21, 47.02step/s, avg_reward=-306.73, steps/s=46.1, act_ms=5.35, env_ms=19.31, upd_ms=62.66, eta=3268.1s]
Training:  78%|███████▊  | 521472/672000 [3:08:59<53:21, 47.02step/s, avg_reward=-306.73, steps/s=46.1, act_ms=5.35, env_ms=19.31, upd_ms=62.66, eta=3268.1s]
Training:  78%|███████▊  | 524160/672000 [3:09:38<52:16, 47.13step/s, avg_reward=-298.81, steps/s=46.1, act_ms=5.34, env_ms=19.31, upd_ms=62.65, eta=3209.3s]
Training:  78%|███████▊  | 524160/672000 [3:09:49<52:16, 47.13step/s, avg_reward=-298.81, steps/s=46.1, act_ms=5.34, env_ms=19.31, upd_ms=62.65, eta=3209.3s]
Training:  78%|███████▊  | 526848/672000 [3:10:35<51:25, 47.05step/s, avg_reward=-301.56, steps/s=46.1, act_ms=5.34, env_ms=19.31, upd_ms=62.64, eta=3150.7s]
Training:  78%|███████▊  | 526848/672000 [3:10:49<51:25, 47.05step/s, avg_reward=-301.56, steps/s=46.1, act_ms=5.34, env_ms=19.31, upd_ms=62.64, eta=3150.7s]
Training:  79%|███████▉  | 529536/672000 [3:11:33<50:31, 47.00step/s, avg_reward=-285.51, steps/s=46.1, act_ms=5.34, env_ms=19.31, upd_ms=62.63, eta=3092.1s]
Training:  79%|███████▉  | 529536/672000 [3:11:49<50:31, 47.00step/s, avg_reward=-285.51, steps/s=46.1, act_ms=5.34, env_ms=19.31, upd_ms=62.63, eta=3092.1s]
Training:  79%|███████▉  | 532224/672000 [3:12:31<49:46, 46.80step/s, avg_reward=-275.55, steps/s=46.1, act_ms=5.33, env_ms=19.32, upd_ms=62.62, eta=3033.6s]
Training:  79%|███████▉  | 532224/672000 [3:12:49<49:46, 46.80step/s, avg_reward=-275.55, steps/s=46.1, act_ms=5.33, env_ms=19.32, upd_ms=62.62, eta=3033.6s]
Training:  80%|███████▉  | 534912/672000 [3:13:28<48:48, 46.80step/s, avg_reward=-283.44, steps/s=46.1, act_ms=5.33, env_ms=19.32, upd_ms=62.61, eta=2975.1s]
Training:  80%|███████▉  | 534912/672000 [3:13:39<48:48, 46.80step/s, avg_reward=-283.44, steps/s=46.1, act_ms=5.33, env_ms=19.32, upd_ms=62.61, eta=2975.1s]
Training:  80%|████████  | 537600/672000 [3:14:25<47:41, 46.96step/s, avg_reward=-266.04, steps/s=46.1, act_ms=5.33, env_ms=19.32, upd_ms=62.60, eta=2916.3s]
Training:  80%|████████  | 537600/672000 [3:14:39<47:41, 46.96step/s, avg_reward=-266.04, steps/s=46.1, act_ms=5.33, env_ms=19.32, upd_ms=62.60, eta=2916.3s]
Training:  80%|████████  | 540288/672000 [3:15:22<46:43, 46.99step/s, avg_reward=-285.81, steps/s=46.1, act_ms=5.32, env_ms=19.32, upd_ms=62.59, eta=2857.7s]
Training:  80%|████████  | 540288/672000 [3:15:39<46:43, 46.99step/s, avg_reward=-285.81, steps/s=46.1, act_ms=5.32, env_ms=19.32, upd_ms=62.59, eta=2857.7s]
Training:  81%|████████  | 542976/672000 [3:16:19<45:42, 47.05step/s, avg_reward=-281.61, steps/s=46.1, act_ms=5.32, env_ms=19.33, upd_ms=62.57, eta=2799.1s]
Training:  81%|████████  | 542976/672000 [3:16:39<45:42, 47.05step/s, avg_reward=-281.61, steps/s=46.1, act_ms=5.32, env_ms=19.33, upd_ms=62.57, eta=2799.1s]
Training:  81%|████████  | 545664/672000 [3:17:17<44:52, 46.93step/s, avg_reward=-262.56, steps/s=46.1, act_ms=5.32, env_ms=19.33, upd_ms=62.56, eta=2740.6s]
Training:  81%|████████  | 545664/672000 [3:17:29<44:52, 46.93step/s, avg_reward=-262.56, steps/s=46.1, act_ms=5.32, env_ms=19.33, upd_ms=62.56, eta=2740.6s]
Training:  82%|████████▏ | 548352/672000 [3:18:14<43:56, 46.89step/s, avg_reward=-271.44, steps/s=46.1, act_ms=5.32, env_ms=19.34, upd_ms=62.55, eta=2682.1s]
Training:  82%|████████▏ | 548352/672000 [3:18:29<43:56, 46.89step/s, avg_reward=-271.44, steps/s=46.1, act_ms=5.32, env_ms=19.34, upd_ms=62.55, eta=2682.1s]
Training:  82%|████████▏ | 551040/672000 [3:19:12<43:01, 46.85step/s, avg_reward=-276.25, steps/s=46.1, act_ms=5.31, env_ms=19.34, upd_ms=62.54, eta=2623.6s]
Training:  82%|████████▏ | 551040/672000 [3:19:29<43:01, 46.85step/s, avg_reward=-276.25, steps/s=46.1, act_ms=5.31, env_ms=19.34, upd_ms=62.54, eta=2623.6s]
Training:  82%|████████▏ | 553728/672000 [3:20:09<42:02, 46.89step/s, avg_reward=-290.55, steps/s=46.1, act_ms=5.31, env_ms=19.34, upd_ms=62.53, eta=2565.1s]
Training:  82%|████████▏ | 553728/672000 [3:20:19<42:02, 46.89step/s, avg_reward=-290.55, steps/s=46.1, act_ms=5.31, env_ms=19.34, upd_ms=62.53, eta=2565.1s]
Training:  83%|████████▎ | 556416/672000 [3:21:06<41:05, 46.89step/s, avg_reward=-294.52, steps/s=46.1, act_ms=5.31, env_ms=19.35, upd_ms=62.52, eta=2506.6s]
Training:  83%|████████▎ | 556416/672000 [3:21:19<41:05, 46.89step/s, avg_reward=-294.52, steps/s=46.1, act_ms=5.31, env_ms=19.35, upd_ms=62.52, eta=2506.6s]
Training:  83%|████████▎ | 559104/672000 [3:22:03<40:07, 46.88step/s, avg_reward=-348.12, steps/s=46.1, act_ms=5.31, env_ms=19.35, upd_ms=62.51, eta=2448.1s]
Training:  83%|████████▎ | 559104/672000 [3:22:19<40:07, 46.88step/s, avg_reward=-348.12, steps/s=46.1, act_ms=5.31, env_ms=19.35, upd_ms=62.51, eta=2448.1s]
Training:  84%|████████▎ | 561792/672000 [3:23:00<39:02, 47.05step/s, avg_reward=-370.76, steps/s=46.1, act_ms=5.30, env_ms=19.36, upd_ms=62.49, eta=2389.5s]
Training:  84%|████████▎ | 561792/672000 [3:23:19<39:02, 47.05step/s, avg_reward=-370.76, steps/s=46.1, act_ms=5.30, env_ms=19.36, upd_ms=62.49, eta=2389.5s]
Training:  84%|████████▍ | 564480/672000 [3:23:58<38:12, 46.90step/s, avg_reward=-387.03, steps/s=46.1, act_ms=5.30, env_ms=19.36, upd_ms=62.48, eta=2331.1s]
Training:  84%|████████▍ | 564480/672000 [3:24:09<38:12, 46.90step/s, avg_reward=-387.03, steps/s=46.1, act_ms=5.30, env_ms=19.36, upd_ms=62.48, eta=2331.1s]
Training:  84%|████████▍ | 567168/672000 [3:24:54<37:02, 47.17step/s, avg_reward=-387.92, steps/s=46.1, act_ms=5.30, env_ms=19.36, upd_ms=62.46, eta=2272.5s]
Training:  84%|████████▍ | 567168/672000 [3:25:09<37:02, 47.17step/s, avg_reward=-387.92, steps/s=46.1, act_ms=5.30, env_ms=19.36, upd_ms=62.46, eta=2272.5s]
Training:  85%|████████▍ | 569856/672000 [3:25:51<36:10, 47.06step/s, avg_reward=-389.60, steps/s=46.1, act_ms=5.30, env_ms=19.36, upd_ms=62.46, eta=2214.0s]
Training:  85%|████████▍ | 569856/672000 [3:26:09<36:10, 47.06step/s, avg_reward=-389.60, steps/s=46.1, act_ms=5.30, env_ms=19.36, upd_ms=62.46, eta=2214.0s]
Training:  85%|████████▌ | 572544/672000 [3:26:49<35:20, 46.90step/s, avg_reward=-348.68, steps/s=46.1, act_ms=5.29, env_ms=19.37, upd_ms=62.45, eta=2155.7s]
Training:  85%|████████▌ | 572544/672000 [3:26:59<35:20, 46.90step/s, avg_reward=-348.68, steps/s=46.1, act_ms=5.29, env_ms=19.37, upd_ms=62.45, eta=2155.7s]
Training:  86%|████████▌ | 575232/672000 [3:27:47<34:25, 46.86step/s, avg_reward=-372.12, steps/s=46.1, act_ms=5.29, env_ms=19.37, upd_ms=62.43, eta=2097.3s]
Training:  86%|████████▌ | 575232/672000 [3:27:59<34:25, 46.86step/s, avg_reward=-372.12, steps/s=46.1, act_ms=5.29, env_ms=19.37, upd_ms=62.43, eta=2097.3s]
Training:  86%|████████▌ | 577920/672000 [3:28:44<33:22, 46.98step/s, avg_reward=-359.60, steps/s=46.1, act_ms=5.29, env_ms=19.38, upd_ms=62.42, eta=2038.8s]
Training:  86%|████████▌ | 577920/672000 [3:28:59<33:22, 46.98step/s, avg_reward=-359.60, steps/s=46.1, act_ms=5.29, env_ms=19.38, upd_ms=62.42, eta=2038.8s]
Training:  86%|████████▋ | 580608/672000 [3:29:41<32:28, 46.89step/s, avg_reward=-330.40, steps/s=46.1, act_ms=5.29, env_ms=19.38, upd_ms=62.42, eta=1980.4s]
Training:  86%|████████▋ | 580608/672000 [3:29:59<32:28, 46.89step/s, avg_reward=-330.40, steps/s=46.1, act_ms=5.29, env_ms=19.38, upd_ms=62.42, eta=1980.4s]
Training:  87%|████████▋ | 583296/672000 [3:30:39<31:37, 46.75step/s, avg_reward=-339.78, steps/s=46.1, act_ms=5.28, env_ms=19.38, upd_ms=62.41, eta=1922.1s]
Training:  87%|████████▋ | 583296/672000 [3:30:49<31:37, 46.75step/s, avg_reward=-339.78, steps/s=46.1, act_ms=5.28, env_ms=19.38, upd_ms=62.41, eta=1922.1s]
Training:  87%|████████▋ | 585984/672000 [3:31:37<30:43, 46.65step/s, avg_reward=-320.16, steps/s=46.1, act_ms=5.28, env_ms=19.38, upd_ms=62.40, eta=1863.8s]
Training:  87%|████████▋ | 585984/672000 [3:31:50<30:43, 46.65step/s, avg_reward=-320.16, steps/s=46.1, act_ms=5.28, env_ms=19.38, upd_ms=62.40, eta=1863.8s]
Training:  88%|████████▊ | 588672/672000 [3:32:34<29:36, 46.90step/s, avg_reward=-328.32, steps/s=46.2, act_ms=5.28, env_ms=19.38, upd_ms=62.39, eta=1805.4s]
Training:  88%|████████▊ | 588672/672000 [3:32:50<29:36, 46.90step/s, avg_reward=-328.32, steps/s=46.2, act_ms=5.28, env_ms=19.38, upd_ms=62.39, eta=1805.4s]
Training:  88%|████████▊ | 591360/672000 [3:33:30<28:33, 47.06step/s, avg_reward=-291.55, steps/s=46.2, act_ms=5.28, env_ms=19.39, upd_ms=62.38, eta=1746.9s]
Training:  88%|████████▊ | 591360/672000 [3:33:50<28:33, 47.06step/s, avg_reward=-291.55, steps/s=46.2, act_ms=5.28, env_ms=19.39, upd_ms=62.38, eta=1746.9s]
Training:  88%|████████▊ | 594048/672000 [3:34:27<27:35, 47.07step/s, avg_reward=-275.39, steps/s=46.2, act_ms=5.27, env_ms=19.39, upd_ms=62.37, eta=1688.5s]
Training:  88%|████████▊ | 594048/672000 [3:34:40<27:35, 47.07step/s, avg_reward=-275.39, steps/s=46.2, act_ms=5.27, env_ms=19.39, upd_ms=62.37, eta=1688.5s]
Training:  89%|████████▉ | 596736/672000 [3:35:24<26:34, 47.21step/s, avg_reward=-243.93, steps/s=46.2, act_ms=5.27, env_ms=19.39, upd_ms=62.36, eta=1630.1s]
Training:  89%|████████▉ | 596736/672000 [3:35:40<26:34, 47.21step/s, avg_reward=-243.93, steps/s=46.2, act_ms=5.27, env_ms=19.39, upd_ms=62.36, eta=1630.1s]
Training:  89%|████████▉ | 599424/672000 [3:36:22<25:45, 46.97step/s, avg_reward=-239.10, steps/s=46.2, act_ms=5.27, env_ms=19.39, upd_ms=62.35, eta=1571.8s]
Training:  89%|████████▉ | 599424/672000 [3:36:40<25:45, 46.97step/s, avg_reward=-239.10, steps/s=46.2, act_ms=5.27, env_ms=19.39, upd_ms=62.35, eta=1571.8s]
Training:  90%|████████▉ | 602112/672000 [3:37:19<24:46, 47.02step/s, avg_reward=-258.71, steps/s=46.2, act_ms=5.27, env_ms=19.39, upd_ms=62.34, eta=1513.5s]
Training:  90%|████████▉ | 602112/672000 [3:37:30<24:46, 47.02step/s, avg_reward=-258.71, steps/s=46.2, act_ms=5.27, env_ms=19.39, upd_ms=62.34, eta=1513.5s]
Training:  90%|█████████ | 604800/672000 [3:38:15<23:43, 47.21step/s, avg_reward=-266.34, steps/s=46.2, act_ms=5.27, env_ms=19.39, upd_ms=62.33, eta=1455.1s]
Training:  90%|█████████ | 604800/672000 [3:38:30<23:43, 47.21step/s, avg_reward=-266.34, steps/s=46.2, act_ms=5.27, env_ms=19.39, upd_ms=62.33, eta=1455.1s]
Training:  90%|█████████ | 607488/672000 [3:39:13<22:52, 47.01step/s, avg_reward=-268.21, steps/s=46.2, act_ms=5.26, env_ms=19.40, upd_ms=62.33, eta=1396.8s]
Training:  90%|█████████ | 607488/672000 [3:39:30<22:52, 47.01step/s, avg_reward=-268.21, steps/s=46.2, act_ms=5.26, env_ms=19.40, upd_ms=62.33, eta=1396.8s]
Training:  91%|█████████ | 610176/672000 [3:40:10<21:56, 46.96step/s, avg_reward=-288.56, steps/s=46.2, act_ms=5.26, env_ms=19.40, upd_ms=62.32, eta=1338.5s]
Training:  91%|█████████ | 610176/672000 [3:40:30<21:56, 46.96step/s, avg_reward=-288.56, steps/s=46.2, act_ms=5.26, env_ms=19.40, upd_ms=62.32, eta=1338.5s]
Training:  91%|█████████ | 612864/672000 [3:41:07<20:56, 47.07step/s, avg_reward=-305.21, steps/s=46.2, act_ms=5.26, env_ms=19.40, upd_ms=62.30, eta=1280.2s]
Training:  91%|█████████ | 612864/672000 [3:41:20<20:56, 47.07step/s, avg_reward=-305.21, steps/s=46.2, act_ms=5.26, env_ms=19.40, upd_ms=62.30, eta=1280.2s]
Training:  92%|█████████▏| 615552/672000 [3:42:04<20:00, 47.01step/s, avg_reward=-331.40, steps/s=46.2, act_ms=5.26, env_ms=19.40, upd_ms=62.30, eta=1221.9s]
Training:  92%|█████████▏| 615552/672000 [3:42:20<20:00, 47.01step/s, avg_reward=-331.40, steps/s=46.2, act_ms=5.26, env_ms=19.40, upd_ms=62.30, eta=1221.9s]
Training:  92%|█████████▏| 618240/672000 [3:43:02<19:04, 46.96step/s, avg_reward=-340.93, steps/s=46.2, act_ms=5.25, env_ms=19.41, upd_ms=62.29, eta=1163.7s]
Training:  92%|█████████▏| 618240/672000 [3:43:20<19:04, 46.96step/s, avg_reward=-340.93, steps/s=46.2, act_ms=5.25, env_ms=19.41, upd_ms=62.29, eta=1163.7s]
Training:  92%|█████████▏| 620928/672000 [3:44:00<18:13, 46.71step/s, avg_reward=-354.96, steps/s=46.2, act_ms=5.25, env_ms=19.41, upd_ms=62.29, eta=1105.5s]
Training:  92%|█████████▏| 620928/672000 [3:44:10<18:13, 46.71step/s, avg_reward=-354.96, steps/s=46.2, act_ms=5.25, env_ms=19.41, upd_ms=62.29, eta=1105.5s]
Training:  93%|█████████▎| 623616/672000 [3:44:57<17:13, 46.83step/s, avg_reward=-335.70, steps/s=46.2, act_ms=5.25, env_ms=19.41, upd_ms=62.28, eta=1047.2s]
Training:  93%|█████████▎| 623616/672000 [3:45:10<17:13, 46.83step/s, avg_reward=-335.70, steps/s=46.2, act_ms=5.25, env_ms=19.41, upd_ms=62.28, eta=1047.2s]
Training:  93%|█████████▎| 626304/672000 [3:45:54<16:14, 46.87step/s, avg_reward=-328.37, steps/s=46.2, act_ms=5.25, env_ms=19.41, upd_ms=62.27, eta=989.0s] 
Training:  93%|█████████▎| 626304/672000 [3:46:10<16:14, 46.87step/s, avg_reward=-328.37, steps/s=46.2, act_ms=5.25, env_ms=19.41, upd_ms=62.27, eta=989.0s]
Training:  94%|█████████▎| 628992/672000 [3:46:51<15:14, 47.03step/s, avg_reward=-317.49, steps/s=46.2, act_ms=5.24, env_ms=19.41, upd_ms=62.26, eta=930.7s]
Training:  94%|█████████▎| 628992/672000 [3:47:10<15:14, 47.03step/s, avg_reward=-317.49, steps/s=46.2, act_ms=5.24, env_ms=19.41, upd_ms=62.26, eta=930.7s]
Training:  94%|█████████▍| 631680/672000 [3:47:49<14:19, 46.94step/s, avg_reward=-327.32, steps/s=46.2, act_ms=5.24, env_ms=19.42, upd_ms=62.25, eta=872.5s]
Training:  94%|█████████▍| 631680/672000 [3:48:00<14:19, 46.94step/s, avg_reward=-327.32, steps/s=46.2, act_ms=5.24, env_ms=19.42, upd_ms=62.25, eta=872.5s]
Training:  94%|█████████▍| 634368/672000 [3:48:46<13:22, 46.88step/s, avg_reward=-326.10, steps/s=46.2, act_ms=5.24, env_ms=19.42, upd_ms=62.24, eta=814.3s]
Training:  94%|█████████▍| 634368/672000 [3:49:00<13:22, 46.88step/s, avg_reward=-326.10, steps/s=46.2, act_ms=5.24, env_ms=19.42, upd_ms=62.24, eta=814.3s]
Training:  95%|█████████▍| 637056/672000 [3:49:44<12:25, 46.84step/s, avg_reward=-330.05, steps/s=46.2, act_ms=5.24, env_ms=19.42, upd_ms=62.23, eta=756.1s]
Training:  95%|█████████▍| 637056/672000 [3:50:00<12:25, 46.84step/s, avg_reward=-330.05, steps/s=46.2, act_ms=5.24, env_ms=19.42, upd_ms=62.23, eta=756.1s]
Training:  95%|█████████▌| 639744/672000 [3:50:40<11:26, 46.98step/s, avg_reward=-325.01, steps/s=46.2, act_ms=5.24, env_ms=19.42, upd_ms=62.23, eta=697.9s]
Training:  95%|█████████▌| 639744/672000 [3:50:50<11:26, 46.98step/s, avg_reward=-325.01, steps/s=46.2, act_ms=5.24, env_ms=19.42, upd_ms=62.23, eta=697.9s]
Training:  96%|█████████▌| 642432/672000 [3:51:38<10:29, 46.95step/s, avg_reward=-349.37, steps/s=46.2, act_ms=5.23, env_ms=19.43, upd_ms=62.22, eta=639.7s]
Training:  96%|█████████▌| 642432/672000 [3:51:51<10:29, 46.95step/s, avg_reward=-349.37, steps/s=46.2, act_ms=5.23, env_ms=19.43, upd_ms=62.22, eta=639.7s]
Training:  96%|█████████▌| 645120/672000 [3:52:35<09:33, 46.88step/s, avg_reward=-343.12, steps/s=46.2, act_ms=5.23, env_ms=19.43, upd_ms=62.21, eta=581.5s]
Training:  96%|█████████▌| 645120/672000 [3:52:51<09:33, 46.88step/s, avg_reward=-343.12, steps/s=46.2, act_ms=5.23, env_ms=19.43, upd_ms=62.21, eta=581.5s]
Training:  96%|█████████▋| 647808/672000 [3:53:32<08:35, 46.97step/s, avg_reward=-348.75, steps/s=46.2, act_ms=5.23, env_ms=19.43, upd_ms=62.20, eta=523.3s]
Training:  96%|█████████▋| 647808/672000 [3:53:51<08:35, 46.97step/s, avg_reward=-348.75, steps/s=46.2, act_ms=5.23, env_ms=19.43, upd_ms=62.20, eta=523.3s]
Training:  97%|█████████▋| 650496/672000 [3:54:30<07:38, 46.85step/s, avg_reward=-326.88, steps/s=46.2, act_ms=5.23, env_ms=19.44, upd_ms=62.20, eta=465.1s]
Training:  97%|█████████▋| 650496/672000 [3:54:41<07:38, 46.85step/s, avg_reward=-326.88, steps/s=46.2, act_ms=5.23, env_ms=19.44, upd_ms=62.20, eta=465.1s]
Training:  97%|█████████▋| 653184/672000 [3:55:27<06:40, 46.92step/s, avg_reward=-336.73, steps/s=46.2, act_ms=5.23, env_ms=19.44, upd_ms=62.19, eta=407.0s]
Training:  97%|█████████▋| 653184/672000 [3:55:41<06:40, 46.92step/s, avg_reward=-336.73, steps/s=46.2, act_ms=5.23, env_ms=19.44, upd_ms=62.19, eta=407.0s]
Training:  98%|█████████▊| 655872/672000 [3:56:24<05:43, 46.94step/s, avg_reward=-338.57, steps/s=46.2, act_ms=5.22, env_ms=19.44, upd_ms=62.18, eta=348.8s]
Training:  98%|█████████▊| 655872/672000 [3:56:41<05:43, 46.94step/s, avg_reward=-338.57, steps/s=46.2, act_ms=5.22, env_ms=19.44, upd_ms=62.18, eta=348.8s]
Training:  98%|█████████▊| 658560/672000 [3:57:21<04:45, 47.07step/s, avg_reward=-338.39, steps/s=46.2, act_ms=5.22, env_ms=19.44, upd_ms=62.17, eta=290.6s]
Training:  98%|█████████▊| 658560/672000 [3:57:41<04:45, 47.07step/s, avg_reward=-338.39, steps/s=46.2, act_ms=5.22, env_ms=19.44, upd_ms=62.17, eta=290.6s]
Training:  98%|█████████▊| 661248/672000 [3:58:18<03:48, 47.12step/s, avg_reward=-364.69, steps/s=46.2, act_ms=5.22, env_ms=19.44, upd_ms=62.16, eta=232.5s]
Training:  98%|█████████▊| 661248/672000 [3:58:31<03:48, 47.12step/s, avg_reward=-364.69, steps/s=46.2, act_ms=5.22, env_ms=19.44, upd_ms=62.16, eta=232.5s]
Training:  99%|█████████▉| 663936/672000 [3:59:15<02:51, 47.03step/s, avg_reward=-354.34, steps/s=46.2, act_ms=5.22, env_ms=19.44, upd_ms=62.16, eta=174.4s]
Training:  99%|█████████▉| 663936/672000 [3:59:31<02:51, 47.03step/s, avg_reward=-354.34, steps/s=46.2, act_ms=5.22, env_ms=19.44, upd_ms=62.16, eta=174.4s]
Training:  99%|█████████▉| 666624/672000 [4:00:12<01:54, 47.07step/s, avg_reward=-364.30, steps/s=46.3, act_ms=5.21, env_ms=19.45, upd_ms=62.15, eta=116.2s]
Training:  99%|█████████▉| 666624/672000 [4:00:31<01:54, 47.07step/s, avg_reward=-364.30, steps/s=46.3, act_ms=5.21, env_ms=19.45, upd_ms=62.15, eta=116.2s]
Training: 100%|█████████▉| 669312/672000 [4:01:10<00:57, 47.01step/s, avg_reward=-361.85, steps/s=46.3, act_ms=5.21, env_ms=19.45, upd_ms=62.14, eta=58.1s] 
Training: 100%|█████████▉| 669312/672000 [4:01:21<00:57, 47.01step/s, avg_reward=-361.85, steps/s=46.3, act_ms=5.21, env_ms=19.45, upd_ms=62.14, eta=58.1s]
Training: 100%|██████████| 672000/672000 [4:02:07<00:00, 46.87step/s, avg_reward=-381.62, steps/s=46.3, act_ms=5.21, env_ms=19.45, upd_ms=62.14, eta=0.0s] 
Training: 100%|██████████| 672000/672000 [4:02:07<00:00, 46.26step/s, avg_reward=-381.62, steps/s=46.3, act_ms=5.21, env_ms=19.45, upd_ms=62.14, eta=0.0s]
